Component: ARM Compiler 5.06 update 5 (build 528) Tool: armlink [4d35e2]

==============================================================================

Section Cross References

    startup_stm32f750xx.o(STACK) refers (Special) to heapauxi.o(.text) for __use_two_region_memory
    startup_stm32f750xx.o(HEAP) refers (Special) to heapauxi.o(.text) for __use_two_region_memory
    startup_stm32f750xx.o(RESET) refers (Special) to heapauxi.o(.text) for __use_two_region_memory
    startup_stm32f750xx.o(RESET) refers to startup_stm32f750xx.o(STACK) for __initial_sp
    startup_stm32f750xx.o(RESET) refers to startup_stm32f750xx.o(.text) for Reset_Handler
    startup_stm32f750xx.o(RESET) refers to stm32f7xx_it.o(i.NMI_Handler) for NMI_Handler
    startup_stm32f750xx.o(RESET) refers to stm32f7xx_it.o(i.HardFault_Handler) for HardFault_Handler
    startup_stm32f750xx.o(RESET) refers to stm32f7xx_it.o(i.MemManage_Handler) for MemManage_Handler
    startup_stm32f750xx.o(RESET) refers to stm32f7xx_it.o(i.BusFault_Handler) for BusFault_Handler
    startup_stm32f750xx.o(RESET) refers to stm32f7xx_it.o(i.UsageFault_Handler) for UsageFault_Handler
    startup_stm32f750xx.o(RESET) refers to port.o(.emb_text) for SVC_Handler
    startup_stm32f750xx.o(RESET) refers to stm32f7xx_it.o(i.DebugMon_Handler) for DebugMon_Handler
    startup_stm32f750xx.o(RESET) refers to port.o(i.SysTick_Handler) for SysTick_Handler
    startup_stm32f750xx.o(RESET) refers to stm32f7xx_it.o(i.DMA1_Stream0_IRQHandler) for DMA1_Stream0_IRQHandler
    startup_stm32f750xx.o(RESET) refers to stm32f7xx_it.o(i.DMA1_Stream1_IRQHandler) for DMA1_Stream1_IRQHandler
    startup_stm32f750xx.o(RESET) refers to stm32f7xx_it.o(i.DMA1_Stream3_IRQHandler) for DMA1_Stream3_IRQHandler
    startup_stm32f750xx.o(RESET) refers to stm32f7xx_it.o(i.DMA1_Stream5_IRQHandler) for DMA1_Stream5_IRQHandler
    startup_stm32f750xx.o(RESET) refers to stm32f7xx_it.o(i.DMA1_Stream6_IRQHandler) for DMA1_Stream6_IRQHandler
    startup_stm32f750xx.o(RESET) refers to stm32f7xx_it.o(i.TIM1_UP_TIM10_IRQHandler) for TIM1_UP_TIM10_IRQHandler
    startup_stm32f750xx.o(RESET) refers to stm32f7xx_it.o(i.USART1_IRQHandler) for USART1_IRQHandler
    startup_stm32f750xx.o(RESET) refers to stm32f7xx_it.o(i.USART2_IRQHandler) for USART2_IRQHandler
    startup_stm32f750xx.o(RESET) refers to stm32f7xx_it.o(i.DMA1_Stream7_IRQHandler) for DMA1_Stream7_IRQHandler
    startup_stm32f750xx.o(RESET) refers to stm32f7xx_it.o(i.UART4_IRQHandler) for UART4_IRQHandler
    startup_stm32f750xx.o(RESET) refers to stm32f7xx_it.o(i.UART5_IRQHandler) for UART5_IRQHandler
    startup_stm32f750xx.o(RESET) refers to stm32f7xx_it.o(i.UART7_IRQHandler) for UART7_IRQHandler
    startup_stm32f750xx.o(RESET) refers to stm32f7xx_it.o(i.UART8_IRQHandler) for UART8_IRQHandler
    startup_stm32f750xx.o(.text) refers (Special) to heapauxi.o(.text) for __use_two_region_memory
    startup_stm32f750xx.o(.text) refers to system_stm32f7xx.o(i.SystemInit) for SystemInit
    startup_stm32f750xx.o(.text) refers to __main.o(!!!main) for __main
    startup_stm32f750xx.o(.text) refers to startup_stm32f750xx.o(HEAP) for Heap_Mem
    startup_stm32f750xx.o(.text) refers to startup_stm32f750xx.o(STACK) for Stack_Mem
    main.o(i.HAL_TIM_PeriodElapsedCallback) refers to stm32f7xx_hal.o(i.HAL_IncTick) for HAL_IncTick
    main.o(i.SystemClock_Config) refers to rt_memclr_w.o(.text) for __aeabi_memclr4
    main.o(i.SystemClock_Config) refers to stm32f7xx_hal_rcc.o(i.HAL_RCC_OscConfig) for HAL_RCC_OscConfig
    main.o(i.SystemClock_Config) refers to stm32f7xx_hal_pwr_ex.o(i.HAL_PWREx_EnableOverDrive) for HAL_PWREx_EnableOverDrive
    main.o(i.SystemClock_Config) refers to stm32f7xx_hal_rcc.o(i.HAL_RCC_ClockConfig) for HAL_RCC_ClockConfig
    main.o(i.main) refers to stm32f7xx_hal_cortex.o(i.HAL_MPU_Disable) for HAL_MPU_Disable
    main.o(i.main) refers to stm32f7xx_hal_cortex.o(i.HAL_MPU_ConfigRegion) for HAL_MPU_ConfigRegion
    main.o(i.main) refers to stm32f7xx_hal_cortex.o(i.HAL_MPU_Enable) for HAL_MPU_Enable
    main.o(i.main) refers to stm32f7xx_hal.o(i.HAL_Init) for HAL_Init
    main.o(i.main) refers to main.o(i.SystemClock_Config) for SystemClock_Config
    main.o(i.main) refers to gpio.o(i.MX_GPIO_Init) for MX_GPIO_Init
    main.o(i.main) refers to dma.o(i.MX_DMA_Init) for MX_DMA_Init
    main.o(i.main) refers to can.o(i.MX_CAN1_Init) for MX_CAN1_Init
    main.o(i.main) refers to usart.o(i.MX_UART4_Init) for MX_UART4_Init
    main.o(i.main) refers to usart.o(i.MX_UART5_Init) for MX_UART5_Init
    main.o(i.main) refers to usart.o(i.MX_UART7_Init) for MX_UART7_Init
    main.o(i.main) refers to usart.o(i.MX_UART8_Init) for MX_UART8_Init
    main.o(i.main) refers to usart.o(i.MX_USART1_UART_Init) for MX_USART1_UART_Init
    main.o(i.main) refers to usart.o(i.MX_USART2_UART_Init) for MX_USART2_UART_Init
    main.o(i.main) refers to usart.o(i.MX_USART3_UART_Init) for MX_USART3_UART_Init
[...]
    servo_state                              0x20000098   Data           4  servo.o(.data)
    huart                                    0x200000ac   Data           4  imu.o(.data)
    my_RX_sem                                0x200000be   Data           1  openmv.o(.data)
    My_QR_Handle                             0x20000128   Data          28  qr_code.o(.data)
    angle_pid_param                          0x20000148   Data          52  chassis.o(.data)
    angle_pid                                0x2000017c   Data          60  chassis.o(.data)
    MainTask_Priority                        0x200001b8   Data           4  my_tasks.o(.data)
    JT_TrackTask_Priority                    0x200001bc   Data           4  my_tasks.o(.data)
    ChassisTask_Priority                     0x200001c0   Data           4  my_tasks.o(.data)
    initOK                                   0x200001c8   Data           4  my_tasks.o(.data)
    MainTaskHandle                           0x200001cc   Data           4  my_tasks.o(.data)
    JT_TrackTaskHandle                       0x200001d0   Data           4  my_tasks.o(.data)
    ChassisTaskHandle                        0x200001d4   Data           4  my_tasks.o(.data)
    track_isOnLine                           0x200001d8   Data           1  application_jt.o(.data)
    e_current_height                         0x200001d9   Data           1  application_jt.o(.data)
    prohibit_switch                          0x200001dc   Data           4  application_jt.o(.data)
    prohibit_scan                            0x200001e0   Data           4  application_jt.o(.data)
    height_switch                            0x200001e4   Data           4  application_jt.o(.data)
    defaultTaskBuffer                        0x200001f0   Data         512  freertos.o(.bss)
    defaultTaskControlBlock                  0x200003f0   Data          84  freertos.o(.bss)
    hcan1                                    0x20000aec   Data          40  can.o(.bss)
    hcan2                                    0x20000b14   Data          40  can.o(.bss)
    huart4                                   0x20000b3c   Data         136  usart.o(.bss)
    huart5                                   0x20000bc4   Data         136  usart.o(.bss)
    huart7                                   0x20000c4c   Data         136  usart.o(.bss)
    huart8                                   0x20000cd4   Data         136  usart.o(.bss)
    huart1                                   0x20000d5c   Data         136  usart.o(.bss)
    huart2                                   0x20000de4   Data         136  usart.o(.bss)
    huart3                                   0x20000e6c   Data         136  usart.o(.bss)
    huart6                                   0x20000ef4   Data         136  usart.o(.bss)
    hdma_uart5_rx                            0x20000f7c   Data          96  usart.o(.bss)
    hdma_uart5_tx                            0x20000fdc   Data          96  usart.o(.bss)
    hdma_uart7_tx                            0x2000103c   Data          96  usart.o(.bss)
    hdma_uart7_rx                            0x2000109c   Data          96  usart.o(.bss)
    hdma_uart8_rx                            0x200010fc   Data          96  usart.o(.bss)
    hdma_usart2_rx                           0x2000115c   Data          96  usart.o(.bss)
    htim1                                    0x200011bc   Data          76  stm32f7xx_hal_timebase_tim.o(.bss)
    xQueueRegistry                           0x20001208   Data          64  queue.o(.bss)
    chassis                                  0x200017fc   Data          96  chassis.o(.bss)
    initOK_buffer                            0x2000185c   Data          24  my_tasks.o(.bss)
    MainTask_Buffer                          0x20001874   Data        2048  my_tasks.o(.bss)
    MainTask_TCB                             0x20002074   Data          84  my_tasks.o(.bss)
    JT_TrackTask_Buffer                      0x200020c8   Data        1024  my_tasks.o(.bss)
    JT_TrackTask_TCB                         0x200024c8   Data          84  my_tasks.o(.bss)
    ChassisTask_Buffer                       0x2000251c   Data        1024  my_tasks.o(.bss)
    ChassisTask_TCB                          0x2000291c   Data          84  my_tasks.o(.bss)
    __libspace_start                         0x20002970   Data          96  libspace.o(.bss)
    __temporary_stack_top$libspace           0x200029d0   Data           0  libspace.o(.bss)



==============================================================================

Memory Map of the image

  Image Entry point : 0x080001c9

  Load Region LR_IROM1 (Base: 0x08000000, Size: 0x0000dcb0, Max: 0x00010000, ABSOLUTE, COMPRESSED[0x0000db3c])

    Execution Region ER_IROM1 (Exec base: 0x08000000, Load base: 0x08000000, Size: 0x0000dac0, Max: 0x00010000, ABSOLUTE)

    Exec Addr    Load Addr    Size         Type   Attr      Idx    E Section Name        Object

    0x08000000   0x08000000   0x000001c8   Data   RO            3    RESET               startup_stm32f750xx.o
    0x080001c8   0x080001c8   0x00000008   Code   RO         7467  * !!!main             c_w.l(__main.o)
    0x080001d0   0x080001d0   0x00000034   Code   RO         7887    !!!scatter          c_w.l(__scatter.o)
    0x08000204   0x08000204   0x0000005a   Code   RO         7885    !!dczerorl2         c_w.l(__dczerorl2.o)
    0x0800025e   0x0800025e   0x00000002   PAD
    0x08000260   0x08000260   0x0000001c   Code   RO         7889    !!handler_zi        c_w.l(__scatter_zi.o)
    0x0800027c   0x0800027c   0x00000000   Code   RO         7607    .ARM.Collect$$_printf_percent$$00000000  c_w.l(_printf_percent.o)
    0x0800027c   0x0800027c   0x00000006   Code   RO         7596    .ARM.Collect$$_printf_percent$$00000001  c_w.l(_printf_n.o)
    0x08000282   0x08000282   0x00000006   Code   RO         7598    .ARM.Collect$$_printf_percent$$00000002  c_w.l(_printf_p.o)
    0x08000288   0x08000288   0x00000006   Code   RO         7603    .ARM.Collect$$_printf_percent$$00000003  c_w.l(_printf_f.o)
    0x0800028e   0x0800028e   0x00000006   Code   RO         7604    .ARM.Collect$$_printf_percent$$00000004  c_w.l(_printf_e.o)
    0x08000294   0x08000294   0x00000006   Code   RO         7605    .ARM.Collect$$_printf_percent$$00000005  c_w.l(_printf_g.o)
    0x0800029a   0x0800029a   0x00000006   Code   RO         7606    .ARM.Collect$$_printf_percent$$00000006  c_w.l(_printf_a.o)
    0x080002a0   0x080002a0   0x0000000a   Code   RO         7611    .ARM.Collect$$_printf_percent$$00000007  c_w.l(_printf_ll.o)
    0x080002aa   0x080002aa   0x00000006   Code   RO         7600    .ARM.Collect$$_printf_percent$$00000008  c_w.l(_printf_i.o)
    0x080002b0   0x080002b0   0x00000006   Code   RO         7601    .ARM.Collect$$_printf_percent$$00000009  c_w.l(_printf_d.o)
    0x080002b6   0x080002b6   0x00000006   Code   RO         7602    .ARM.Collect$$_printf_percent$$0000000A  c_w.l(_printf_u.o)
    0x080002bc   0x080002bc   0x00000006   Code   RO         7599    .ARM.Collect$$_printf_percent$$0000000B  c_w.l(_printf_o.o)
    0x080002c2   0x080002c2   0x00000006   Code   RO         7597    .ARM.Collect$$_printf_percent$$0000000C  c_w.l(_printf_x.o)
    0x080002c8   0x080002c8   0x00000006   Code   RO         7608    .ARM.Collect$$_printf_percent$$0000000D  c_w.l(_printf_lli.o)
    0x080002ce   0x080002ce   0x00000006   Code   RO         7609    .ARM.Collect$$_printf_percent$$0000000E  c_w.l(_printf_lld.o)
    0x080002d4   0x080002d4   0x00000006   Code   RO         7610    .ARM.Collect$$_printf_percent$$0000000F  c_w.l(_printf_llu.o)
    0x080002da   0x080002da   0x00000006   Code   RO         7615    .ARM.Collect$$_printf_percent$$00000010  c_w.l(_printf_llo.o)
    0x080002e0   0x080002e0   0x00000006   Code   RO         7616    .ARM.Collect$$_printf_percent$$00000011  c_w.l(_printf_llx.o)
    0x080002e6   0x080002e6   0x0000000a   Code   RO         7612    .ARM.Collect$$_printf_percent$$00000012  c_w.l(_printf_l.o)
    0x080002f0   0x080002f0   0x00000006   Code   RO         7594    .ARM.Collect$$_printf_percent$$00000013  c_w.l(_printf_c.o)
    0x080002f6   0x080002f6   0x00000006   Code   RO         7595    .ARM.Collect$$_printf_percent$$00000014  c_w.l(_printf_s.o)
    0x080002fc   0x080002fc   0x00000006   Code   RO         7613    .ARM.Collect$$_printf_percent$$00000015  c_w.l(_printf_lc.o)
    0x08000302   0x08000302   0x00000006   Code   RO         7614    .ARM.Collect$$_printf_percent$$00000016  c_w.l(_printf_ls.o)
    0x08000308   0x08000308   0x00000004   Code   RO         7691    .ARM.Collect$$_printf_percent$$00000017  c_w.l(_printf_percent_end.o)
    0x0800030c   0x0800030c   0x00000002   Code   RO         7749    .ARM.Collect$$libinit$$00000000  c_w.l(libinit.o)
    0x0800030e   0x0800030e   0x00000004   Code   RO         7767    .ARM.Collect$$libinit$$00000001  c_w.l(libinit2.o)
    0x08000312   0x08000312   0x00000000   Code   RO         7770    .ARM.Collect$$libinit$$00000004  c_w.l(libinit2.o)
    0x08000312   0x08000312   0x00000000   Code   RO         7773    .ARM.Collect$$libinit$$0000000A  c_w.l(libinit2.o)
    0x08000312   0x08000312   0x00000000   Code   RO         7775    .ARM.Collect$$libinit$$0000000C  c_w.l(libinit2.o)
    0x08000312   0x08000312   0x00000000   Code   RO         7777    .ARM.Collect$$libinit$$0000000E  c_w.l(libinit2.o)
    0x08000312   0x08000312   0x00000006   Code   RO         7778    .ARM.Collect$$libinit$$0000000F  c_w.l(libinit2.o)
    0x08000318   0x08000318   0x00000000   Code   RO         7780    .ARM.Collect$$libinit$$00000011  c_w.l(libinit2.o)
    0x08000318   0x08000318   0x0000000c   Code   RO         7781    .ARM.Collect$$libinit$$00000012  c_w.l(libinit2.o)
    0x08000324   0x08000324   0x00000000   Code   RO         7782    .ARM.Collect$$libinit$$00000013  c_w.l(libinit2.o)
    0x08000324   0x08000324   0x00000000   Code   RO         7784    .ARM.Collect$$libinit$$00000015  c_w.l(libinit2.o)
    0x08000324   0x08000324   0x0000000a   Code   RO         7785    .ARM.Collect$$libinit$$00000016  c_w.l(libinit2.o)
    0x0800032e   0x0800032e   0x00000000   Code   RO         7786    .ARM.Collect$$libinit$$00000017  c_w.l(libinit2.o)
    0x0800032e   0x0800032e   0x00000000   Code   RO         7788    .ARM.Collect$$libinit$$00000019  c_w.l(libinit2.o)
    0x0800032e   0x0800032e   0x00000000   Code   RO         7790    .ARM.Collect$$libinit$$0000001B  c_w.l(libinit2.o)
    0x0800032e   0x0800032e   0x00000000   Code   RO         7792    .ARM.Collect$$libinit$$0000001D  c_w.l(libinit2.o)
    0x0800032e   0x0800032e   0x00000000   Code   RO         7794    .ARM.Collect$$libinit$$0000001F  c_w.l(libinit2.o)
    0x0800032e   0x0800032e   0x00000000   Code   RO         7796    .ARM.Collect$$libinit$$00000021  c_w.l(libinit2.o)
    0x0800032e   0x0800032e   0x00000000   Code   RO         7798    .ARM.Collect$$libinit$$00000023  c_w.l(libinit2.o)
    0x0800032e   0x0800032e   0x00000000   Code   RO         7800    .ARM.Collect$$libinit$$00000025  c_w.l(libinit2.o)
    0x0800032e   0x0800032e   0x00000000   Code   RO         7804    .ARM.Collect$$libinit$$0000002C  c_w.l(libinit2.o)
    0x0800032e   0x0800032e   0x00000000   Code   RO         7806    .ARM.Collect$$libinit$$0000002E  c_w.l(libinit2.o)
    0x0800032e   0x0800032e   0x00000000   Code   RO         7808    .ARM.Collect$$libinit$$00000030  c_w.l(libinit2.o)
    0x0800032e   0x0800032e   0x00000000   Code   RO         7810    .ARM.Collect$$libinit$$00000032  c_w.l(libinit2.o)
    0x0800032e   0x0800032e   0x00000002   Code   RO         7811    .ARM.Collect$$libinit$$00000033  c_w.l(libinit2.o)
    0x08000330   0x08000330   0x00000002   Code   RO         7842    .ARM.Collect$$libshutdown$$00000000  c_w.l(libshutdown.o)
    0x08000332   0x08000332   0x00000000   Code   RO         7868    .ARM.Collect$$libshutdown$$00000002  c_w.l(libshutdown2.o)
    0x08000332   0x08000332   0x00000000   Code   RO         7870    .ARM.Collect$$libshutdown$$00000004  c_w.l(libshutdown2.o)
    0x08000332   0x08000332   0x00000000   Code   RO         7873    .ARM.Collect$$libshutdown$$00000007  c_w.l(libshutdown2.o)
    0x08000332   0x08000332   0x00000000   Code   RO         7876    .ARM.Collect$$libshutdown$$0000000A  c_w.l(libshutdown2.o)
    0x08000332   0x08000332   0x00000000   Code   RO         7878    .ARM.Collect$$libshutdown$$0000000C  c_w.l(libshutdown2.o)
    0x08000332   0x08000332   0x00000000   Code   RO         7881    .ARM.Collect$$libshutdown$$0000000F  c_w.l(libshutdown2.o)
    0x08000332   0x08000332   0x00000002   Code   RO         7882    .ARM.Collect$$libshutdown$$00000010  c_w.l(libshutdown2.o)
    0x08000334   0x08000334   0x00000000   Code   RO         7517    .ARM.Collect$$rtentry$$00000000  c_w.l(__rtentry.o)
    0x08000334   0x08000334   0x00000000   Code   RO         7655    .ARM.Collect$$rtentry$$00000002  c_w.l(__rtentry2.o)
    0x08000334   0x08000334   0x00000006   Code   RO         7667    .ARM.Collect$$rtentry$$00000004  c_w.l(__rtentry4.o)
    0x0800033a   0x0800033a   0x00000000   Code   RO         7657    .ARM.Collect$$rtentry$$00000009  c_w.l(__rtentry2.o)
    0x0800033a   0x0800033a   0x00000004   Code   RO         7658    .ARM.Collect$$rtentry$$0000000A  c_w.l(__rtentry2.o)
    0x0800033e   0x0800033e   0x00000000   Code   RO         7660    .ARM.Collect$$rtentry$$0000000C  c_w.l(__rtentry2.o)
    0x0800033e   0x0800033e   0x00000008   Code   RO         7661    .ARM.Collect$$rtentry$$0000000D  c_w.l(__rtentry2.o)
    0x08000346   0x08000346   0x00000002   Code   RO         7754    .ARM.Collect$$rtexit$$00000000  c_w.l(rtexit.o)
    0x08000348   0x08000348   0x00000000   Code   RO         7815    .ARM.Collect$$rtexit$$00000002  c_w.l(rtexit2.o)
    0x08000348   0x08000348   0x00000004   Code   RO         7816    .ARM.Collect$$rtexit$$00000003  c_w.l(rtexit2.o)
    0x0800034c   0x0800034c   0x00000006   Code   RO         7817    .ARM.Collect$$rtexit$$00000004  c_w.l(rtexit2.o)
    0x08000352   0x08000352   0x00000002   PAD
    0x08000354   0x08000354   0x000000c2   Code   RO         5332    .emb_text           port.o
    0x08000416   0x08000416   0x00000002   PAD
    0x08000418   0x08000418   0x00000040   Code   RO            4    .text               startup_stm32f750xx.o
    0x08000458   0x08000458   0x000000ee   Code   RO         7449    .text               c_w.l(lludivv7m.o)
    0x08000546   0x08000546   0x00000002   PAD
    0x08000548   0x08000548   0x00000034   Code   RO         7451    .text               c_w.l(vsnprintf.o)
    0x0800057c   0x0800057c   0x0000003e   Code   RO         7453    .text               c_w.l(strlen.o)
    0x080005ba   0x080005ba   0x0000008a   Code   RO         7455    .text               c_w.l(rt_memcpy_v6.o)
    0x08000644   0x08000644   0x00000064   Code   RO         7457    .text               c_w.l(rt_memcpy_w.o)
    0x080006a8   0x080006a8   0x00000010   Code   RO         7461    .text               c_w.l(aeabi_memset.o)
    0x080006b8   0x080006b8   0x0000004e   Code   RO         7463    .text               c_w.l(rt_memclr_w.o)
    0x08000706   0x08000706   0x00000006   Code   RO         7465    .text               c_w.l(heapauxi.o)
    0x0800070c   0x0800070c   0x00000016   Code   RO         7522    .text               c_w.l(_rserrno.o)
    0x08000722   0x08000722   0x0000004e   Code   RO         7526    .text               c_w.l(_printf_pad.o)
    0x08000770   0x08000770   0x00000024   Code   RO         7528    .text               c_w.l(_printf_truncate.o)
    0x08000794   0x08000794   0x00000052   Code   RO         7530    .text               c_w.l(_printf_str.o)
    0x080007e6   0x080007e6   0x00000002   PAD
    0x080007e8   0x080007e8   0x00000078   Code   RO         7532    .text               c_w.l(_printf_dec.o)
    0x08000860   0x08000860   0x00000028   Code   RO         7534    .text               c_w.l(_printf_charcount.o)
    0x08000888   0x08000888   0x00000030   Code   RO         7536    .text               c_w.l(_printf_char_common.o)
    0x080008b8   0x080008b8   0x0000000a   Code   RO         7538    .text               c_w.l(_sputc.o)
    0x080008c2   0x080008c2   0x00000010   Code   RO         7540    .text               c_w.l(_snputc.o)
    0x080008d2   0x080008d2   0x00000002   PAD
    0x080008d4   0x080008d4   0x000000bc   Code   RO         7542    .text               c_w.l(_printf_wctomb.o)
    0x08000990   0x08000990   0x0000007c   Code   RO         7545    .text               c_w.l(_printf_longlong_dec.o)
    0x08000a0c   0x08000a0c   0x00000070   Code   RO         7551    .text               c_w.l(_printf_oct_int_ll.o)
    0x08000a7c   0x08000a7c   0x00000094   Code   RO         7571    .text               c_w.l(_printf_hex_int_ll_ptr.o)
    0x08000b10   0x08000b10   0x00000188   Code   RO         7591    .text               c_w.l(__printf_flags_ss_wp.o)
    0x08000c98   0x08000c98   0x00000044   Code   RO         7617    .text               c_w.l(rt_memclr.o)
    0x08000cdc   0x08000cdc   0x00000008   Code   RO         7674    .text               c_w.l(rt_errno_addr_intlibspace.o)
    0x08000ce4   0x08000ce4   0x0000008a   Code   RO         7676    .text               c_w.l(lludiv10.o)
    0x08000d6e   0x08000d6e   0x000000b2   Code   RO         7678    .text               c_w.l(_printf_intcommon.o)
    0x08000e20   0x08000e20   0x0000041e   Code   RO         7680    .text               c_w.l(_printf_fp_dec.o)
    0x0800123e   0x0800123e   0x00000002   PAD
    0x08001240   0x08001240   0x000002fc   Code   RO         7682    .text               c_w.l(_printf_fp_hex.o)
    0x0800153c   0x0800153c   0x0000002c   Code   RO         7687    .text               c_w.l(_printf_char.o)
    0x08001568   0x08001568   0x0000002c   Code   RO         7689    .text               c_w.l(_printf_wchar.o)
    0x08001594   0x08001594   0x00000040   Code   RO         7692    .text               c_w.l(_wcrtomb.o)
    0x080015d4   0x080015d4   0x00000008   Code   RO         7696    .text               c_w.l(libspace.o)
    0x080015dc   0x080015dc   0x0000004a   Code   RO         7699    .text               c_w.l(sys_stackheap_outer.o)
    0x08001626   0x08001626   0x00000002   PAD
    0x08001628   0x08001628   0x00000010   Code   RO         7701    .text               c_w.l(rt_ctype_table.o)
    0x08001638   0x08001638   0x00000008   Code   RO         7706    .text               c_w.l(rt_locale_intlibspace.o)
    0x08001640   0x08001640   0x00000080   Code   RO         7708    .text               c_w.l(_printf_fp_infnan.o)
    0x080016c0   0x080016c0   0x000000e4   Code   RO         7710    .text               c_w.l(bigflt0.o)
    0x080017a4   0x080017a4   0x00000012   Code   RO         7738    .text               c_w.l(exit.o)
    0x080017b6   0x080017b6   0x00000002   PAD
    0x080017b8   0x080017b8   0x00000068   Code   RO         7765    .text               c_w.l(strcmpv7m_pel.o)
    0x08001820   0x08001820   0x0000000c   Code   RO         7812    .text               c_w.l(sys_exit.o)
    0x0800182c   0x0800182c   0x00000002   Code   RO         7831    .text               c_w.l(use_no_semi.o)
    0x0800182e   0x0800182e   0x00000000   Code   RO         7833    .text               c_w.l(indicate_semi.o)
    0x0800182e   0x0800182e   0x0000003e   Code   RO         7713    CL$$btod_d2e        c_w.l(btod.o)
    0x0800186c   0x0800186c   0x00000046   Code   RO         7715    CL$$btod_d2e_denorm_low  c_w.l(btod.o)
    0x080018b2   0x080018b2   0x00000060   Code   RO         7714    CL$$btod_d2e_norm_op1  c_w.l(btod.o)
    0x08001912   0x08001912   0x00000338   Code   RO         7723    CL$$btod_div_common  c_w.l(btod.o)
    0x08001c4a   0x08001c4a   0x000000dc   Code   RO         7720    CL$$btod_e2e        c_w.l(btod.o)
    0x08001d26   0x08001d26   0x0000002a   Code   RO         7717    CL$$btod_ediv       c_w.l(btod.o)
    0x08001d50   0x08001d50   0x0000002a   Code   RO         7716    CL$$btod_emul       c_w.l(btod.o)
    0x08001d7a   0x08001d7a   0x00000244   Code   RO         7722    CL$$btod_mult_common  c_w.l(btod.o)
    0x08001fbe   0x08001fbe   0x00000002   Code   RO          456    i.BusFault_Handler  stm32f7xx_it.o
    0x08001fc0   0x08001fc0   0x00000018   Code   RO         5617    i.Button1_Read      bsp.o
    0x08001fd8   0x08001fd8   0x00000018   Code   RO         5618    i.Button2_Read      bsp.o
    0x08001ff0   0x08001ff0   0x00000018   Code   RO         5619    i.Button3_Read      bsp.o
    0x08002008   0x08002008   0x00000036   Code   RO         5620    i.Button_waitPress  bsp.o
    0x0800203e   0x0800203e   0x000000de   Code   RO         6767    i.CK_dump           application_ck.o
    0x0800211c   0x0800211c   0x000000c0   Code   RO         6768    i.CK_put_Ring       application_ck.o
    0x080021dc   0x080021dc   0x0000000e   Code   RO         6769    i.CK_ready          application_ck.o
    0x080021ea   0x080021ea   0x00000022   Code   RO         6770    i.CK_run            application_ck.o
    0x0800220c   0x0800220c   0x000000d8   Code   RO         6833    i.CalibrateAngle_super  application_common.o
    0x080022e4   0x080022e4   0x00000040   Code   RO         6601    i.ChassisTask       my_tasks.o
    0x08002324   0x08002324   0x000000a8   Code   RO         5941    i.DBG_TrackBoard_print  trackboard.o
    0x080023cc   0x080023cc   0x0000000e   Code   RO         6037    i.DBG_openMV_get_data  openmv.o
    0x080023da   0x080023da   0x00000002   PAD
    0x080023dc   0x080023dc   0x0000000c   Code   RO          457    i.DMA1_Stream0_IRQHandler  stm32f7xx_it.o
    0x080023e8   0x080023e8   0x0000000c   Code   RO          458    i.DMA1_Stream1_IRQHandler  stm32f7xx_it.o
    0x080023f4   0x080023f4   0x0000000c   Code   RO          459    i.DMA1_Stream3_IRQHandler  stm32f7xx_it.o
    0x08002400   0x08002400   0x0000000c   Code   RO          460    i.DMA1_Stream5_IRQHandler  stm32f7xx_it.o
    0x0800240c   0x0800240c   0x0000000c   Code   RO          461    i.DMA1_Stream6_IRQHandler  stm32f7xx_it.o
    0x08002418   0x08002418   0x0000000c   Code   RO          462    i.DMA1_Stream7_IRQHandler  stm32f7xx_it.o
    0x08002424   0x08002424   0x00000028   Code   RO         2294    i.DMA_CalcBaseAndBitshift  stm32f7xx_hal_dma.o
    0x0800244c   0x0800244c   0x00000054   Code   RO         2295    i.DMA_CheckFifoParam  stm32f7xx_hal_dma.o
    0x080024a0   0x080024a0   0x00000028   Code   RO         2296    i.DMA_SetConfig     stm32f7xx_hal_dma.o
    0x080024c8   0x080024c8   0x00000002   Code   RO          463    i.DebugMon_Handler  stm32f7xx_it.o
    0x080024ca   0x080024ca   0x00000004   Code   RO           13    i.Error_Handler     main.o
    0x080024ce   0x080024ce   0x00000002   PAD
    0x080024d0   0x080024d0   0x0000009c   Code   RO         6927    i.GET_it            application_jt.o
    0x0800256c   0x0800256c   0x00000038   Code   RO         6243    i.Get_QR_Data       qr_code.o
    0x080025a4   0x080025a4   0x00000046   Code   RO         1650    i.HAL_CAN_AbortTxRequest  stm32f7xx_hal_can.o
    0x080025ea   0x080025ea   0x000000bc   Code   RO         1652    i.HAL_CAN_AddTxMessage  stm32f7xx_hal_can.o
    0x080026a6   0x080026a6   0x00000002   PAD
    0x080026a8   0x080026a8   0x0000010c   Code   RO         1653    i.HAL_CAN_ConfigFilter  stm32f7xx_hal_can.o
    0x080027b4   0x080027b4   0x0000011a   Code   RO         1664    i.HAL_CAN_Init      stm32f7xx_hal_can.o
    0x080028ce   0x080028ce   0x00000002   PAD
    0x080028d0   0x080028d0   0x000000dc   Code   RO          300    i.HAL_CAN_MspInit   can.o
    0x080029ac   0x080029ac   0x00000056   Code   RO         1676    i.HAL_CAN_Start     stm32f7xx_hal_can.o
    0x08002a02   0x08002a02   0x00000092   Code   RO         2297    i.HAL_DMA_Abort     stm32f7xx_hal_dma.o
    0x08002a94   0x08002a94   0x00000024   Code   RO         2298    i.HAL_DMA_Abort_IT  stm32f7xx_hal_dma.o
    0x08002ab8   0x08002ab8   0x000001a0   Code   RO         2302    i.HAL_DMA_IRQHandler  stm32f7xx_hal_dma.o
    0x08002c58   0x08002c58   0x000000d0   Code   RO         2303    i.HAL_DMA_Init      stm32f7xx_hal_dma.o
    0x08002d28   0x08002d28   0x00000078   Code   RO         2307    i.HAL_DMA_Start_IT  stm32f7xx_hal_dma.o
    0x08002da0   0x08002da0   0x00000024   Code   RO         2811    i.HAL_Delay         stm32f7xx_hal.o
    0x08002dc4   0x08002dc4   0x000001ec   Code   RO         2231    i.HAL_GPIO_Init     stm32f7xx_hal_gpio.o
    0x08002fb0   0x08002fb0   0x0000000a   Code   RO         2233    i.HAL_GPIO_ReadPin  stm32f7xx_hal_gpio.o
    0x08002fba   0x08002fba   0x00000010   Code   RO         2234    i.HAL_GPIO_TogglePin  stm32f7xx_hal_gpio.o
    0x08002fca   0x08002fca   0x0000000a   Code   RO         2235    i.HAL_GPIO_WritePin  stm32f7xx_hal_gpio.o
    0x08002fd4   0x08002fd4   0x0000000c   Code   RO         2819    i.HAL_GetTick       stm32f7xx_hal.o
    0x08002fe0   0x08002fe0   0x00000010   Code   RO         2825    i.HAL_IncTick       stm32f7xx_hal.o
    0x08002ff0   0x08002ff0   0x00000016   Code   RO         2826    i.HAL_Init          stm32f7xx_hal.o
    0x08003006   0x08003006   0x00000002   PAD
    0x08003008   0x08003008   0x0000008c   Code   RO          616    i.HAL_InitTick      stm32f7xx_hal_timebase_tim.o
    0x08003094   0x08003094   0x00000054   Code   RO         2657    i.HAL_MPU_ConfigRegion  stm32f7xx_hal_cortex.o
    0x080030e8   0x080030e8   0x0000001c   Code   RO         2658    i.HAL_MPU_Disable   stm32f7xx_hal_cortex.o
    0x08003104   0x08003104   0x00000024   Code   RO         2660    i.HAL_MPU_Enable    stm32f7xx_hal_cortex.o
    0x08003128   0x08003128   0x00000038   Code   RO          592    i.HAL_MspInit       stm32f7xx_hal_msp.o
    0x08003160   0x08003160   0x0000001a   Code   RO         2664    i.HAL_NVIC_EnableIRQ  stm32f7xx_hal_cortex.o
    0x0800317a   0x0800317a   0x00000002   PAD
    0x0800317c   0x0800317c   0x00000040   Code   RO         2670    i.HAL_NVIC_SetPriority  stm32f7xx_hal_cortex.o
    0x080031bc   0x080031bc   0x00000024   Code   RO         2671    i.HAL_NVIC_SetPriorityGrouping  stm32f7xx_hal_cortex.o
    0x080031e0   0x080031e0   0x0000006c   Code   RO         2571    i.HAL_PWREx_EnableOverDrive  stm32f7xx_hal_pwr_ex.o
    0x0800324c   0x0800324c   0x000004f8   Code   RO         1992    i.HAL_RCCEx_PeriphCLKConfig  stm32f7xx_hal_rcc_ex.o
    0x08003744   0x08003744   0x0000013c   Code   RO         1885    i.HAL_RCC_ClockConfig  stm32f7xx_hal_rcc.o
    0x08003880   0x08003880   0x00000040   Code   RO         1889    i.HAL_RCC_GetClockConfig  stm32f7xx_hal_rcc.o
    0x080038c0   0x080038c0   0x00000020   Code   RO         1892    i.HAL_RCC_GetPCLK1Freq  stm32f7xx_hal_rcc.o
    0x080038e0   0x080038e0   0x00000020   Code   RO         1893    i.HAL_RCC_GetPCLK2Freq  stm32f7xx_hal_rcc.o
    0x08003900   0x08003900   0x00000060   Code   RO         1894    i.HAL_RCC_GetSysClockFreq  stm32f7xx_hal_rcc.o
    0x08003960   0x08003960   0x0000036c   Code   RO         1897    i.HAL_RCC_OscConfig  stm32f7xx_hal_rcc.o
    0x08003ccc   0x08003ccc   0x00000002   Code   RO         1371    i.HAL_TIMEx_Break2Callback  stm32f7xx_hal_tim_ex.o
    0x08003cce   0x08003cce   0x00000002   Code   RO         1372    i.HAL_TIMEx_BreakCallback  stm32f7xx_hal_tim_ex.o
    0x08003cd0   0x08003cd0   0x00000002   Code   RO         1373    i.HAL_TIMEx_CommutCallback  stm32f7xx_hal_tim_ex.o
    0x08003cd2   0x08003cd2   0x00000062   Code   RO          657    i.HAL_TIM_Base_Init  stm32f7xx_hal_tim.o
    0x08003d34   0x08003d34   0x00000002   Code   RO          659    i.HAL_TIM_Base_MspInit  stm32f7xx_hal_tim.o
    0x08003d36   0x08003d36   0x00000002   PAD
    0x08003d38   0x08003d38   0x0000008c   Code   RO          662    i.HAL_TIM_Base_Start_IT  stm32f7xx_hal_tim.o
    0x08003dc4   0x08003dc4   0x00000002   Code   RO          691    i.HAL_TIM_IC_CaptureCallback  stm32f7xx_hal_tim.o
    0x08003dc6   0x08003dc6   0x0000014a   Code   RO          705    i.HAL_TIM_IRQHandler  stm32f7xx_hal_tim.o
    0x08003f10   0x08003f10   0x00000002   Code   RO          708    i.HAL_TIM_OC_DelayElapsedCallback  stm32f7xx_hal_tim.o
    0x08003f12   0x08003f12   0x00000002   Code   RO          735    i.HAL_TIM_PWM_PulseFinishedCallback  stm32f7xx_hal_tim.o
    0x08003f14   0x08003f14   0x00000014   Code   RO           14    i.HAL_TIM_PeriodElapsedCallback  main.o
    0x08003f28   0x08003f28   0x00000002   Code   RO          748    i.HAL_TIM_TriggerCallback  stm32f7xx_hal_tim.o
    0x08003f2a   0x08003f2a   0x00000052   Code   RO         3984    i.HAL_UARTEx_ReceiveToIdle_DMA  stm32f7xx_hal_uart_ex.o
    0x08003f7c   0x08003f7c   0x00000070   Code   RO         5710    i.HAL_UARTEx_RxEventCallback  my_it.o
    0x08003fec   0x08003fec   0x00000002   Code   RO         3599    i.HAL_UART_AbortCpltCallback  stm32f7xx_hal_uart.o
    0x08003fee   0x08003fee   0x00000002   Code   RO         3601    i.HAL_UART_AbortReceiveCpltCallback  stm32f7xx_hal_uart.o
    0x08003ff0   0x08003ff0   0x000000b4   Code   RO         3602    i.HAL_UART_AbortReceive_IT  stm32f7xx_hal_uart.o
    0x080040a4   0x080040a4   0x00000108   Code   RO         3606    i.HAL_UART_Abort_IT  stm32f7xx_hal_uart.o
    0x080041ac   0x080041ac   0x00000038   Code   RO         5711    i.HAL_UART_ErrorCallback  my_it.o
    0x080041e4   0x080041e4   0x0000000a   Code   RO         3615    i.HAL_UART_GetState  stm32f7xx_hal_uart.o
    0x080041ee   0x080041ee   0x00000002   PAD
    0x080041f0   0x080041f0   0x00000298   Code   RO         3616    i.HAL_UART_IRQHandler  stm32f7xx_hal_uart.o
    0x08004488   0x08004488   0x00000066   Code   RO         3617    i.HAL_UART_Init     stm32f7xx_hal_uart.o
    0x080044ee   0x080044ee   0x00000002   PAD
    0x080044f0   0x080044f0   0x000004f8   Code   RO          373    i.HAL_UART_MspInit  usart.o
    0x080049e8   0x080049e8   0x0000003c   Code   RO         3622    i.HAL_UART_Receive_IT  stm32f7xx_hal_uart.o
    0x08004a24   0x08004a24   0x00000018   Code   RO         5712    i.HAL_UART_RxCpltCallback  my_it.o
    0x08004a3c   0x08004a3c   0x00000002   Code   RO         5713    i.HAL_UART_RxHalfCpltCallback  my_it.o
    0x08004a3e   0x08004a3e   0x000000a8   Code   RO         3626    i.HAL_UART_Transmit  stm32f7xx_hal_uart.o
    0x08004ae6   0x08004ae6   0x00000002   PAD
    0x08004ae8   0x08004ae8   0x0000008c   Code   RO         3627    i.HAL_UART_Transmit_DMA  stm32f7xx_hal_uart.o
    0x08004b74   0x08004b74   0x00000002   Code   RO         5714    i.HAL_UART_TxCpltCallback  my_it.o
    0x08004b76   0x08004b76   0x00000002   Code   RO         5715    i.HAL_UART_TxHalfCpltCallback  my_it.o
    0x08004b78   0x08004b78   0x000000de   Code   RO         6894    i.HOME_run          application_home.o
    0x08004c56   0x08004c56   0x00000002   PAD
    0x08004c58   0x08004c58   0x00000054   Code   RO         6117    i.HW_test           hw.o
    0x08004cac   0x08004cac   0x00000002   Code   RO          464    i.HardFault_Handler  stm32f7xx_it.o
    0x08004cae   0x08004cae   0x00000002   PAD
    0x08004cb0   0x08004cb0   0x00000058   Code   RO         6602    i.JT_TrackTask      my_tasks.o
    0x08004d08   0x08004d08   0x00000084   Code   RO         6928    i.JT_TrackTask_process  application_jt.o
    0x08004d8c   0x08004d8c   0x00000014   Code   RO         6603    i.JT_Track_start    my_tasks.o
    0x08004da0   0x08004da0   0x00000038   Code   RO         6604    i.JT_Track_stop     my_tasks.o
    0x08004dd8   0x08004dd8   0x00000104   Code   RO         6929    i.JT_positioning    application_jt.o
    0x08004edc   0x08004edc   0x00000070   Code   RO         6930    i.JT_ready          application_jt.o
    0x08004f4c   0x08004f4c   0x0000000e   Code   RO         6931    i.JT_run            application_jt.o
    0x08004f5a   0x08004f5a   0x00000002   PAD
    0x08004f5c   0x08004f5c   0x00000120   Code   RO         6932    i.JT_scan           application_jt.o
    0x0800507c   0x0800507c   0x00000084   Code   RO         5621    i.LED               bsp.o
    0x08005100   0x08005100   0x00000020   Code   RO         7021    i.LZ_getWhite       application_lz.o
    0x08005120   0x08005120   0x00000118   Code   RO         7022    i.LZ_positioning    application_lz.o
    0x08005238   0x08005238   0x0000003c   Code   RO         7023    i.LZ_ready          application_lz.o
    0x08005274   0x08005274   0x0000000e   Code   RO         7024    i.LZ_run            application_lz.o
    0x08005282   0x08005282   0x00000002   PAD
    0x08005284   0x08005284   0x00000190   Code   RO         7025    i.LZ_scan           application_lz.o
    0x08005414   0x08005414   0x0000003e   Code   RO         7026    i.LZ_towardsCenter  application_lz.o
    0x08005452   0x08005452   0x00000002   PAD
    0x08005454   0x08005454   0x00000044   Code   RO          301    i.MX_CAN1_Init      can.o
    0x08005498   0x08005498   0x00000044   Code   RO          302    i.MX_CAN2_Init      can.o
    0x080054dc   0x080054dc   0x0000007c   Code   RO          348    i.MX_DMA_Init       dma.o
    0x08005558   0x08005558   0x00000028   Code   RO          241    i.MX_FREERTOS_Init  freertos.o
    0x08005580   0x08005580   0x00000164   Code   RO          217    i.MX_GPIO_Init      gpio.o
    0x080056e4   0x080056e4   0x0000003c   Code   RO          374    i.MX_UART4_Init     usart.o
    0x08005720   0x08005720   0x0000003c   Code   RO          375    i.MX_UART5_Init     usart.o
    0x0800575c   0x0800575c   0x0000003c   Code   RO          376    i.MX_UART7_Init     usart.o
    0x08005798   0x08005798   0x0000003c   Code   RO          377    i.MX_UART8_Init     usart.o
    0x080057d4   0x080057d4   0x0000003c   Code   RO          378    i.MX_USART1_UART_Init  usart.o
    0x08005810   0x08005810   0x0000003c   Code   RO          379    i.MX_USART2_UART_Init  usart.o
    0x0800584c   0x0800584c   0x0000003c   Code   RO          380    i.MX_USART3_UART_Init  usart.o
    0x08005888   0x08005888   0x0000003c   Code   RO          381    i.MX_USART6_UART_Init  usart.o
    0x080058c4   0x080058c4   0x00000064   Code   RO         6605    i.MainTask          my_tasks.o
    0x08005928   0x08005928   0x00000002   Code   RO          465    i.MemManage_Handler  stm32f7xx_it.o
    0x0800592a   0x0800592a   0x00000002   Code   RO         5467    i.Motor_Basic_Init  motor_basic.o
    0x0800592c   0x0800592c   0x00000030   Code   RO         5468    i.Motor_Basic_Set_Speed_Var  motor_basic.o
    0x0800595c   0x0800595c   0x00000054   Code   RO         6159    i.Motor_Init        motor_application.o
    0x080059b0   0x080059b0   0x00000010   Code   RO         6160    i.Motor_LB_Set_Speed  motor_application.o
    0x080059c0   0x080059c0   0x00000010   Code   RO         6161    i.Motor_LF_Set_Speed  motor_application.o
    0x080059d0   0x080059d0   0x00000010   Code   RO         6162    i.Motor_RB_Set_Speed  motor_application.o
    0x080059e0   0x080059e0   0x00000010   Code   RO         6163    i.Motor_RF_Set_Speed  motor_application.o
    0x080059f0   0x080059f0   0x00000064   Code   RO         6164    i.Motor_Set_Speed   motor_application.o
    0x08005a54   0x08005a54   0x0000001c   Code   RO         5473    i.Motor_abord_All_TX  motor_basic.o
    0x08005a70   0x08005a70   0x00000038   Code   RO         5413    i.MyCan_Init        mycan.o
    0x08005aa8   0x08005aa8   0x00000034   Code   RO         5414    i.MyCan_Transmit    mycan.o
    0x08005adc   0x08005adc   0x00000006   Code   RO         5415    i.MyCan_abort_Transmit  mycan.o
    0x08005ae2   0x08005ae2   0x00000046   Code   RO         5416    i.Mycan_Init_canFilter  mycan.o
    0x08005b28   0x08005b28   0x00000002   Code   RO          466    i.NMI_Handler       stm32f7xx_it.o
    0x08005b2a   0x08005b2a   0x00000002   PAD
    0x08005b2c   0x08005b2c   0x00000020   Code   RO         6244    i.QR_Init           qr_code.o
    0x08005b4c   0x08005b4c   0x00000018   Code   RO         6245    i.QR_USART_DATA_Processing  qr_code.o
    0x08005b64   0x08005b64   0x0000001c   Code   RO         6246    i.QR_USART_Error_Processing  qr_code.o
    0x08005b80   0x08005b80   0x00000030   Code   RO         6247    i.QR_text           qr_code.o
    0x08005bb0   0x08005bb0   0x0000000c   Code   RO         6248    i.Set_QR_Data_Zero  qr_code.o
    0x08005bbc   0x08005bbc   0x0000005c   Code   RO         6606    i.StartDefaultTask  my_tasks.o
    0x08005c18   0x08005c18   0x00000030   Code   RO         5333    i.SysTick_Handler   port.o
    0x08005c48   0x08005c48   0x0000009c   Code   RO           15    i.SystemClock_Config  main.o
    0x08005ce4   0x08005ce4   0x00000010   Code   RO         4035    i.SystemInit        system_stm32f7xx.o
    0x08005cf4   0x08005cf4   0x0000000c   Code   RO          467    i.TIM1_UP_TIM10_IRQHandler  stm32f7xx_it.o
    0x08005d00   0x08005d00   0x000000d8   Code   RO          750    i.TIM_Base_SetConfig  stm32f7xx_hal_tim.o
    0x08005dd8   0x08005dd8   0x00000010   Code   RO         5942    i.TrackBoardLR_to_angle  trackboard.o
    0x08005de8   0x08005de8   0x00000030   Code   RO         5943    i.TrackBoardMLR_to_angle  trackboard.o
    0x08005e18   0x08005e18   0x0000002c   Code   RO         5944    i.TrackBoard_read_HomeLower  trackboard.o
    0x08005e44   0x08005e44   0x0000002c   Code   RO         5945    i.TrackBoard_read_HomeUpper  trackboard.o
    0x08005e70   0x08005e70   0x0000004c   Code   RO         6003    i.TrackBoard_read_L  trackboard.o
    0x08005ebc   0x08005ebc   0x00000058   Code   RO         6015    i.TrackBoard_read_M  trackboard.o
    0x08005f14   0x08005f14   0x0000005c   Code   RO         6009    i.TrackBoard_read_R  trackboard.o
    0x08005f70   0x08005f70   0x00000078   Code   RO         5946    i.TrackBoard_text   trackboard.o
    0x08005fe8   0x08005fe8   0x00000088   Code   RO         6021    i.TrackBoard_to_mm  trackboard.o
    0x08006070   0x08006070   0x0000000c   Code   RO          468    i.UART4_IRQHandler  stm32f7xx_it.o
    0x0800607c   0x0800607c   0x0000000c   Code   RO          469    i.UART5_IRQHandler  stm32f7xx_it.o
    0x08006088   0x08006088   0x0000000c   Code   RO          470    i.UART7_IRQHandler  stm32f7xx_it.o
    0x08006094   0x08006094   0x0000000c   Code   RO          471    i.UART8_IRQHandler  stm32f7xx_it.o
    0x080060a0   0x080060a0   0x000000c8   Code   RO         3631    i.UART_AdvFeatureConfig  stm32f7xx_hal_uart.o
    0x08006168   0x08006168   0x0000005c   Code   RO         3632    i.UART_CheckIdleState  stm32f7xx_hal_uart.o
    0x080061c4   0x080061c4   0x00000014   Code   RO         3633    i.UART_DMAAbortOnError  stm32f7xx_hal_uart.o
    0x080061d8   0x080061d8   0x0000004e   Code   RO         3634    i.UART_DMAError     stm32f7xx_hal_uart.o
    0x08006226   0x08006226   0x00000084   Code   RO         3635    i.UART_DMAReceiveCplt  stm32f7xx_hal_uart.o
    0x080062aa   0x080062aa   0x00000040   Code   RO         3636    i.UART_DMARxAbortCallback  stm32f7xx_hal_uart.o
    0x080062ea   0x080062ea   0x00000020   Code   RO         3637    i.UART_DMARxHalfCplt  stm32f7xx_hal_uart.o
    0x0800630a   0x0800630a   0x00000028   Code   RO         3638    i.UART_DMARxOnlyAbortCallback  stm32f7xx_hal_uart.o
    0x08006332   0x08006332   0x00000042   Code   RO         3639    i.UART_DMATransmitCplt  stm32f7xx_hal_uart.o
    0x08006374   0x08006374   0x00000036   Code   RO         3640    i.UART_DMATxAbortCallback  stm32f7xx_hal_uart.o
    0x080063aa   0x080063aa   0x0000000a   Code   RO         3641    i.UART_DMATxHalfCplt  stm32f7xx_hal_uart.o
    0x080063b4   0x080063b4   0x0000004c   Code   RO         3643    i.UART_EndRxTransfer  stm32f7xx_hal_uart.o
    0x08006400   0x08006400   0x00000018   Code   RO         3644    i.UART_EndTxTransfer  stm32f7xx_hal_uart.o
    0x08006418   0x08006418   0x000000be   Code   RO         3645    i.UART_RxISR_16BIT  stm32f7xx_hal_uart.o
    0x080064d6   0x080064d6   0x000000be   Code   RO         3646    i.UART_RxISR_8BIT   stm32f7xx_hal_uart.o
    0x08006594   0x08006594   0x00000234   Code   RO         3647    i.UART_SetConfig    stm32f7xx_hal_uart.o
    0x080067c8   0x080067c8   0x000000a0   Code   RO         3648    i.UART_Start_Receive_DMA  stm32f7xx_hal_uart.o
    0x08006868   0x08006868   0x000000b8   Code   RO         3649    i.UART_Start_Receive_IT  stm32f7xx_hal_uart.o
    0x08006920   0x08006920   0x00000092   Code   RO         3652    i.UART_WaitOnFlagUntilTimeout  stm32f7xx_hal_uart.o
    0x080069b2   0x080069b2   0x00000002   PAD
    0x080069b4   0x080069b4   0x0000000c   Code   RO          472    i.USART1_IRQHandler  stm32f7xx_it.o
    0x080069c0   0x080069c0   0x0000000c   Code   RO          473    i.USART2_IRQHandler  stm32f7xx_it.o
    0x080069cc   0x080069cc   0x00000002   Code   RO          474    i.UsageFault_Handler  stm32f7xx_it.o
    0x080069ce   0x080069ce   0x00000002   PAD
    0x080069d0   0x080069d0   0x00000204   Code   RO         7174    i.YPJ_ready         application_ypj.o
    0x08006bd4   0x08006bd4   0x00000012   Code   RO         7175    i.YPJ_run           application_ypj.o
    0x08006be6   0x08006be6   0x00000002   PAD
    0x08006be8   0x08006be8   0x00000114   Code   RO         7176    i.YPJ_scan          application_ypj.o
    0x08006cfc   0x08006cfc   0x00000030   Code   RO         7752    i.__ARM_fpclassify  m_wm.l(fpclassify.o)
    0x08006d2c   0x08006d2c   0x00000026   Code   RO         7638    i.__ARM_fpclassifyf  m_wm.l(fpclassifyf.o)
    0x08006d52   0x08006d52   0x00000020   Code   RO         2677    i.__NVIC_SetPriority  stm32f7xx_hal_cortex.o
    0x08006d72   0x08006d72   0x00000002   PAD
    0x08006d74   0x08006d74   0x00000250   Code   RO         7481    i.__hardfp_atan2f   m_wm.l(atan2f.o)
    0x08006fc4   0x08006fc4   0x0000007a   Code   RO         7493    i.__hardfp_sqrt     m_wm.l(sqrt.o)
    0x0800703e   0x0800703e   0x0000003a   Code   RO         7505    i.__hardfp_sqrtf    m_wm.l(sqrtf.o)
    0x08007078   0x08007078   0x00000006   Code   RO         7642    i.__mathlib_flt_infnan2  m_wm.l(funder.o)
    0x0800707e   0x0800707e   0x00000002   PAD
    0x08007080   0x08007080   0x00000010   Code   RO         7646    i.__mathlib_flt_underflow  m_wm.l(funder.o)
    0x08007090   0x08007090   0x0000000e   Code   RO         7584    i._is_digit         c_w.l(__printf_wp.o)
    0x0800709e   0x0800709e   0x00000002   PAD
    0x080070a0   0x080070a0   0x00000034   Code   RO         5528    i._logger_print_init  logger.o
    0x080070d4   0x080070d4   0x00000134   Code   RO         7368    i.angle_PID_Calculate  pid.o
    0x08007208   0x08007208   0x00000024   Code   RO         6933    i.auto_arm_scan     application_jt.o
    0x0800722c   0x0800722c   0x0000002c   Code   RO         5622    i.beebee            bsp.o
    0x08007258   0x08007258   0x00000080   Code   RO         6310    i.calculate_V       chassis.o
    0x080072d8   0x080072d8   0x000000b8   Code   RO         6311    i.chassis_control   chassis.o
    0x08007390   0x08007390   0x00000030   Code   RO         6312    i.chassis_init      chassis.o
    0x080073c0   0x080073c0   0x00000044   Code   RO         6313    i.chassis_reset     chassis.o
    0x08007404   0x08007404   0x00000034   Code   RO         6314    i.chassis_stop      chassis.o
    0x08007438   0x08007438   0x000000a0   Code   RO         6607    i.createTask        my_tasks.o
    0x080074d8   0x080074d8   0x00000078   Code   RO         6038    i.decode            openmv.o
    0x08007550   0x08007550   0x000001c0   Code   RO         7234    i.decodeCMD         minicmd.o
    0x08007710   0x08007710   0x000000c2   Code   RO         7235    i.decode_one_para   minicmd.o
    0x080077d2   0x080077d2   0x00000002   PAD
    0x080077d4   0x080077d4   0x00000064   Code   RO         7301    i.fast_cos          fast_math.o
    0x08007838   0x08007838   0x000000a4   Code   RO         7303    i.fast_sincos       fast_math.o
    0x080078dc   0x080078dc   0x0000006c   Code   RO         7177    i.find_ender        application_ypj.o
    0x08007948   0x08007948   0x0000006e   Code   RO         6834    i.find_line         application_common.o
    0x080079b6   0x080079b6   0x00000002   PAD
    0x080079b8   0x080079b8   0x0000005c   Code   RO         7086    i.from_BZ_to_JT     application_route.o
    0x08007a14   0x08007a14   0x00000030   Code   RO         7087    i.from_CK_to_HOME   application_route.o
    0x08007a44   0x08007a44   0x00000094   Code   RO         7088    i.from_HOME_to_YPJ  application_route.o
    0x08007ad8   0x08007ad8   0x00000038   Code   RO         7089    i.from_JT_to_LZ     application_route.o
    0x08007b10   0x08007b10   0x0000003c   Code   RO         7090    i.from_LZ_to_CK     application_route.o
    0x08007b4c   0x08007b4c   0x00000038   Code   RO         7091    i.from_YPJ_to_BZ    application_route.o
    0x08007b84   0x08007b84   0x00000038   Code   RO         6118    i.get_HW            hw.o
    0x08007bbc   0x08007bbc   0x00000014   Code   RO         6316    i.get_odom_X        chassis.o
    0x08007bd0   0x08007bd0   0x0000000e   Code   RO         6317    i.get_odom_X_abs    chassis.o
    0x08007bde   0x08007bde   0x00000002   PAD
    0x08007be0   0x08007be0   0x00000040   Code   RO         6319    i.get_odom_distance  chassis.o
    0x08007c20   0x08007c20   0x0000000c   Code   RO         5623    i.get_site          bsp.o
    0x08007c2c   0x08007c2c   0x0000000c   Code   RO         6320    i.get_targetAngle   chassis.o
    0x08007c38   0x08007c38   0x00000088   Code   RO         6934    i.height_switch_processer  application_jt.o
    0x08007cc0   0x08007cc0   0x0000002c   Code   RO         5868    i.imu_error_process  imu.o
    0x08007cec   0x08007cec   0x00000010   Code   RO         5869    i.imu_get_angle     imu.o
    0x08007cfc   0x08007cfc   0x00000030   Code   RO         5871    i.imu_init          imu.o
    0x08007d2c   0x08007d2c   0x00000078   Code   RO         5872    i.imu_itCall        imu.o
    0x08007da4   0x08007da4   0x00000014   Code   RO         5873    i.imu_set_angle     imu.o
    0x08007db8   0x08007db8   0x00000050   Code   RO         7405    i.integral_add      integraler.o
    0x08007e08   0x08007e08   0x00000006   Code   RO         7406    i.integral_get      integraler.o
    0x08007e0e   0x08007e0e   0x00000012   Code   RO         7407    i.integral_init     integraler.o
    0x08007e20   0x08007e20   0x00000014   Code   RO         5624    i.is_site           bsp.o
    0x08007e34   0x08007e34   0x0000015c   Code   RO         6835    i.keep_line         application_common.o
    0x08007f90   0x08007f90   0x00000018   Code   RO         6836    i.keep_line_allTime  application_common.o
    0x08007fa8   0x08007fa8   0x00000010   Code   RO         7304    i.limit             fast_math.o
    0x08007fb8   0x08007fb8   0x00000020   Code   RO         7351    i.limit_angle       fast_math.o
    0x08007fd8   0x08007fd8   0x00000028   Code   RO         5529    i.logger_get        logger.o
    0x08008000   0x08008000   0x00000044   Code   RO         5531    i.logger_itCall     logger.o
    0x08008044   0x08008044   0x00000024   Code   RO         5532    i.logger_restart_RX  logger.o
    0x08008068   0x08008068   0x0000008e   Code   RO           16    i.main              main.o
    0x080080f6   0x080080f6   0x0000000c   Code   RO         4965    i.makeFreeRtosPriority  cmsis_os.o
    0x08008102   0x08008102   0x00000008   Code   RO         7305    i.max               fast_math.o
    0x0800810a   0x0800810a   0x00000002   PAD
    0x0800810c   0x0800810c   0x0000005c   Code   RO         7236    i.miniCMD_init      minicmd.o
    0x08008168   0x08008168   0x000001b4   Code   RO         7237    i.miniCMD_run       minicmd.o
    0x0800831c   0x0800831c   0x00000016   Code   RO         6321    i.move              chassis.o
    0x08008332   0x08008332   0x00000002   PAD
    0x08008334   0x08008334   0x00000398   Code   RO         6322    i.move_3para        chassis.o
    0x080086cc   0x080086cc   0x00000098   Code   RO         6566    i.move_Ve           chassis.o
    0x08008764   0x08008764   0x00000068   Code   RO         6323    i.move_XY_w         chassis.o
    0x080087cc   0x080087cc   0x0000006c   Code   RO         6324    i.move_XY_w_v_end   chassis.o
    0x08008838   0x08008838   0x00000012   Code   RO         6325    i.move_w            chassis.o
    0x0800884a   0x0800884a   0x00000002   PAD
    0x0800884c   0x0800884c   0x0000000c   Code   RO         6039    i.openMV_clear_data  openmv.o
    0x08008858   0x08008858   0x00000070   Code   RO         6040    i.openMV_get_data   openmv.o
    0x080088c8   0x080088c8   0x00000034   Code   RO         6042    i.openMV_init       openmv.o
    0x080088fc   0x080088fc   0x0000003c   Code   RO         6043    i.openMV_itCall     openmv.o
    0x08008938   0x08008938   0x000000d4   Code   RO         6044    i.openMV_set_mode   openmv.o
    0x08008a0c   0x08008a0c   0x0000000e   Code   RO         4967    i.osDelay           cmsis_os.o
    0x08008a1a   0x08008a1a   0x0000000e   Code   RO         4968    i.osDelayUntil      cmsis_os.o
    0x08008a28   0x08008a28   0x0000000a   Code   RO         4970    i.osKernelStart     cmsis_os.o
    0x08008a32   0x08008a32   0x00000024   Code   RO         5004    i.osThreadCreate    cmsis_os.o
    0x08008a56   0x08008a56   0x00000002   PAD
    0x08008a58   0x08008a58   0x00000024   Code   RO         4520    i.pcTaskGetName     tasks.o
    0x08008a7c   0x08008a7c   0x000000a4   Code   RO         6608    i.print_Taskstack   my_tasks.o
    0x08008b20   0x08008b20   0x00000070   Code   RO         4521    i.prvAddCurrentTaskToDelayedList  tasks.o
    0x08008b90   0x08008b90   0x000000d0   Code   RO         4522    i.prvAddNewTaskToReadyList  tasks.o
    0x08008c60   0x08008c60   0x00000058   Code   RO         4824    i.prvCheckForValidListAndQueue  timers.o
    0x08008cb8   0x08008cb8   0x00000026   Code   RO         4207    i.prvCopyDataFromQueue  queue.o
    0x08008cde   0x08008cde   0x0000006c   Code   RO         4208    i.prvCopyDataToQueue  queue.o
    0x08008d4a   0x08008d4a   0x00000002   PAD
    0x08008d4c   0x08008d4c   0x00000058   Code   RO         4523    i.prvIdleTask       tasks.o
    0x08008da4   0x08008da4   0x000000ae   Code   RO         4524    i.prvInitialiseNewTask  tasks.o
    0x08008e52   0x08008e52   0x00000002   PAD
    0x08008e54   0x08008e54   0x00000038   Code   RO         4825    i.prvInsertTimerInActiveList  timers.o
    0x08008e8c   0x08008e8c   0x0000001a   Code   RO         4209    i.prvIsQueueEmpty   queue.o
    0x08008ea6   0x08008ea6   0x00000002   PAD
    0x08008ea8   0x08008ea8   0x000000ec   Code   RO         4826    i.prvProcessReceivedCommands  timers.o
    0x08008f94   0x08008f94   0x000000c4   Code   RO         4827    i.prvProcessTimerOrBlockTask  timers.o
    0x08009058   0x08009058   0x00000020   Code   RO         4525    i.prvResetNextTaskUnblockTime  tasks.o
    0x08009078   0x08009078   0x00000028   Code   RO         4828    i.prvSampleTimeNow  timers.o
    0x080090a0   0x080090a0   0x00000070   Code   RO         4829    i.prvSwitchTimerLists  timers.o
    0x08009110   0x08009110   0x00000030   Code   RO         5334    i.prvTaskExitError  port.o
    0x08009140   0x08009140   0x00000014   Code   RO         4078    i.prvTestWaitCondition  event_groups.o
    0x08009154   0x08009154   0x00000028   Code   RO         4830    i.prvTimerTask      timers.o
    0x0800917c   0x0800917c   0x0000006a   Code   RO         4210    i.prvUnlockQueue    queue.o
    0x080091e6   0x080091e6   0x00000002   PAD
    0x080091e8   0x080091e8   0x00000018   Code   RO         4527    i.pvTaskIncrementMutexHeldCount  tasks.o
    0x08009200   0x08009200   0x0000002c   Code   RO         5335    i.pxPortInitialiseStack  port.o
    0x0800922c   0x0800922c   0x00000028   Code   RO         6326    i.reset_odom        chassis.o
    0x08009254   0x08009254   0x00000024   Code   RO         6695    i.run_blue          application.o
    0x08009278   0x08009278   0x0000006c   Code   RO         6696    i.run_by_button     application.o
    0x080092e4   0x080092e4   0x00000038   Code   RO         6697    i.run_com           application.o
    0x0800931c   0x0800931c   0x00000024   Code   RO         6698    i.run_red           application.o
    0x08009340   0x08009340   0x00000148   Code   RO         5783    i.servo_action      servo.o
    0x08009488   0x08009488   0x0000002c   Code   RO         5784    i.servo_action_w    servo.o
    0x080094b4   0x080094b4   0x00000040   Code   RO         5785    i.servo_inti        servo.o
    0x080094f4   0x080094f4   0x00000060   Code   RO         5786    i.servo_uart_IRQHandler  servo.o
    0x08009554   0x08009554   0x000000a0   Code   RO         5787    i.servo_waitAction  servo.o
    0x080095f4   0x080095f4   0x00000088   Code   RO         6327    i.set_Angle_enable  chassis.o
    0x0800967c   0x0800967c   0x0000002c   Code   RO         6328    i.set_angle         chassis.o
    0x080096a8   0x080096a8   0x000000c4   Code   RO         6329    i.set_angle_pid     chassis.o
    0x0800976c   0x0800976c   0x0000000e   Code   RO         6330    i.set_angle_w       chassis.o
    0x0800977a   0x0800977a   0x00000002   PAD
    0x0800977c   0x0800977c   0x00000078   Code   RO         5625    i.set_site          bsp.o
    0x080097f4   0x080097f4   0x00000060   Code   RO         6331    i.set_speed_RXY     chassis.o
    0x08009854   0x08009854   0x00000028   Code   RO         6334    i.set_speed_x       chassis.o
    0x0800987c   0x0800987c   0x00000030   Code   RO         6335    i.set_speed_xy      chassis.o
    0x080098ac   0x080098ac   0x00000038   Code   RO         6336    i.set_speed_xyZ     chassis.o
    0x080098e4   0x080098e4   0x00000028   Code   RO         6337    i.set_speed_y       chassis.o
    0x0800990c   0x0800990c   0x00000010   Code   RO         5788    i.state_set         servo.o
    0x0800991c   0x0800991c   0x00000038   Code   RO         5789    i.state_wait        servo.o
    0x08009954   0x08009954   0x00000034   Code   RO         6339    i.turn_angle        chassis.o
    0x08009988   0x08009988   0x0000000e   Code   RO         6340    i.turn_angle_w      chassis.o
    0x08009996   0x08009996   0x00000002   PAD
    0x08009998   0x08009998   0x00000030   Code   RO         5533    i.uart_receive      logger.o
    0x080099c8   0x080099c8   0x0000008c   Code   RO         5790    i.uart_send_action  servo.o
    0x08009a54   0x08009a54   0x00000026   Code   RO         4167    i.uxListRemove      list.o
    0x08009a7a   0x08009a7a   0x00000002   PAD
    0x08009a7c   0x08009a7c   0x00000020   Code   RO         4530    i.uxTaskGetStackHighWaterMark2  tasks.o
    0x08009a9c   0x08009a9c   0x00000018   Code   RO         4533    i.uxTaskResetEventItemValue  tasks.o
    0x08009ab4   0x08009ab4   0x00000014   Code   RO          243    i.vApplicationGetIdleTaskMemory  freertos.o
    0x08009ac8   0x08009ac8   0x00000018   Code   RO          244    i.vApplicationGetTimerTaskMemory  freertos.o
    0x08009ae0   0x08009ae0   0x00000016   Code   RO         4168    i.vListInitialise   list.o
    0x08009af6   0x08009af6   0x00000006   Code   RO         4169    i.vListInitialiseItem  list.o
    0x08009afc   0x08009afc   0x00000030   Code   RO         4170    i.vListInsert       list.o
    0x08009b2c   0x08009b2c   0x00000018   Code   RO         4171    i.vListInsertEnd    list.o
    0x08009b44   0x08009b44   0x00000048   Code   RO         5337    i.vPortEnterCritical  port.o
    0x08009b8c   0x08009b8c   0x0000002c   Code   RO         5338    i.vPortExitCritical  port.o
    0x08009bb8   0x08009bb8   0x00000024   Code   RO         5339    i.vPortSetupTimerInterrupt  port.o
    0x08009bdc   0x08009bdc   0x0000005c   Code   RO         5340    i.vPortValidateInterruptPriority  port.o
    0x08009c38   0x08009c38   0x00000024   Code   RO         4214    i.vQueueAddToRegistry  queue.o
    0x08009c5c   0x08009c5c   0x00000044   Code   RO         4217    i.vQueueWaitForMessageRestricted  queue.o
    0x08009ca0   0x08009ca0   0x00000050   Code   RO         4534    i.vTaskDelay        tasks.o
    0x08009cf0   0x08009cf0   0x0000009c   Code   RO         4535    i.vTaskDelayUntil   tasks.o
    0x08009d8c   0x08009d8c   0x00000010   Code   RO         4538    i.vTaskInternalSetTimeOutState  tasks.o
    0x08009d9c   0x08009d9c   0x0000000c   Code   RO         4539    i.vTaskMissedYield  tasks.o
    0x08009da8   0x08009da8   0x00000034   Code   RO         4541    i.vTaskPlaceOnEventList  tasks.o
    0x08009ddc   0x08009ddc   0x0000003c   Code   RO         4542    i.vTaskPlaceOnEventListRestricted  tasks.o
    0x08009e18   0x08009e18   0x00000054   Code   RO         4543    i.vTaskPlaceOnUnorderedEventList  tasks.o
    0x08009e6c   0x08009e6c   0x000000b4   Code   RO         4544    i.vTaskPriorityDisinheritAfterTimeout  tasks.o
    0x08009f20   0x08009f20   0x00000078   Code   RO         4546    i.vTaskRemoveFromUnorderedEventList  tasks.o
    0x08009f98   0x08009f98   0x0000008c   Code   RO         4549    i.vTaskStartScheduler  tasks.o
    0x0800a024   0x0800a024   0x000000c0   Code   RO         4550    i.vTaskSuspend      tasks.o
    0x0800a0e4   0x0800a0e4   0x00000010   Code   RO         4551    i.vTaskSuspendAll   tasks.o
    0x0800a0f4   0x0800a0f4   0x00000060   Code   RO         4552    i.vTaskSwitchContext  tasks.o
    0x0800a154   0x0800a154   0x00000038   Code   RO         6341    i.wait_angle        chassis.o
    0x0800a18c   0x0800a18c   0x00000018   Code   RO         6342    i.wait_move_ok      chassis.o
    0x0800a1a4   0x0800a1a4   0x00000034   Code   RO         6935    i.wait_online       application_jt.o
    0x0800a1d8   0x0800a1d8   0x00000030   Code   RO         5534    i.wait_uart_ready   logger.o
    0x0800a208   0x0800a208   0x0000002c   Code   RO         4083    i.xEventGroupCreateStatic  event_groups.o
    0x0800a234   0x0800a234   0x00000094   Code   RO         4085    i.xEventGroupSetBits  event_groups.o
    0x0800a2c8   0x0800a2c8   0x00000118   Code   RO         4087    i.xEventGroupWaitBits  event_groups.o
    0x0800a3e0   0x0800a3e0   0x000000c4   Code   RO         5341    i.xPortStartScheduler  port.o
    0x0800a4a4   0x0800a4a4   0x00000028   Code   RO         4218    i.xQueueCreateMutexStatic  queue.o
    0x0800a4cc   0x0800a4cc   0x0000007e   Code   RO         4219    i.xQueueGenericCreateStatic  queue.o
    0x0800a54a   0x0800a54a   0x00000002   PAD
    0x0800a54c   0x0800a54c   0x0000008c   Code   RO         4220    i.xQueueGenericReset  queue.o
    0x0800a5d8   0x0800a5d8   0x00000174   Code   RO         4221    i.xQueueGenericSend  queue.o
    0x0800a74c   0x0800a74c   0x000000cc   Code   RO         4222    i.xQueueGenericSendFromISR  queue.o
    0x0800a818   0x0800a818   0x000000ac   Code   RO         4223    i.xQueueGiveFromISR  queue.o
    0x0800a8c4   0x0800a8c4   0x00000042   Code   RO         4224    i.xQueueGiveMutexRecursive  queue.o
    0x0800a906   0x0800a906   0x00000002   PAD
    0x0800a908   0x0800a908   0x00000144   Code   RO         4229    i.xQueueReceive     queue.o
    0x0800aa4c   0x0800aa4c   0x00000188   Code   RO         4231    i.xQueueSemaphoreTake  queue.o
    0x0800abd4   0x0800abd4   0x00000044   Code   RO         4232    i.xQueueTakeMutexRecursive  queue.o
    0x0800ac18   0x0800ac18   0x0000007c   Code   RO         4553    i.xTaskCheckForTimeOut  tasks.o
    0x0800ac94   0x0800ac94   0x0000005c   Code   RO         4554    i.xTaskCreateStatic  tasks.o
    0x0800acf0   0x0800acf0   0x000000ec   Code   RO         4555    i.xTaskGenericNotify  tasks.o
    0x0800addc   0x0800addc   0x0000000c   Code   RO         4557    i.xTaskGetCurrentTaskHandle  tasks.o
    0x0800ade8   0x0800ade8   0x0000001c   Code   RO         4558    i.xTaskGetSchedulerState  tasks.o
    0x0800ae04   0x0800ae04   0x0000000c   Code   RO         4559    i.xTaskGetTickCount  tasks.o
    0x0800ae10   0x0800ae10   0x000000cc   Code   RO         4561    i.xTaskIncrementTick  tasks.o
    0x0800aedc   0x0800aedc   0x0000008c   Code   RO         4563    i.xTaskNotifyWait   tasks.o
    0x0800af68   0x0800af68   0x000000a0   Code   RO         4564    i.xTaskPriorityDisinherit  tasks.o
    0x0800b008   0x0800b008   0x00000094   Code   RO         4565    i.xTaskPriorityInherit  tasks.o
    0x0800b09c   0x0800b09c   0x00000078   Code   RO         4566    i.xTaskRemoveFromEventList  tasks.o
    0x0800b114   0x0800b114   0x000000c8   Code   RO         4567    i.xTaskResumeAll    tasks.o
    0x0800b1dc   0x0800b1dc   0x00000064   Code   RO         4835    i.xTimerCreateTimerTask  timers.o
    0x0800b240   0x0800b240   0x00000068   Code   RO         4836    i.xTimerGenericCommand  timers.o
    0x0800b2a8   0x0800b2a8   0x00000008   Code   RO         6771    i.x___CK_ready_miniCMD_agentFun  application_ck.o
    0x0800b2b0   0x0800b2b0   0x00000052   Code   RO         6772    i.x___CK_run_miniCMD_agentFun  application_ck.o
    0x0800b302   0x0800b302   0x00000008   Code   RO         6837    i.x___CalibrateAngle_super_miniCMD_agentFun  application_common.o
    0x0800b30a   0x0800b30a   0x00000008   Code   RO         5947    i.x___DBG_TrackBoard_print_miniCMD_agentFun  trackboard.o
    0x0800b312   0x0800b312   0x00000042   Code   RO         6045    i.x___DBG_openMV_get_data_miniCMD_agentFun  openmv.o
    0x0800b354   0x0800b354   0x00000008   Code   RO         6895    i.x___HOME_run_miniCMD_agentFun  application_home.o
    0x0800b35c   0x0800b35c   0x00000008   Code   RO         6119    i.x___HW_test_miniCMD_agentFun  hw.o
    0x0800b364   0x0800b364   0x00000010   Code   RO         6936    i.x___JT_positioning_miniCMD_agentFun  application_jt.o
    0x0800b374   0x0800b374   0x00000008   Code   RO         6937    i.x___JT_ready_miniCMD_agentFun  application_jt.o
    0x0800b37c   0x0800b37c   0x00000008   Code   RO         6938    i.x___JT_run_miniCMD_agentFun  application_jt.o
    0x0800b384   0x0800b384   0x00000008   Code   RO         6939    i.x___JT_scan_miniCMD_agentFun  application_jt.o
    0x0800b38c   0x0800b38c   0x00000052   Code   RO         5626    i.x___LED_miniCMD_agentFun  bsp.o
    0x0800b3de   0x0800b3de   0x00000008   Code   RO         7027    i.x___LZ_run_miniCMD_agentFun  application_lz.o
    0x0800b3e6   0x0800b3e6   0x0000001e   Code   RO         6165    i.x___Motor_LB_Set_Speed_miniCMD_agentFun  motor_application.o
    0x0800b404   0x0800b404   0x0000001e   Code   RO         6166    i.x___Motor_LF_Set_Speed_miniCMD_agentFun  motor_application.o
    0x0800b422   0x0800b422   0x0000001e   Code   RO         6167    i.x___Motor_RB_Set_Speed_miniCMD_agentFun  motor_application.o
    0x0800b440   0x0800b440   0x0000001e   Code   RO         6168    i.x___Motor_RF_Set_Speed_miniCMD_agentFun  motor_application.o
    0x0800b45e   0x0800b45e   0x0000004c   Code   RO         6169    i.x___Motor_Set_Speed_miniCMD_agentFun  motor_application.o
    0x0800b4aa   0x0800b4aa   0x00000008   Code   RO         6249    i.x___QR_text_miniCMD_agentFun  qr_code.o
    0x0800b4b2   0x0800b4b2   0x00000008   Code   RO         5948    i.x___TrackBoard_text_miniCMD_agentFun  trackboard.o
    0x0800b4ba   0x0800b4ba   0x00000008   Code   RO         7178    i.x___YPJ_ready_miniCMD_agentFun  application_ypj.o
    0x0800b4c2   0x0800b4c2   0x00000008   Code   RO         7179    i.x___YPJ_run_miniCMD_agentFun  application_ypj.o
    0x0800b4ca   0x0800b4ca   0x00000008   Code   RO         7180    i.x___YPJ_scan_miniCMD_agentFun  application_ypj.o
    0x0800b4d2   0x0800b4d2   0x00000020   Code   RO         5627    i.x___beebee_miniCMD_agentFun  bsp.o
    0x0800b4f2   0x0800b4f2   0x0000004e   Code   RO         6838    i.x___find_line_miniCMD_agentFun  application_common.o
    0x0800b540   0x0800b540   0x00000008   Code   RO         7092    i.x___from_BZ_to_JT_miniCMD_agentFun  application_route.o
    0x0800b548   0x0800b548   0x00000008   Code   RO         7093    i.x___from_CK_to_HOME_miniCMD_agentFun  application_route.o
    0x0800b550   0x0800b550   0x00000008   Code   RO         7094    i.x___from_HOME_to_YPJ_miniCMD_agentFun  application_route.o
    0x0800b558   0x0800b558   0x00000008   Code   RO         7095    i.x___from_JT_to_LZ_miniCMD_agentFun  application_route.o
    0x0800b560   0x0800b560   0x00000008   Code   RO         7096    i.x___from_LZ_to_CK_miniCMD_agentFun  application_route.o
    0x0800b568   0x0800b568   0x00000008   Code   RO         7097    i.x___from_YPJ_to_BZ_miniCMD_agentFun  application_route.o
    0x0800b570   0x0800b570   0x0000004c   Code   RO         7239    i.x___help_miniCMD_agentFun  minicmd.o
    0x0800b5bc   0x0800b5bc   0x00000010   Code   RO         5874    i.x___imu_get_angle_miniCMD_agentFun  imu.o
    0x0800b5cc   0x0800b5cc   0x00000010   Code   RO         5875    i.x___imu_get_errorCount_miniCMD_agentFun  imu.o
    0x0800b5dc   0x0800b5dc   0x0000001e   Code   RO         5876    i.x___imu_set_angle_miniCMD_agentFun  imu.o
    0x0800b5fa   0x0800b5fa   0x0000003a   Code   RO         6839    i.x___keep_line_allTime_miniCMD_agentFun  application_common.o
    0x0800b634   0x0800b634   0x0000007e   Code   RO         6343    i.x___move_XY_w_miniCMD_agentFun  chassis.o
    0x0800b6b2   0x0800b6b2   0x0000007e   Code   RO         6344    i.x___move_miniCMD_agentFun  chassis.o
    0x0800b730   0x0800b730   0x0000007e   Code   RO         6345    i.x___move_w_miniCMD_agentFun  chassis.o
    0x0800b7ae   0x0800b7ae   0x00000020   Code   RO         6046    i.x___openMV_set_mode_miniCMD_agentFun  openmv.o
    0x0800b7ce   0x0800b7ce   0x00000008   Code   RO         6609    i.x___print_Taskstack_miniCMD_agentFun  my_tasks.o
    0x0800b7d6   0x0800b7d6   0x00000008   Code   RO         6699    i.x___run_blue_miniCMD_agentFun  application.o
    0x0800b7de   0x0800b7de   0x00000008   Code   RO         6700    i.x___run_red_miniCMD_agentFun  application.o
    0x0800b7e6   0x0800b7e6   0x00000038   Code   RO         5791    i.x___servo_action_miniCMD_agentFun  servo.o
    0x0800b81e   0x0800b81e   0x00000038   Code   RO         5792    i.x___servo_action_w_miniCMD_agentFun  servo.o
    0x0800b856   0x0800b856   0x00000020   Code   RO         6346    i.x___set_Angle_enable_miniCMD_agentFun  chassis.o
    0x0800b876   0x0800b876   0x0000007e   Code   RO         6347    i.x___set_angle_pid_miniCMD_agentFun  chassis.o
    0x0800b8f4   0x0800b8f4   0x00000020   Code   RO         5628    i.x___set_site_miniCMD_agentFun  bsp.o
    0x0800b914   0x0800b914   0x0000004c   Code   RO         6348    i.x___set_speed_RXY_miniCMD_agentFun  chassis.o
    0x0800b960   0x0800b960   0x0000004c   Code   RO         6349    i.x___set_speed_xyZ_miniCMD_agentFun  chassis.o
    0x0800b9ac   0x0800b9ac   0x0000001e   Code   RO         6350    i.x___turn_angle_miniCMD_agentFun  chassis.o
    0x0800b9ca   0x0800b9ca   0x0000001e   Code   RO         6351    i.x___turn_angle_w_miniCMD_agentFun  chassis.o
    0x0800b9e8   0x0800b9e8   0x00000020   Code   RO         5793    i.x___uart_send_action_miniCMD_agentFun  servo.o
    0x0800ba08   0x0800ba08   0x0000004c   Code   RO         5535    i.xxx_print_log     logger.o
    0x0800ba54   0x0800ba54   0x00000058   Code   RO         5536    i.xxx_print_log_f   logger.o
    0x0800baac   0x0800baac   0x0000002c   Code   RO         7736    locale$$code        c_w.l(lc_numeric_c.o)
    0x0800bad8   0x0800bad8   0x0000002c   Code   RO         7759    locale$$code        c_w.l(lc_ctype_c.o)
    0x0800bb04   0x0800bb04   0x0000005e   Code   RO         7469    x$fpl$dfix          fz_wm.l(dfix.o)
    0x0800bb62   0x0800bb62   0x0000002e   Code   RO         7474    x$fpl$dflt          fz_wm.l(dflt_clz.o)
    0x0800bb90   0x0800bb90   0x0000009c   Code   RO         7621    x$fpl$dnaninf       fz_wm.l(dnaninf.o)
    0x0800bc2c   0x0800bc2c   0x0000000c   Code   RO         7623    x$fpl$dretinf       fz_wm.l(dretinf.o)
    0x0800bc38   0x0800bc38   0x00000198   Code   RO         7625    x$fpl$dsqrt         fz_wm.l(dsqrt_umaal.o)
    0x0800bdd0   0x0800bdd0   0x00000056   Code   RO         7479    x$fpl$f2d           fz_wm.l(f2d.o)
    0x0800be26   0x0800be26   0x0000008c   Code   RO         7627    x$fpl$fnaninf       fz_wm.l(fnaninf.o)
    0x0800beb2   0x0800beb2   0x0000000a   Code   RO         7827    x$fpl$fpinit        fz_wm.l(fpinit.o)
    0x0800bebc   0x0800bebc   0x00000004   Code   RO         7629    x$fpl$printf1       fz_wm.l(printf1.o)
    0x0800bec0   0x0800bec0   0x00000004   Code   RO         7631    x$fpl$printf2       fz_wm.l(printf2.o)
    0x0800bec4   0x0800bec4   0x00000000   Code   RO         7637    x$fpl$usenofp       fz_wm.l(usenofp.o)
    0x0800bec4   0x0800bec4   0x0000001c   Data   RO          248    .constdata          freertos.o
    0x0800bee0   0x0800bee0   0x00000008   Data   RO         2309    .constdata          stm32f7xx_hal_dma.o
    0x0800bee8   0x0800bee8   0x00000010   Data   RO         4036    .constdata          system_stm32f7xx.o
    0x0800bef8   0x0800bef8   0x00000008   Data   RO         4037    .constdata          system_stm32f7xx.o
    0x0800bf00   0x0800bf00   0x00000018   Data   RO         5417    .constdata          mycan.o
    0x0800bf18   0x0800bf18   0x0000010c   Data   RO         5795    .constdata          servo.o
    0x0800c024   0x0800c024   0x00000008   Data   RO         6940    .constdata          application_jt.o
    0x0800c02c   0x0800c02c   0x00000e14   Data   RO         7306    .constdata          fast_math.o
    0x0800ce40   0x0800ce40   0x00000008   Data   RO         7543    .constdata          c_w.l(_printf_wctomb.o)
    0x0800ce48   0x0800ce48   0x00000028   Data   RO         7572    .constdata          c_w.l(_printf_hex_int_ll_ptr.o)
    0x0800ce70   0x0800ce70   0x00000011   Data   RO         7592    .constdata          c_w.l(__printf_flags_ss_wp.o)
    0x0800ce81   0x0800ce81   0x00000026   Data   RO         7683    .constdata          c_w.l(_printf_fp_hex.o)
    0x0800cea7   0x0800cea7   0x00000001   PAD
    0x0800cea8   0x0800cea8   0x00000094   Data   RO         7711    .constdata          c_w.l(bigflt0.o)
    0x0800cf3c   0x0800cf3c   0x0000000c   Data   RO          249    .conststring        freertos.o
    0x0800cf48   0x0800cf48   0x0000004f   Data   RO         5949    .conststring        trackboard.o
    0x0800cf97   0x0800cf97   0x00000001   PAD
    0x0800cf98   0x0800cf98   0x000000b2   Data   RO         6355    .conststring        chassis.o
    0x0800d04a   0x0800d04a   0x00000002   PAD
    0x0800d04c   0x0800d04c   0x00000047   Data   RO         5629    .conststrlit        bsp.o
    0x0800d093   0x0800d093   0x00000001   PAD
    0x0800d094   0x0800d094   0x0000005b   Data   RO         5796    .conststrlit        servo.o
    0x0800d0ef   0x0800d0ef   0x00000001   PAD
    0x0800d0f0   0x0800d0f0   0x0000004d   Data   RO         5878    .conststrlit        imu.o
    0x0800d13d   0x0800d13d   0x00000003   PAD
    0x0800d140   0x0800d140   0x0000002d   Data   RO         5950    .conststrlit        trackboard.o
    0x0800d16d   0x0800d16d   0x00000003   PAD
    0x0800d170   0x0800d170   0x0000005c   Data   RO         6048    .conststrlit        openmv.o
    0x0800d1cc   0x0800d1cc   0x0000000d   Data   RO         6120    .conststrlit        hw.o
    0x0800d1d9   0x0800d1d9   0x00000003   PAD
    0x0800d1dc   0x0800d1dc   0x0000007b   Data   RO         6170    .conststrlit        motor_application.o
    0x0800d257   0x0800d257   0x00000001   PAD
    0x0800d258   0x0800d258   0x0000000d   Data   RO         6251    .conststrlit        qr_code.o
    0x0800d265   0x0800d265   0x00000003   PAD
    0x0800d268   0x0800d268   0x00000106   Data   RO         6356    .conststrlit        chassis.o
    0x0800d36e   0x0800d36e   0x00000002   PAD
    0x0800d370   0x0800d370   0x00000015   Data   RO         6611    .conststrlit        my_tasks.o
    0x0800d385   0x0800d385   0x00000003   PAD
    0x0800d388   0x0800d388   0x00000019   Data   RO         6701    .conststrlit        application.o
    0x0800d3a1   0x0800d3a1   0x00000003   PAD
    0x0800d3a4   0x0800d3a4   0x00000036   Data   RO         6775    .conststrlit        application_ck.o
    0x0800d3da   0x0800d3da   0x00000002   PAD
    0x0800d3dc   0x0800d3dc   0x0000006c   Data   RO         6840    .conststrlit        application_common.o
    0x0800d448   0x0800d448   0x00000011   Data   RO         6896    .conststrlit        application_home.o
    0x0800d459   0x0800d459   0x00000003   PAD
    0x0800d45c   0x0800d45c   0x0000003b   Data   RO         6941    .conststrlit        application_jt.o
    0x0800d497   0x0800d497   0x00000001   PAD
    0x0800d498   0x0800d498   0x0000000d   Data   RO         7028    .conststrlit        application_lz.o
    0x0800d4a5   0x0800d4a5   0x00000003   PAD
    0x0800d4a8   0x0800d4a8   0x0000006a   Data   RO         7098    .conststrlit        application_route.o
    0x0800d512   0x0800d512   0x00000002   PAD
    0x0800d514   0x0800d514   0x00000028   Data   RO         7181    .conststrlit        application_ypj.o
    0x0800d53c   0x0800d53c   0x00000011   Data   RO         7240    .conststrlit        minicmd.o
    0x0800d54d   0x0800d54d   0x00000003   PAD
    0x0800d550   0x0800d550   0x00000020   Data   RO         7883    Region$$Table       anon$$obj.o
    0x0800d570   0x0800d570   0x0000001c   Data   RO         7735    locale$$data        c_w.l(lc_numeric_c.o)
    0x0800d58c   0x0800d58c   0x00000110   Data   RO         7758    locale$$data        c_w.l(lc_ctype_c.o)
    0x0800d69c   0x0800d69c   0x0000003c   Data   RO         5631    miniCMDcommands     bsp.o
    0x0800d6d8   0x0800d6d8   0x0000003c   Data   RO         5798    miniCMDcommands     servo.o
    0x0800d714   0x0800d714   0x0000003c   Data   RO         5880    miniCMDcommands     imu.o
    0x0800d750   0x0800d750   0x00000028   Data   RO         5951    miniCMDcommands     trackboard.o
    0x0800d778   0x0800d778   0x00000028   Data   RO         6050    miniCMDcommands     openmv.o
    0x0800d7a0   0x0800d7a0   0x00000014   Data   RO         6121    miniCMDcommands     hw.o
    0x0800d7b4   0x0800d7b4   0x00000064   Data   RO         6172    miniCMDcommands     motor_application.o
    0x0800d818   0x0800d818   0x00000014   Data   RO         6253    miniCMDcommands     qr_code.o
    0x0800d82c   0x0800d82c   0x000000b4   Data   RO         6358    miniCMDcommands     chassis.o
    0x0800d8e0   0x0800d8e0   0x00000014   Data   RO         6613    miniCMDcommands     my_tasks.o
    0x0800d8f4   0x0800d8f4   0x00000028   Data   RO         6702    miniCMDcommands     application.o
    0x0800d91c   0x0800d91c   0x00000028   Data   RO         6776    miniCMDcommands     application_ck.o
    0x0800d944   0x0800d944   0x0000003c   Data   RO         6841    miniCMDcommands     application_common.o
    0x0800d980   0x0800d980   0x00000014   Data   RO         6897    miniCMDcommands     application_home.o
    0x0800d994   0x0800d994   0x00000050   Data   RO         6943    miniCMDcommands     application_jt.o
    0x0800d9e4   0x0800d9e4   0x00000014   Data   RO         7029    miniCMDcommands     application_lz.o
    0x0800d9f8   0x0800d9f8   0x00000078   Data   RO         7099    miniCMDcommands     application_route.o
    0x0800da70   0x0800da70   0x0000003c   Data   RO         7182    miniCMDcommands     application_ypj.o
    0x0800daac   0x0800daac   0x00000014   Data   RO         7242    miniCMDcommands     minicmd.o


    Execution Region RW_IRAM1 (Exec base: 0x20000000, Load base: 0x0800dac0, Size: 0x00002fd0, Max: 0x00050000, ABSOLUTE, COMPRESSED[0x0000007c])

    Exec Addr    Load Addr    Size         Type   Attr      Idx    E Section Name        Object

    0x20000000   COMPRESSED   0x00000004   Data   RW          250    .data               freertos.o
    0x20000004   COMPRESSED   0x00000004   Data   RW          304    .data               can.o
    0x20000008   COMPRESSED   0x0000000c   Data   RW         2833    .data               stm32f7xx_hal.o
    0x20000014   COMPRESSED   0x00000004   Data   RW         4038    .data               system_stm32f7xx.o
    0x20000018   COMPRESSED   0x0000003c   Data   RW         4570    .data               tasks.o
    0x20000054   COMPRESSED   0x00000014   Data   RW         4844    .data               timers.o
    0x20000068   COMPRESSED   0x0000000c   Data   RW         5342    .data               port.o
    0x20000074   COMPRESSED   0x00000004   Data   RW         5418    .data               mycan.o
    0x20000078   COMPRESSED   0x00000011   Data   RW         5474    .data               motor_basic.o
    0x20000089   COMPRESSED   0x00000003   PAD
    0x2000008c   COMPRESSED   0x00000008   Data   RW         5538    .data               logger.o
    0x20000094   COMPRESSED   0x00000001   Data   RW         5630    .data               bsp.o
    0x20000095   COMPRESSED   0x00000003   PAD
    0x20000098   COMPRESSED   0x00000013   Data   RW         5797    .data               servo.o
    0x200000ab   COMPRESSED   0x00000001   PAD
    0x200000ac   COMPRESSED   0x00000010   Data   RW         5879    .data               imu.o
    0x200000bc   COMPRESSED   0x0000000c   Data   RW         6049    .data               openmv.o
    0x200000c8   COMPRESSED   0x00000060   Data   RW         6171    .data               motor_application.o
    0x20000128   COMPRESSED   0x0000001c   Data   RW         6252    .data               qr_code.o
    0x20000144   COMPRESSED   0x00000074   Data   RW         6357    .data               chassis.o
    0x200001b8   COMPRESSED   0x00000020   Data   RW         6612    .data               my_tasks.o
    0x200001d8   COMPRESSED   0x00000010   Data   RW         6942    .data               application_jt.o
    0x200001e8   COMPRESSED   0x00000008   Data   RW         7241    .data               minicmd.o
    0x200001f0        -       0x00000200   Zero   RW          245    .bss                freertos.o
    0x200003f0        -       0x00000054   Zero   RW          246    .bss                freertos.o
    0x20000444        -       0x000006a8   Zero   RW          247    .bss                freertos.o
    0x20000aec        -       0x00000050   Zero   RW          303    .bss                can.o
    0x20000b3c        -       0x00000680   Zero   RW          382    .bss                usart.o
    0x200011bc        -       0x0000004c   Zero   RW          619    .bss                stm32f7xx_hal_timebase_tim.o
    0x20001208        -       0x00000040   Zero   RW         4233    .bss                queue.o
    0x20001248        -       0x000000f0   Zero   RW         4569    .bss                tasks.o
    0x20001338        -       0x00000110   Zero   RW         4843    .bss                timers.o
    0x20001448        -       0x00000254   Zero   RW         5537    .bss                logger.o
    0x2000169c        -       0x00000068   Zero   RW         5794    .bss                servo.o
    0x20001704        -       0x00000019   Zero   RW         5877    .bss                imu.o
    0x2000171d        -       0x00000080   Zero   RW         6047    .bss                openmv.o
    0x2000179d        -       0x00000014   Zero   RW         6250    .bss                qr_code.o
    0x200017b1   COMPRESSED   0x00000003   PAD
    0x200017b4        -       0x000000a8   Zero   RW         6352    .bss                chassis.o
    0x2000185c        -       0x00001114   Zero   RW         6610    .bss                my_tasks.o
    0x20002970        -       0x00000060   Zero   RW         7697    .bss                c_w.l(libspace.o)
    0x200029d0        -       0x00000200   Zero   RW            2    HEAP                startup_stm32f750xx.o
    0x20002bd0        -       0x00000400   Zero   RW            1    STACK               startup_stm32f750xx.o


==============================================================================

Image component sizes


      Code (inc. data)   RO Data    RW Data    ZI Data      Debug   Object Name

       252         28         65          0          0       4438   application.o
       552          4         94          0          0       4863   application_ck.o
       842          0        168          0          0       6966   application_common.o
       230          0         37          0          0       1710   application_home.o
      1226        188        147         16          0      10487   application_jt.o
       856        106         33          0          0       6923   application_lz.o
       508         58        226          0          0       7970   application_route.o
       942        100        100          0          0       6742   application_ypj.o
       600        116        131          1          0      13849   bsp.o
       356         42          0          4         80       2790   can.o
      3518        322        620        116        168      29417   chassis.o
        86          0          0          0          0      24088   cmsis_os.o
       124          4          0          0          0        934   dma.o
       492          6          0          0          0      25817   event_groups.o
       320         18       3604          0          0       3982   fast_math.o
        84         20         40          4       2300       3110   freertos.o
       356         26          0          0          0       1239   gpio.o
       148         30         33          0          0       2009   hw.o
       310         38        137         16         25       5656   imu.o
       104          0          0          0          0       2782   integraler.o
       138          0          0          0          0       3890   list.o
       456         78          0          8        596       7096   logger.o
       322         14          0          0          0     893268   main.o
      1246        322         37          8          0      11695   minicmd.o
       444         36        223         96          0       7911   motor_application.o
        78         16          0         17          0       3753   motor_basic.o
       198         34          0          0          0       5342   my_it.o
       752        258         41         32       4372       8601   my_tasks.o
       184         20         24          4          0       3525   mycan.o
       680        108        132         12        128       6846   openmv.o
       308          6          0          0          0       2098   pid.o
       774         80          0         12          0      12641   port.o
       208         40         33         28         20       5373   qr_code.o
      2286         22          0          0         64      23954   queue.o
      1048        286        419         19        104       8506   servo.o
        64         26        456          0       1536        904   startup_stm32f750xx.o
        86         14          0         12          0       8766   stm32f7xx_hal.o
       894          6          0          0          0       5462   stm32f7xx_hal_can.o
       306         30          0          0          0      40736   stm32f7xx_hal_cortex.o
      1090         16          8          0          0       7926   stm32f7xx_hal_dma.o
       528         54          0          0          0       3928   stm32f7xx_hal_gpio.o
        56          4          0          0          0        986   stm32f7xx_hal_msp.o
       108         10          0          0          0       1408   stm32f7xx_hal_pwr_ex.o
      1416         74          0          0          0       6421   stm32f7xx_hal_rcc.o
      1272         28          0          0          0       2540   stm32f7xx_hal_rcc_ex.o
       794         80          0          0          0       8340   stm32f7xx_hal_tim.o
         6          0          0          0          0       2496   stm32f7xx_hal_tim_ex.o
       140         20          0          0         76       1615   stm32f7xx_hal_timebase_tim.o
      3914        126          0          0          0      25730   stm32f7xx_hal_uart.o
        82          0          0          0          0       1423   stm32f7xx_hal_uart_ex.o
       168         78          0          0          0      10052   stm32f7xx_it.o
         0          0          0          0          0        384   stream_buffer.o
        16          4         24          4          0       1307   system_stm32f7xx.o
      3410        260          0         60        240      39343   tasks.o
       972         82          0         20        272      30991   timers.o
       848         84        164          0          0       8360   trackboard.o
      1752        142          0          0       1664       8062   usart.o

    ----------------------------------------------------------------------
     39024       3564       7068        496      11648    1387451   Object Totals
         0          0         32          0          0          0   (incl. Generated)
        74          0         40          7          3          0   (incl. Padding)

    ----------------------------------------------------------------------

      Code (inc. data)   RO Data    RW Data    ZI Data      Debug   Library Member Name

        90          0          0          0          0          0   __dczerorl2.o
         8          0          0          0          0         68   __main.o
       392          4         17          0          0         92   __printf_flags_ss_wp.o
        14          0          0          0          0         68   __printf_wp.o
         0          0          0          0          0          0   __rtentry.o
        12          0          0          0          0          0   __rtentry2.o
         6          0          0          0          0          0   __rtentry4.o
        52          8          0          0          0          0   __scatter.o
        28          0          0          0          0          0   __scatter_zi.o
         6          0          0          0          0          0   _printf_a.o
         6          0          0          0          0          0   _printf_c.o
        44          0          0          0          0        108   _printf_char.o
        48          6          0          0          0         96   _printf_char_common.o
        40          0          0          0          0         68   _printf_charcount.o
         6          0          0          0          0          0   _printf_d.o
       120         16          0          0          0         92   _printf_dec.o
         6          0          0          0          0          0   _printf_e.o
         6          0          0          0          0          0   _printf_f.o
      1054          0          0          0          0        216   _printf_fp_dec.o
       764          8         38          0          0        100   _printf_fp_hex.o
       128         16          0          0          0         84   _printf_fp_infnan.o
         6          0          0          0          0          0   _printf_g.o
       148          4         40          0          0        160   _printf_hex_int_ll_ptr.o
         6          0          0          0          0          0   _printf_i.o
       178          0          0          0          0         88   _printf_intcommon.o
        10          0          0          0          0          0   _printf_l.o
         6          0          0          0          0          0   _printf_lc.o
        10          0          0          0          0          0   _printf_ll.o
         6          0          0          0          0          0   _printf_lld.o
         6          0          0          0          0          0   _printf_lli.o
         6          0          0          0          0          0   _printf_llo.o
         6          0          0          0          0          0   _printf_llu.o
         6          0          0          0          0          0   _printf_llx.o
       124         16          0          0          0         92   _printf_longlong_dec.o
         6          0          0          0          0          0   _printf_ls.o
         6          0          0          0          0          0   _printf_n.o
         6          0          0          0          0          0   _printf_o.o
       112         10          0          0          0        124   _printf_oct_int_ll.o
         6          0          0          0          0          0   _printf_p.o
        78          0          0          0          0        108   _printf_pad.o
         0          0          0          0          0          0   _printf_percent.o
         4          0          0          0          0          0   _printf_percent_end.o
         6          0          0          0          0          0   _printf_s.o
        82          0          0          0          0         80   _printf_str.o
        36          0          0          0          0         84   _printf_truncate.o
         6          0          0          0          0          0   _printf_u.o
        44          0          0          0          0        108   _printf_wchar.o
       188          6          8          0          0         92   _printf_wctomb.o
         6          0          0          0          0          0   _printf_x.o
        22          0          0          0          0        100   _rserrno.o
        16          0          0          0          0         68   _snputc.o
        10          0          0          0          0         68   _sputc.o
        64          0          0          0          0         92   _wcrtomb.o
        16          0          0          0          0         68   aeabi_memset.o
       228          4        148          0          0         96   bigflt0.o
      1936        128          0          0          0        672   btod.o
        18          0          0          0          0         80   exit.o
         6          0          0          0          0        152   heapauxi.o
         0          0          0          0          0          0   indicate_semi.o
        44         10        272          0          0         76   lc_ctype_c.o
        44         10         28          0          0         76   lc_numeric_c.o
         2          0          0          0          0          0   libinit.o
        34          0          0          0          0          0   libinit2.o
         2          0          0          0          0          0   libshutdown.o
         2          0          0          0          0          0   libshutdown2.o
         8          4          0          0         96         68   libspace.o
       138          0          0          0          0         80   lludiv10.o
       238          0          0          0          0        100   lludivv7m.o
        16          4          0          0          0         76   rt_ctype_table.o
         8          4          0          0          0         68   rt_errno_addr_intlibspace.o
         8          4          0          0          0         68   rt_locale_intlibspace.o
        68          0          0          0          0         68   rt_memclr.o
        78          0          0          0          0         80   rt_memclr_w.o
       138          0          0          0          0         68   rt_memcpy_v6.o
       100          0          0          0          0         80   rt_memcpy_w.o
         2          0          0          0          0          0   rtexit.o
        10          0          0          0          0          0   rtexit2.o
       104          0          0          0          0         68   strcmpv7m_pel.o
        62          0          0          0          0         76   strlen.o
        12          4          0          0          0         68   sys_exit.o
        74          0          0          0          0         80   sys_stackheap_outer.o
         2          0          0          0          0         68   use_no_semi.o
        52          4          0          0          0         80   vsnprintf.o
        94          4          0          0          0        140   dfix.o
        46          0          0          0          0        116   dflt_clz.o
       156          4          0          0          0        140   dnaninf.o
        12          0          0          0          0        116   dretinf.o
       408         56          0          0          0        168   dsqrt_umaal.o
        86          4          0          0          0        132   f2d.o
       140          4          0          0          0        132   fnaninf.o
        10          0          0          0          0        116   fpinit.o
         4          0          0          0          0        116   printf1.o
         4          0          0          0          0        116   printf2.o
         0          0          0          0          0          0   usenofp.o
       592         90          0          0          0        184   atan2f.o
        48          0          0          0          0        124   fpclassify.o
        38          0          0          0          0        116   fpclassifyf.o
        22          6          0          0          0        232   funder.o
       122          0          0          0          0        148   sqrt.o
        58          0          0          0          0        136   sqrtf.o

    ----------------------------------------------------------------------
      9356        438        552          0         96       6904   Library Totals
        20          0          1          0          0          0   (incl. Padding)

    ----------------------------------------------------------------------

      Code (inc. data)   RO Data    RW Data    ZI Data      Debug   Library Name

      7496        270        551          0         96       4672   c_w.l
       960         72          0          0          0       1292   fz_wm.l
       880         96          0          0          0        940   m_wm.l

    ----------------------------------------------------------------------
      9356        438        552          0         96       6904   Library Totals

    ----------------------------------------------------------------------

==============================================================================


      Code (inc. data)   RO Data    RW Data    ZI Data      Debug   

     48380       4002       7620        496      11744    1349355   Grand Totals
     48380       4002       7620        124      11744    1349355   ELF Image Totals (compressed)
     48380       4002       7620        124          0          0   ROM Totals

==============================================================================

    Total RO  Size (Code + RO Data)                56000 (  54.69kB)
    Total RW  Size (RW Data + ZI Data)             12240 (  11.95kB)
    Total ROM Size (Code + RO Data + RW Data)      56124 (  54.81kB)

==============================================================================

