<html>
<body>
<pre>
<h1>µVision Build Log</h1>
<h2>Tool Versions:</h2>
IDE-Version: ¦ÌVision V5.42.0.0
Copyright (C) 2025 ARM Ltd and ARM Germany GmbH. All rights reserved.
License Information: A B, C, LIC=14HV2-9VYMD-KPPZY-IK9AZ-WLZ2E-JTCH0
 
Tool Versions:
Toolchain:       MDK-ARM Plus  Version: 5.42.0.0
Toolchain Path:  D:\keil5\ARM\ARMCC\Bin
C Compiler:      Armcc.exe V5.06 update 5 (build 528)
Assembler:       Armasm.exe V5.06 update 5 (build 528)
Linker/Locator:  ArmLink.exe V5.06 update 5 (build 528)
Library Manager: ArmAr.exe V5.06 update 5 (build 528)
Hex Converter:   FromElf.exe V5.06 update 5 (build 528)
CPU DLL:         SARMCM3.DLL V5.42.0.0
Dialog DLL:      DCM.DLL V1.17.5.0
Target DLL:      CMSIS_AGDI.dll V1.33.22.0
Dialog DLL:      TCM.DLL V1.56.6.0
 
<h2>Project:</h2>
D:\aa_WORKFILES\projectsave\competition\chinarobot\robot-ZiDongFenJian-main\robot-ZiDongFenJian\MDK-ARM\robot-ZiDongFenJian.uvprojx
Project File Date:  12/12/2025

<h2>Output:</h2>
*** Using Compiler 'V5.06 update 5 (build 528)', folder: 'D:\keil5\ARM\ARMCC\Bin'
Rebuild target 'robot-ZiDongFenJian'
assembling startup_stm32f750xx.s...
compiling dma.c...
compiling stm32f7xx_it.c...
compiling stm32f7xx_hal_timebase_tim.c...
compiling stm32f7xx_hal_msp.c...
compiling gpio.c...
compiling can.c...
compiling freertos.c...
compiling stm32f7xx_hal_tim_ex.c...
compiling main.c...
compiling usart.c...
compiling stm32f7xx_hal_tim.c...
compiling stm32f7xx_hal_flash_ex.c...
compiling stm32f7xx_hal_dma_ex.c...
compiling stm32f7xx_hal_gpio.c...
compiling stm32f7xx_hal_dma.c...
compiling stm32f7xx_hal_cortex.c...
compiling stm32f7xx_hal_pwr.c...
compiling stm32f7xx_hal_pwr_ex.c...
compiling stm32f7xx_hal_flash.c...
compiling stm32f7xx_hal_can.c...
compiling croutine.c...
compiling stm32f7xx_hal_rcc_ex.c...
compiling event_groups.c...
compiling stm32f7xx_hal_rcc.c...
compiling list.c...
compiling queue.c...
compiling stream_buffer.c...
compiling timers.c...
compiling tasks.c...
compiling port.c...
compiling cmsis_os.c...
compiling stm32f7xx_hal.c...
compiling motor_basic.c...
compiling stm32f7xx_hal_i2c_ex.c...
compiling stm32f7xx_hal_uart_ex.c...
compiling stm32f7xx_hal_exti.c...
compiling system_stm32f7xx.c...
compiling mycan.c...
compiling bsp.c...
compiling logger.c...
compiling stm32f7xx_hal_i2c.c...
compiling stm32f7xx_hal_uart.c...
compiling my_it.c...
compiling application.c...
compiling motor_application.c...
compiling HW.c...
compiling QR_code.c...
compiling imu.c...
compiling openmv.c...
compiling servo.c...
compiling TrackBoard.c...
compiling my_tasks.c...
compiling chassis.c...
compiling fast_math.c...
compiling integraler.c...
compiling application_CK.c...
compiling application_YPJ.c...
compiling miniCMD.c...
compiling application_HOME.c...
compiling application_Route.c...
compiling PID.c...
compiling application_JT.c...
compiling application_LZ.c...
compiling application_common.c...
linking...
Program Size: Code=48380 RO-data=7620 RW-data=496 ZI-data=11744  
"robot-ZiDongFenJian\robot-ZiDongFenJian.axf" - 0 Error(s), 0 Warning(s).

<h2>Software Packages used:</h2>

Package Vendor: ARM
                https://www.keil.com/pack/ARM.CMSIS.6.1.0.pack
                ARM::CMSIS@6.1.0
                CMSIS (Common Microcontroller Software Interface Standard)
   * Component: CORE Version: 6.1.0

Package Vendor: Keil
                https://www.keil.com/pack/Keil.STM32F7xx_DFP.3.1.1.pack
                Keil::STM32F7xx_DFP@3.1.1
                STMicroelectronics STM32F7 Series Device Support

<h2>Collection of Component include folders:</h2>
  ./RTE/_robot-ZiDongFenJian
  D:/keil5/ARM/PACK/ARM/CMSIS/6.1.0/CMSIS/Core/Include

<h2>Collection of Component Files used:</h2>

   * Component: ARM::CMSIS:CORE@6.1.0
      Include file:  CMSIS/Core/Include/tz_context.h
Build Time Elapsed:  00:00:39
</pre>
</body>
</html>
