<!doctype html public "-//w3c//dtd html 4.0 transitional//en">
<html><head>
<title>Static Call Graph - [robot-ZiDongFenJian\robot-ZiDongFenJian.axf]</title></head>
<body><HR>
<H1>Static Call Graph for image robot-ZiDongFenJian\robot-ZiDongFenJian.axf</H1><HR>
<BR><P>#&#060CALLGRAPH&#062# ARM Linker, 5060528: Last Updated: Sun Mar 22 10:49:06 2026
<BR><P>
<H3>Maximum Stack Usage =        400 bytes + Unknown(Functions without stacksize, Cycles, Untraceable Function Pointers)</H3><H3>
Call chain for Maximum Stack Depth:</H3>
MainTask &rArr; miniCMD_run &rArr; xxx_print_log_f &rArr; vsnprintf &rArr; _printf_char_common &rArr; __printf
<P>
<H3>
Functions with no stack information
</H3><UL>
 <LI><a href="#[122]">__user_initial_stackheap</a>
</UL>
</UL>
<P>
<H3>
Mutually Recursive functions
</H3> <LI><a href="#[24]">ADC_IRQHandler</a>&nbsp;&nbsp;&nbsp;&rArr;&nbsp;&nbsp;&nbsp;<a href="#[24]">ADC_IRQHandler</a><BR>
 <LI><a href="#[c]">BusFault_Handler</a>&nbsp;&nbsp;&nbsp;&rArr;&nbsp;&nbsp;&nbsp;<a href="#[c]">BusFault_Handler</a><BR>
 <LI><a href="#[a]">HardFault_Handler</a>&nbsp;&nbsp;&nbsp;&rArr;&nbsp;&nbsp;&nbsp;<a href="#[a]">HardFault_Handler</a><BR>
 <LI><a href="#[18e]">UART_EndRxTransfer</a>&nbsp;&nbsp;&nbsp;&rArr;&nbsp;&nbsp;&nbsp;<a href="#[18e]">UART_EndRxTransfer</a><BR>
 <LI><a href="#[b]">MemManage_Handler</a>&nbsp;&nbsp;&nbsp;&rArr;&nbsp;&nbsp;&nbsp;<a href="#[b]">MemManage_Handler</a><BR>
 <LI><a href="#[9]">NMI_Handler</a>&nbsp;&nbsp;&nbsp;&rArr;&nbsp;&nbsp;&nbsp;<a href="#[9]">NMI_Handler</a><BR>
 <LI><a href="#[d]">UsageFault_Handler</a>&nbsp;&nbsp;&nbsp;&rArr;&nbsp;&nbsp;&nbsp;<a href="#[d]">UsageFault_Handler</a><BR>
 <LI><a href="#[1ee]">UART_EndTxTransfer</a>&nbsp;&nbsp;&nbsp;&rArr;&nbsp;&nbsp;&nbsp;<a href="#[1ee]">UART_EndTxTransfer</a><BR>
</UL>
<P>
<H3>
Function Pointers
</H3><UL>
 <LI><a href="#[24]">ADC_IRQHandler</a> from startup_stm32f750xx.o(.text) referenced from startup_stm32f750xx.o(RESET)
 <LI><a href="#[c]">BusFault_Handler</a> from stm32f7xx_it.o(i.BusFault_Handler) referenced from startup_stm32f750xx.o(RESET)
 <LI><a href="#[26]">CAN1_RX0_IRQHandler</a> from startup_stm32f750xx.o(.text) referenced from startup_stm32f750xx.o(RESET)
 <LI><a href="#[27]">CAN1_RX1_IRQHandler</a> from startup_stm32f750xx.o(.text) referenced from startup_stm32f750xx.o(RESET)
 <LI><a href="#[28]">CAN1_SCE_IRQHandler</a> from startup_stm32f750xx.o(.text) referenced from startup_stm32f750xx.o(RESET)
 <LI><a href="#[25]">CAN1_TX_IRQHandler</a> from startup_stm32f750xx.o(.text) referenced from startup_stm32f750xx.o(RESET)
 <LI><a href="#[52]">CAN2_RX0_IRQHandler</a> from startup_stm32f750xx.o(.text) referenced from startup_stm32f750xx.o(RESET)
 <LI><a href="#[53]">CAN2_RX1_IRQHandler</a> from startup_stm32f750xx.o(.text) referenced from startup_stm32f750xx.o(RESET)
 <LI><a href="#[54]">CAN2_SCE_IRQHandler</a> from startup_stm32f750xx.o(.text) referenced from startup_stm32f750xx.o(RESET)
 <LI><a href="#[51]">CAN2_TX_IRQHandler</a> from startup_stm32f750xx.o(.text) referenced from startup_stm32f750xx.o(RESET)
 <LI><a href="#[70]">CEC_IRQHandler</a> from startup_stm32f750xx.o(.text) referenced from startup_stm32f750xx.o(RESET)
 <LI><a href="#[61]">CRYP_IRQHandler</a> from startup_stm32f750xx.o(.text) referenced from startup_stm32f750xx.o(RESET)
 <LI><a href="#[87]">ChassisTask</a> from my_tasks.o(i.ChassisTask) referenced from my_tasks.o(i.createTask)
 <LI><a href="#[60]">DCMI_IRQHandler</a> from startup_stm32f750xx.o(.text) referenced from startup_stm32f750xx.o(RESET)
 <LI><a href="#[1d]">DMA1_Stream0_IRQHandler</a> from stm32f7xx_it.o(i.DMA1_Stream0_IRQHandler) referenced from startup_stm32f750xx.o(RESET)
 <LI><a href="#[1e]">DMA1_Stream1_IRQHandler</a> from stm32f7xx_it.o(i.DMA1_Stream1_IRQHandler) referenced from startup_stm32f750xx.o(RESET)
 <LI><a href="#[1f]">DMA1_Stream2_IRQHandler</a> from startup_stm32f750xx.o(.text) referenced from startup_stm32f750xx.o(RESET)
 <LI><a href="#[20]">DMA1_Stream3_IRQHandler</a> from stm32f7xx_it.o(i.DMA1_Stream3_IRQHandler) referenced from startup_stm32f750xx.o(RESET)
 <LI><a href="#[21]">DMA1_Stream4_IRQHandler</a> from startup_stm32f750xx.o(.text) referenced from startup_stm32f750xx.o(RESET)
 <LI><a href="#[22]">DMA1_Stream5_IRQHandler</a> from stm32f7xx_it.o(i.DMA1_Stream5_IRQHandler) referenced from startup_stm32f750xx.o(RESET)
 <LI><a href="#[23]">DMA1_Stream6_IRQHandler</a> from stm32f7xx_it.o(i.DMA1_Stream6_IRQHandler) referenced from startup_stm32f750xx.o(RESET)
 <LI><a href="#[41]">DMA1_Stream7_IRQHandler</a> from stm32f7xx_it.o(i.DMA1_Stream7_IRQHandler) referenced from startup_stm32f750xx.o(RESET)
 <LI><a href="#[6c]">DMA2D_IRQHandler</a> from startup_stm32f750xx.o(.text) referenced from startup_stm32f750xx.o(RESET)
 <LI><a href="#[4a]">DMA2_Stream0_IRQHandler</a> from startup_stm32f750xx.o(.text) referenced from startup_stm32f750xx.o(RESET)
 <LI><a href="#[4b]">DMA2_Stream1_IRQHandler</a> from startup_stm32f750xx.o(.text) referenced from startup_stm32f750xx.o(RESET)
 <LI><a href="#[4c]">DMA2_Stream2_IRQHandler</a> from startup_stm32f750xx.o(.text) referenced from startup_stm32f750xx.o(RESET)
 <LI><a href="#[4d]">DMA2_Stream3_IRQHandler</a> from startup_stm32f750xx.o(.text) referenced from startup_stm32f750xx.o(RESET)
 <LI><a href="#[4e]">DMA2_Stream4_IRQHandler</a> from startup_stm32f750xx.o(.text) referenced from startup_stm32f750xx.o(RESET)
 <LI><a href="#[56]">DMA2_Stream5_IRQHandler</a> from startup_stm32f750xx.o(.text) referenced from startup_stm32f750xx.o(RESET)
 <LI><a href="#[57]">DMA2_Stream6_IRQHandler</a> from startup_stm32f750xx.o(.text) referenced from startup_stm32f750xx.o(RESET)
 <LI><a href="#[58]">DMA2_Stream7_IRQHandler</a> from startup_stm32f750xx.o(.text) referenced from startup_stm32f750xx.o(RESET)
 <LI><a href="#[f]">DebugMon_Handler</a> from stm32f7xx_it.o(i.DebugMon_Handler) referenced from startup_stm32f750xx.o(RESET)
 <LI><a href="#[4f]">ETH_IRQHandler</a> from startup_stm32f750xx.o(.text) referenced from startup_stm32f750xx.o(RESET)
 <LI><a href="#[50]">ETH_WKUP_IRQHandler</a> from startup_stm32f750xx.o(.text) referenced from startup_stm32f750xx.o(RESET)
 <LI><a href="#[18]">EXTI0_IRQHandler</a> from startup_stm32f750xx.o(.text) referenced from startup_stm32f750xx.o(RESET)
 <LI><a href="#[3a]">EXTI15_10_IRQHandler</a> from startup_stm32f750xx.o(.text) referenced from startup_stm32f750xx.o(RESET)
 <LI><a href="#[19]">EXTI1_IRQHandler</a> from startup_stm32f750xx.o(.text) referenced from startup_stm32f750xx.o(RESET)
 <LI><a href="#[1a]">EXTI2_IRQHandler</a> from startup_stm32f750xx.o(.text) referenced from startup_stm32f750xx.o(RESET)
 <LI><a href="#[1b]">EXTI3_IRQHandler</a> from startup_stm32f750xx.o(.text) referenced from startup_stm32f750xx.o(RESET)
 <LI><a href="#[1c]">EXTI4_IRQHandler</a> from startup_stm32f750xx.o(.text) referenced from startup_stm32f750xx.o(RESET)
 <LI><a href="#[29]">EXTI9_5_IRQHandler</a> from startup_stm32f750xx.o(.text) referenced from startup_stm32f750xx.o(RESET)
 <LI><a href="#[16]">FLASH_IRQHandler</a> from startup_stm32f750xx.o(.text) referenced from startup_stm32f750xx.o(RESET)
 <LI><a href="#[42]">FMC_IRQHandler</a> from startup_stm32f750xx.o(.text) referenced from startup_stm32f750xx.o(RESET)
 <LI><a href="#[63]">FPU_IRQHandler</a> from startup_stm32f750xx.o(.text) referenced from startup_stm32f750xx.o(RESET)
 <LI><a href="#[6]">Get_QR_Data</a> from qr_code.o(i.Get_QR_Data) referenced 2 times from qr_code.o(.data)
 <LI><a href="#[62]">HASH_RNG_IRQHandler</a> from startup_stm32f750xx.o(.text) referenced from startup_stm32f750xx.o(RESET)
 <LI><a href="#[a]">HardFault_Handler</a> from stm32f7xx_it.o(i.HardFault_Handler) referenced from startup_stm32f750xx.o(RESET)
 <LI><a href="#[32]">I2C1_ER_IRQHandler</a> from startup_stm32f750xx.o(.text) referenced from startup_stm32f750xx.o(RESET)
 <LI><a href="#[31]">I2C1_EV_IRQHandler</a> from startup_stm32f750xx.o(.text) referenced from startup_stm32f750xx.o(RESET)
 <LI><a href="#[34]">I2C2_ER_IRQHandler</a> from startup_stm32f750xx.o(.text) referenced from startup_stm32f750xx.o(RESET)
 <LI><a href="#[33]">I2C2_EV_IRQHandler</a> from startup_stm32f750xx.o(.text) referenced from startup_stm32f750xx.o(RESET)
 <LI><a href="#[5b]">I2C3_ER_IRQHandler</a> from startup_stm32f750xx.o(.text) referenced from startup_stm32f750xx.o(RESET)
 <LI><a href="#[5a]">I2C3_EV_IRQHandler</a> from startup_stm32f750xx.o(.text) referenced from startup_stm32f750xx.o(RESET)
 <LI><a href="#[72]">I2C4_ER_IRQHandler</a> from startup_stm32f750xx.o(.text) referenced from startup_stm32f750xx.o(RESET)
 <LI><a href="#[71]">I2C4_EV_IRQHandler</a> from startup_stm32f750xx.o(.text) referenced from startup_stm32f750xx.o(RESET)
 <LI><a href="#[88]">JT_TrackTask</a> from my_tasks.o(i.JT_TrackTask) referenced from my_tasks.o(i.createTask)
 <LI><a href="#[6f]">LPTIM1_IRQHandler</a> from startup_stm32f750xx.o(.text) referenced from startup_stm32f750xx.o(RESET)
 <LI><a href="#[6b]">LTDC_ER_IRQHandler</a> from startup_stm32f750xx.o(.text) referenced from startup_stm32f750xx.o(RESET)
 <LI><a href="#[6a]">LTDC_IRQHandler</a> from startup_stm32f750xx.o(.text) referenced from startup_stm32f750xx.o(RESET)
 <LI><a href="#[86]">MainTask</a> from my_tasks.o(i.MainTask) referenced from my_tasks.o(i.createTask)
 <LI><a href="#[b]">MemManage_Handler</a> from stm32f7xx_it.o(i.MemManage_Handler) referenced from startup_stm32f750xx.o(RESET)
 <LI><a href="#[9]">NMI_Handler</a> from stm32f7xx_it.o(i.NMI_Handler) referenced from startup_stm32f750xx.o(RESET)
 <LI><a href="#[55]">OTG_FS_IRQHandler</a> from startup_stm32f750xx.o(.text) referenced from startup_stm32f750xx.o(RESET)
 <LI><a href="#[3c]">OTG_FS_WKUP_IRQHandler</a> from startup_stm32f750xx.o(.text) referenced from startup_stm32f750xx.o(RESET)
 <LI><a href="#[5d]">OTG_HS_EP1_IN_IRQHandler</a> from startup_stm32f750xx.o(.text) referenced from startup_stm32f750xx.o(RESET)
 <LI><a href="#[5c]">OTG_HS_EP1_OUT_IRQHandler</a> from startup_stm32f750xx.o(.text) referenced from startup_stm32f750xx.o(RESET)
 <LI><a href="#[5f]">OTG_HS_IRQHandler</a> from startup_stm32f750xx.o(.text) referenced from startup_stm32f750xx.o(RESET)
 <LI><a href="#[5e]">OTG_HS_WKUP_IRQHandler</a> from startup_stm32f750xx.o(.text) referenced from startup_stm32f750xx.o(RESET)
 <LI><a href="#[13]">PVD_IRQHandler</a> from startup_stm32f750xx.o(.text) referenced from startup_stm32f750xx.o(RESET)
 <LI><a href="#[10]">PendSV_Handler</a> from port.o(.emb_text) referenced from startup_stm32f750xx.o(RESET)
 <LI><a href="#[4]">QR_Init</a> from qr_code.o(i.QR_Init) referenced 2 times from qr_code.o(.data)
 <LI><a href="#[5]">QR_USART_DATA_Processing</a> from qr_code.o(i.QR_USART_DATA_Processing) referenced 2 times from qr_code.o(.data)
 <LI><a href="#[6e]">QUADSPI_IRQHandler</a> from startup_stm32f750xx.o(.text) referenced from startup_stm32f750xx.o(RESET)
 <LI><a href="#[17]">RCC_IRQHandler</a> from startup_stm32f750xx.o(.text) referenced from startup_stm32f750xx.o(RESET)
 <LI><a href="#[3b]">RTC_Alarm_IRQHandler</a> from startup_stm32f750xx.o(.text) referenced from startup_stm32f750xx.o(RESET)
 <LI><a href="#[15]">RTC_WKUP_IRQHandler</a> from startup_stm32f750xx.o(.text) referenced from startup_stm32f750xx.o(RESET)
 <LI><a href="#[8]">Reset_Handler</a> from startup_stm32f750xx.o(.text) referenced from startup_stm32f750xx.o(RESET)
 <LI><a href="#[69]">SAI1_IRQHandler</a> from startup_stm32f750xx.o(.text) referenced from startup_stm32f750xx.o(RESET)
 <LI><a href="#[6d]">SAI2_IRQHandler</a> from startup_stm32f750xx.o(.text) referenced from startup_stm32f750xx.o(RESET)
 <LI><a href="#[43]">SDMMC1_IRQHandler</a> from startup_stm32f750xx.o(.text) referenced from startup_stm32f750xx.o(RESET)
 <LI><a href="#[73]">SPDIF_RX_IRQHandler</a> from startup_stm32f750xx.o(.text) referenced from startup_stm32f750xx.o(RESET)
 <LI><a href="#[35]">SPI1_IRQHandler</a> from startup_stm32f750xx.o(.text) referenced from startup_stm32f750xx.o(RESET)
 <LI><a href="#[36]">SPI2_IRQHandler</a> from startup_stm32f750xx.o(.text) referenced from startup_stm32f750xx.o(RESET)
 <LI><a href="#[45]">SPI3_IRQHandler</a> from startup_stm32f750xx.o(.text) referenced from startup_stm32f750xx.o(RESET)
 <LI><a href="#[66]">SPI4_IRQHandler</a> from startup_stm32f750xx.o(.text) referenced from startup_stm32f750xx.o(RESET)
 <LI><a href="#[67]">SPI5_IRQHandler</a> from startup_stm32f750xx.o(.text) referenced from startup_stm32f750xx.o(RESET)
 <LI><a href="#[68]">SPI6_IRQHandler</a> from startup_stm32f750xx.o(.text) referenced from startup_stm32f750xx.o(RESET)
 <LI><a href="#[e]">SVC_Handler</a> from port.o(.emb_text) referenced from startup_stm32f750xx.o(RESET)
 <LI><a href="#[7]">Set_QR_Data_Zero</a> from qr_code.o(i.Set_QR_Data_Zero) referenced 2 times from qr_code.o(.data)
 <LI><a href="#[8c]">StartDefaultTask</a> from my_tasks.o(i.StartDefaultTask) referenced from freertos.o(.constdata)
 <LI><a href="#[11]">SysTick_Handler</a> from port.o(i.SysTick_Handler) referenced from startup_stm32f750xx.o(RESET)
 <LI><a href="#[74]">SystemInit</a> from system_stm32f7xx.o(i.SystemInit) referenced from startup_stm32f750xx.o(.text)
 <LI><a href="#[14]">TAMP_STAMP_IRQHandler</a> from startup_stm32f750xx.o(.text) referenced from startup_stm32f750xx.o(RESET)
 <LI><a href="#[2a]">TIM1_BRK_TIM9_IRQHandler</a> from startup_stm32f750xx.o(.text) referenced from startup_stm32f750xx.o(RESET)
 <LI><a href="#[2d]">TIM1_CC_IRQHandler</a> from startup_stm32f750xx.o(.text) referenced from startup_stm32f750xx.o(RESET)
 <LI><a href="#[2c]">TIM1_TRG_COM_TIM11_IRQHandler</a> from startup_stm32f750xx.o(.text) referenced from startup_stm32f750xx.o(RESET)
 <LI><a href="#[2b]">TIM1_UP_TIM10_IRQHandler</a> from stm32f7xx_it.o(i.TIM1_UP_TIM10_IRQHandler) referenced from startup_stm32f750xx.o(RESET)
 <LI><a href="#[2e]">TIM2_IRQHandler</a> from startup_stm32f750xx.o(.text) referenced from startup_stm32f750xx.o(RESET)
 <LI><a href="#[2f]">TIM3_IRQHandler</a> from startup_stm32f750xx.o(.text) referenced from startup_stm32f750xx.o(RESET)
 <LI><a href="#[30]">TIM4_IRQHandler</a> from startup_stm32f750xx.o(.text) referenced from startup_stm32f750xx.o(RESET)
 <LI><a href="#[44]">TIM5_IRQHandler</a> from startup_stm32f750xx.o(.text) referenced from startup_stm32f750xx.o(RESET)
 <LI><a href="#[48]">TIM6_DAC_IRQHandler</a> from startup_stm32f750xx.o(.text) referenced from startup_stm32f750xx.o(RESET)
 <LI><a href="#[49]">TIM7_IRQHandler</a> from startup_stm32f750xx.o(.text) referenced from startup_stm32f750xx.o(RESET)
 <LI><a href="#[3d]">TIM8_BRK_TIM12_IRQHandler</a> from startup_stm32f750xx.o(.text) referenced from startup_stm32f750xx.o(RESET)
 <LI><a href="#[40]">TIM8_CC_IRQHandler</a> from startup_stm32f750xx.o(.text) referenced from startup_stm32f750xx.o(RESET)
 <LI><a href="#[3f]">TIM8_TRG_COM_TIM14_IRQHandler</a> from startup_stm32f750xx.o(.text) referenced from startup_stm32f750xx.o(RESET)
 <LI><a href="#[3e]">TIM8_UP_TIM13_IRQHandler</a> from startup_stm32f750xx.o(.text) referenced from startup_stm32f750xx.o(RESET)
 <LI><a href="#[84]">TrackBoard_read_L</a> from trackboard.o(i.TrackBoard_read_L) referenced from application_ypj.o(i.YPJ_ready)
 <LI><a href="#[84]">TrackBoard_read_L</a> from trackboard.o(i.TrackBoard_read_L) referenced from application_ypj.o(i.find_ender)
 <LI><a href="#[85]">TrackBoard_read_R</a> from trackboard.o(i.TrackBoard_read_R) referenced from application_ypj.o(i.YPJ_ready)
 <LI><a href="#[85]">TrackBoard_read_R</a> from trackboard.o(i.TrackBoard_read_R) referenced from application_ypj.o(i.find_ender)
 <LI><a href="#[46]">UART4_IRQHandler</a> from stm32f7xx_it.o(i.UART4_IRQHandler) referenced from startup_stm32f750xx.o(RESET)
 <LI><a href="#[47]">UART5_IRQHandler</a> from stm32f7xx_it.o(i.UART5_IRQHandler) referenced from startup_stm32f750xx.o(RESET)
 <LI><a href="#[64]">UART7_IRQHandler</a> from stm32f7xx_it.o(i.UART7_IRQHandler) referenced from startup_stm32f750xx.o(RESET)
 <LI><a href="#[65]">UART8_IRQHandler</a> from stm32f7xx_it.o(i.UART8_IRQHandler) referenced from startup_stm32f750xx.o(RESET)
 <LI><a href="#[7c]">UART_DMAAbortOnError</a> from stm32f7xx_hal_uart.o(i.UART_DMAAbortOnError) referenced from stm32f7xx_hal_uart.o(i.HAL_UART_IRQHandler)
 <LI><a href="#[7f]">UART_DMAError</a> from stm32f7xx_hal_uart.o(i.UART_DMAError) referenced from stm32f7xx_hal_uart.o(i.HAL_UART_Transmit_DMA)
 <LI><a href="#[7f]">UART_DMAError</a> from stm32f7xx_hal_uart.o(i.UART_DMAError) referenced from stm32f7xx_hal_uart.o(i.UART_Start_Receive_DMA)
 <LI><a href="#[80]">UART_DMAReceiveCplt</a> from stm32f7xx_hal_uart.o(i.UART_DMAReceiveCplt) referenced from stm32f7xx_hal_uart.o(i.UART_Start_Receive_DMA)
 <LI><a href="#[7b]">UART_DMARxAbortCallback</a> from stm32f7xx_hal_uart.o(i.UART_DMARxAbortCallback) referenced from stm32f7xx_hal_uart.o(i.HAL_UART_Abort_IT)
 <LI><a href="#[81]">UART_DMARxHalfCplt</a> from stm32f7xx_hal_uart.o(i.UART_DMARxHalfCplt) referenced from stm32f7xx_hal_uart.o(i.UART_Start_Receive_DMA)
 <LI><a href="#[79]">UART_DMARxOnlyAbortCallback</a> from stm32f7xx_hal_uart.o(i.UART_DMARxOnlyAbortCallback) referenced from stm32f7xx_hal_uart.o(i.HAL_UART_AbortReceive_IT)
 <LI><a href="#[7d]">UART_DMATransmitCplt</a> from stm32f7xx_hal_uart.o(i.UART_DMATransmitCplt) referenced from stm32f7xx_hal_uart.o(i.HAL_UART_Transmit_DMA)
 <LI><a href="#[7a]">UART_DMATxAbortCallback</a> from stm32f7xx_hal_uart.o(i.UART_DMATxAbortCallback) referenced from stm32f7xx_hal_uart.o(i.HAL_UART_Abort_IT)
 <LI><a href="#[7e]">UART_DMATxHalfCplt</a> from stm32f7xx_hal_uart.o(i.UART_DMATxHalfCplt) referenced from stm32f7xx_hal_uart.o(i.HAL_UART_Transmit_DMA)
 <LI><a href="#[83]">UART_RxISR_16BIT</a> from stm32f7xx_hal_uart.o(i.UART_RxISR_16BIT) referenced from stm32f7xx_hal_uart.o(i.UART_Start_Receive_IT)
 <LI><a href="#[82]">UART_RxISR_8BIT</a> from stm32f7xx_hal_uart.o(i.UART_RxISR_8BIT) referenced from stm32f7xx_hal_uart.o(i.UART_Start_Receive_IT)
 <LI><a href="#[37]">USART1_IRQHandler</a> from stm32f7xx_it.o(i.USART1_IRQHandler) referenced from startup_stm32f750xx.o(RESET)
 <LI><a href="#[38]">USART2_IRQHandler</a> from stm32f7xx_it.o(i.USART2_IRQHandler) referenced from startup_stm32f750xx.o(RESET)
 <LI><a href="#[39]">USART3_IRQHandler</a> from startup_stm32f750xx.o(.text) referenced from startup_stm32f750xx.o(RESET)
 <LI><a href="#[59]">USART6_IRQHandler</a> from startup_stm32f750xx.o(.text) referenced from startup_stm32f750xx.o(RESET)
 <LI><a href="#[d]">UsageFault_Handler</a> from stm32f7xx_it.o(i.UsageFault_Handler) referenced from startup_stm32f750xx.o(RESET)
 <LI><a href="#[12]">WWDG_IRQHandler</a> from startup_stm32f750xx.o(.text) referenced from startup_stm32f750xx.o(RESET)
 <LI><a href="#[c2]">__main</a> from __main.o(!!!main) referenced from startup_stm32f750xx.o(.text)
 <LI><a href="#[78]">_get_lc_ctype</a> from lc_ctype_c.o(locale$$code) referenced from rt_ctype_table.o(.text)
 <LI><a href="#[77]">_printf_input_char</a> from _printf_char_common.o(.text) referenced from _printf_char_common.o(.text)
 <LI><a href="#[76]">_snputc</a> from _snputc.o(.text) referenced from vsnprintf.o(.text)
 <LI><a href="#[8a]">prvIdleTask</a> from tasks.o(i.prvIdleTask) referenced from tasks.o(i.vTaskStartScheduler)
 <LI><a href="#[89]">prvTaskExitError</a> from port.o(i.prvTaskExitError) referenced from port.o(i.pxPortInitialiseStack)
 <LI><a href="#[8b]">prvTimerTask</a> from timers.o(i.prvTimerTask) referenced from timers.o(i.xTimerCreateTimerTask)
 <LI><a href="#[ad]">x___CK_ready_miniCMD_agentFun</a> from application_ck.o(i.x___CK_ready_miniCMD_agentFun) referenced from application_ck.o(miniCMDcommands)
 <LI><a href="#[ae]">x___CK_run_miniCMD_agentFun</a> from application_ck.o(i.x___CK_run_miniCMD_agentFun) referenced from application_ck.o(miniCMDcommands)
 <LI><a href="#[b0]">x___CalibrateAngle_super_miniCMD_agentFun</a> from application_common.o(i.x___CalibrateAngle_super_miniCMD_agentFun) referenced from application_common.o(miniCMDcommands)
 <LI><a href="#[97]">x___DBG_TrackBoard_print_miniCMD_agentFun</a> from trackboard.o(i.x___DBG_TrackBoard_print_miniCMD_agentFun) referenced from trackboard.o(miniCMDcommands)
 <LI><a href="#[99]">x___DBG_openMV_get_data_miniCMD_agentFun</a> from openmv.o(i.x___DBG_openMV_get_data_miniCMD_agentFun) referenced from openmv.o(miniCMDcommands)
 <LI><a href="#[b2]">x___HOME_run_miniCMD_agentFun</a> from application_home.o(i.x___HOME_run_miniCMD_agentFun) referenced from application_home.o(miniCMDcommands)
 <LI><a href="#[9a]">x___HW_test_miniCMD_agentFun</a> from hw.o(i.x___HW_test_miniCMD_agentFun) referenced from hw.o(miniCMDcommands)
 <LI><a href="#[b3]">x___JT_positioning_miniCMD_agentFun</a> from application_jt.o(i.x___JT_positioning_miniCMD_agentFun) referenced from application_jt.o(miniCMDcommands)
 <LI><a href="#[b5]">x___JT_ready_miniCMD_agentFun</a> from application_jt.o(i.x___JT_ready_miniCMD_agentFun) referenced from application_jt.o(miniCMDcommands)
 <LI><a href="#[b6]">x___JT_run_miniCMD_agentFun</a> from application_jt.o(i.x___JT_run_miniCMD_agentFun) referenced from application_jt.o(miniCMDcommands)
 <LI><a href="#[b4]">x___JT_scan_miniCMD_agentFun</a> from application_jt.o(i.x___JT_scan_miniCMD_agentFun) referenced from application_jt.o(miniCMDcommands)
 <LI><a href="#[8f]">x___LED_miniCMD_agentFun</a> from bsp.o(i.x___LED_miniCMD_agentFun) referenced from bsp.o(miniCMDcommands)
 <LI><a href="#[b7]">x___LZ_run_miniCMD_agentFun</a> from application_lz.o(i.x___LZ_run_miniCMD_agentFun) referenced from application_lz.o(miniCMDcommands)
 <LI><a href="#[9c]">x___Motor_LB_Set_Speed_miniCMD_agentFun</a> from motor_application.o(i.x___Motor_LB_Set_Speed_miniCMD_agentFun) referenced from motor_application.o(miniCMDcommands)
 <LI><a href="#[9d]">x___Motor_LF_Set_Speed_miniCMD_agentFun</a> from motor_application.o(i.x___Motor_LF_Set_Speed_miniCMD_agentFun) referenced from motor_application.o(miniCMDcommands)
 <LI><a href="#[9e]">x___Motor_RB_Set_Speed_miniCMD_agentFun</a> from motor_application.o(i.x___Motor_RB_Set_Speed_miniCMD_agentFun) referenced from motor_application.o(miniCMDcommands)
 <LI><a href="#[9f]">x___Motor_RF_Set_Speed_miniCMD_agentFun</a> from motor_application.o(i.x___Motor_RF_Set_Speed_miniCMD_agentFun) referenced from motor_application.o(miniCMDcommands)
 <LI><a href="#[9b]">x___Motor_Set_Speed_miniCMD_agentFun</a> from motor_application.o(i.x___Motor_Set_Speed_miniCMD_agentFun) referenced from motor_application.o(miniCMDcommands)
 <LI><a href="#[a0]">x___QR_text_miniCMD_agentFun</a> from qr_code.o(i.x___QR_text_miniCMD_agentFun) referenced from qr_code.o(miniCMDcommands)
 <LI><a href="#[96]">x___TrackBoard_text_miniCMD_agentFun</a> from trackboard.o(i.x___TrackBoard_text_miniCMD_agentFun) referenced from trackboard.o(miniCMDcommands)
 <LI><a href="#[be]">x___YPJ_ready_miniCMD_agentFun</a> from application_ypj.o(i.x___YPJ_ready_miniCMD_agentFun) referenced from application_ypj.o(miniCMDcommands)
 <LI><a href="#[c0]">x___YPJ_run_miniCMD_agentFun</a> from application_ypj.o(i.x___YPJ_run_miniCMD_agentFun) referenced from application_ypj.o(miniCMDcommands)
 <LI><a href="#[bf]">x___YPJ_scan_miniCMD_agentFun</a> from application_ypj.o(i.x___YPJ_scan_miniCMD_agentFun) referenced from application_ypj.o(miniCMDcommands)
 <LI><a href="#[8e]">x___beebee_miniCMD_agentFun</a> from bsp.o(i.x___beebee_miniCMD_agentFun) referenced from bsp.o(miniCMDcommands)
 <LI><a href="#[af]">x___find_line_miniCMD_agentFun</a> from application_common.o(i.x___find_line_miniCMD_agentFun) referenced from application_common.o(miniCMDcommands)
 <LI><a href="#[bb]">x___from_BZ_to_JT_miniCMD_agentFun</a> from application_route.o(i.x___from_BZ_to_JT_miniCMD_agentFun) referenced from application_route.o(miniCMDcommands)
 <LI><a href="#[b9]">x___from_CK_to_HOME_miniCMD_agentFun</a> from application_route.o(i.x___from_CK_to_HOME_miniCMD_agentFun) referenced from application_route.o(miniCMDcommands)
 <LI><a href="#[b8]">x___from_HOME_to_YPJ_miniCMD_agentFun</a> from application_route.o(i.x___from_HOME_to_YPJ_miniCMD_agentFun) referenced from application_route.o(miniCMDcommands)
 <LI><a href="#[bd]">x___from_JT_to_LZ_miniCMD_agentFun</a> from application_route.o(i.x___from_JT_to_LZ_miniCMD_agentFun) referenced from application_route.o(miniCMDcommands)
 <LI><a href="#[bc]">x___from_LZ_to_CK_miniCMD_agentFun</a> from application_route.o(i.x___from_LZ_to_CK_miniCMD_agentFun) referenced from application_route.o(miniCMDcommands)
 <LI><a href="#[ba]">x___from_YPJ_to_BZ_miniCMD_agentFun</a> from application_route.o(i.x___from_YPJ_to_BZ_miniCMD_agentFun) referenced from application_route.o(miniCMDcommands)
 <LI><a href="#[c1]">x___help_miniCMD_agentFun</a> from minicmd.o(i.x___help_miniCMD_agentFun) referenced from minicmd.o(miniCMDcommands)
 <LI><a href="#[94]">x___imu_get_angle_miniCMD_agentFun</a> from imu.o(i.x___imu_get_angle_miniCMD_agentFun) referenced from imu.o(miniCMDcommands)
 <LI><a href="#[95]">x___imu_get_errorCount_miniCMD_agentFun</a> from imu.o(i.x___imu_get_errorCount_miniCMD_agentFun) referenced from imu.o(miniCMDcommands)
 <LI><a href="#[93]">x___imu_set_angle_miniCMD_agentFun</a> from imu.o(i.x___imu_set_angle_miniCMD_agentFun) referenced from imu.o(miniCMDcommands)
 <LI><a href="#[b1]">x___keep_line_allTime_miniCMD_agentFun</a> from application_common.o(i.x___keep_line_allTime_miniCMD_agentFun) referenced from application_common.o(miniCMDcommands)
 <LI><a href="#[a9]">x___move_XY_w_miniCMD_agentFun</a> from chassis.o(i.x___move_XY_w_miniCMD_agentFun) referenced from chassis.o(miniCMDcommands)
 <LI><a href="#[a7]">x___move_miniCMD_agentFun</a> from chassis.o(i.x___move_miniCMD_agentFun) referenced from chassis.o(miniCMDcommands)
 <LI><a href="#[a8]">x___move_w_miniCMD_agentFun</a> from chassis.o(i.x___move_w_miniCMD_agentFun) referenced from chassis.o(miniCMDcommands)
 <LI><a href="#[98]">x___openMV_set_mode_miniCMD_agentFun</a> from openmv.o(i.x___openMV_set_mode_miniCMD_agentFun) referenced from openmv.o(miniCMDcommands)
 <LI><a href="#[aa]">x___print_Taskstack_miniCMD_agentFun</a> from my_tasks.o(i.x___print_Taskstack_miniCMD_agentFun) referenced from my_tasks.o(miniCMDcommands)
 <LI><a href="#[ac]">x___run_blue_miniCMD_agentFun</a> from application.o(i.x___run_blue_miniCMD_agentFun) referenced from application.o(miniCMDcommands)
 <LI><a href="#[ab]">x___run_red_miniCMD_agentFun</a> from application.o(i.x___run_red_miniCMD_agentFun) referenced from application.o(miniCMDcommands)
 <LI><a href="#[91]">x___servo_action_miniCMD_agentFun</a> from servo.o(i.x___servo_action_miniCMD_agentFun) referenced from servo.o(miniCMDcommands)
 <LI><a href="#[92]">x___servo_action_w_miniCMD_agentFun</a> from servo.o(i.x___servo_action_w_miniCMD_agentFun) referenced from servo.o(miniCMDcommands)
 <LI><a href="#[a2]">x___set_Angle_enable_miniCMD_agentFun</a> from chassis.o(i.x___set_Angle_enable_miniCMD_agentFun) referenced from chassis.o(miniCMDcommands)
 <LI><a href="#[a1]">x___set_angle_pid_miniCMD_agentFun</a> from chassis.o(i.x___set_angle_pid_miniCMD_agentFun) referenced from chassis.o(miniCMDcommands)
 <LI><a href="#[8d]">x___set_site_miniCMD_agentFun</a> from bsp.o(i.x___set_site_miniCMD_agentFun) referenced from bsp.o(miniCMDcommands)
 <LI><a href="#[a4]">x___set_speed_RXY_miniCMD_agentFun</a> from chassis.o(i.x___set_speed_RXY_miniCMD_agentFun) referenced from chassis.o(miniCMDcommands)
 <LI><a href="#[a3]">x___set_speed_xyZ_miniCMD_agentFun</a> from chassis.o(i.x___set_speed_xyZ_miniCMD_agentFun) referenced from chassis.o(miniCMDcommands)
 <LI><a href="#[a5]">x___turn_angle_miniCMD_agentFun</a> from chassis.o(i.x___turn_angle_miniCMD_agentFun) referenced from chassis.o(miniCMDcommands)
 <LI><a href="#[a6]">x___turn_angle_w_miniCMD_agentFun</a> from chassis.o(i.x___turn_angle_w_miniCMD_agentFun) referenced from chassis.o(miniCMDcommands)
 <LI><a href="#[90]">x___uart_send_action_miniCMD_agentFun</a> from servo.o(i.x___uart_send_action_miniCMD_agentFun) referenced from servo.o(miniCMDcommands)
</UL>
<P>
<H3>
Global Symbols
</H3>
<P><STRONG><a name="[c2]"></a>__main</STRONG> (Thumb, 8 bytes, Stack size 0 bytes, __main.o(!!!main))
<BR><BR>[Calls]<UL><LI><a href="#[c3]">&gt;&gt;</a>&nbsp;&nbsp;&nbsp;__scatterload
<LI><a href="#[c4]">&gt;&gt;</a>&nbsp;&nbsp;&nbsp;__rt_entry
</UL>

<P><STRONG><a name="[c3]"></a>__scatterload</STRONG> (Thumb, 0 bytes, Stack size unknown bytes, __scatter.o(!!!scatter))
<BR><BR>[Called By]<UL><LI><a href="#[c2]">&gt;&gt;</a>&nbsp;&nbsp;&nbsp;__main
</UL>

<P><STRONG><a name="[c5]"></a>__scatterload_rt2</STRONG> (Thumb, 44 bytes, Stack size unknown bytes, __scatter.o(!!!scatter), UNUSED)
<BR><BR>[Calls]<UL><LI><a href="#[c4]">&gt;&gt;</a>&nbsp;&nbsp;&nbsp;__rt_entry
</UL>

<P><STRONG><a name="[27d]"></a>__scatterload_rt2_thumb_only</STRONG> (Thumb, 0 bytes, Stack size unknown bytes, __scatter.o(!!!scatter), UNUSED)

<P><STRONG><a name="[27e]"></a>__scatterload_null</STRONG> (Thumb, 0 bytes, Stack size unknown bytes, __scatter.o(!!!scatter), UNUSED)

<P><STRONG><a name="[27f]"></a>__decompress</STRONG> (Thumb, 90 bytes, Stack size unknown bytes, __dczerorl2.o(!!dczerorl2), UNUSED)

<P><STRONG><a name="[280]"></a>__decompress1</STRONG> (Thumb, 0 bytes, Stack size unknown bytes, __dczerorl2.o(!!dczerorl2), UNUSED)

<P><STRONG><a name="[281]"></a>__scatterload_zeroinit</STRONG> (Thumb, 28 bytes, Stack size unknown bytes, __scatter_zi.o(!!handler_zi), UNUSED)

<P><STRONG><a name="[c6]"></a>_printf_n</STRONG> (Thumb, 0 bytes, Stack size unknown bytes, _printf_n.o(.ARM.Collect$$_printf_percent$$00000001))
<BR><BR>[Calls]<UL><LI><a href="#[c7]">&gt;&gt;</a>&nbsp;&nbsp;&nbsp;_printf_charcount
</UL>

<P><STRONG><a name="[112]"></a>_printf_percent</STRONG> (Thumb, 0 bytes, Stack size unknown bytes, _printf_percent.o(.ARM.Collect$$_printf_percent$$00000000))
<BR><BR>[Called By]<UL><LI><a href="#[10b]">&gt;&gt;</a>&nbsp;&nbsp;&nbsp;__printf
</UL>

<P><STRONG><a name="[c8]"></a>_printf_p</STRONG> (Thumb, 0 bytes, Stack size unknown bytes, _printf_p.o(.ARM.Collect$$_printf_percent$$00000002))
<BR><BR>[Stack]<UL><LI>Max Depth = 64 + Unknown Stack Size
<LI>Call Chain = _printf_p &rArr; _printf_hex_ptr &rArr; _printf_longlong_hex &rArr; _printf_int_common &rArr; _printf_post_padding
</UL>
<BR>[Calls]<UL><LI><a href="#[c9]">&gt;&gt;</a>&nbsp;&nbsp;&nbsp;_printf_hex_ptr
</UL>

<P><STRONG><a name="[ca]"></a>_printf_f</STRONG> (Thumb, 0 bytes, Stack size unknown bytes, _printf_f.o(.ARM.Collect$$_printf_percent$$00000003))
<BR><BR>[Stack]<UL><LI>Max Depth = 324 + Unknown Stack Size
<LI>Call Chain = _printf_f &rArr; _printf_fp_dec &rArr; _printf_fp_dec_real &rArr; _fp_digits &rArr; _btod_etento &rArr; _btod_emul &rArr; _e2e
</UL>
<BR>[Calls]<UL><LI><a href="#[cb]">&gt;&gt;</a>&nbsp;&nbsp;&nbsp;_printf_fp_dec
</UL>

<P><STRONG><a name="[cc]"></a>_printf_e</STRONG> (Thumb, 0 bytes, Stack size unknown bytes, _printf_e.o(.ARM.Collect$$_printf_percent$$00000004))
<BR><BR>[Stack]<UL><LI>Max Depth = 324 + Unknown Stack Size
<LI>Call Chain = _printf_e &rArr; _printf_fp_dec &rArr; _printf_fp_dec_real &rArr; _fp_digits &rArr; _btod_etento &rArr; _btod_emul &rArr; _e2e
</UL>
<BR>[Calls]<UL><LI><a href="#[cb]">&gt;&gt;</a>&nbsp;&nbsp;&nbsp;_printf_fp_dec
</UL>

<P><STRONG><a name="[cd]"></a>_printf_g</STRONG> (Thumb, 0 bytes, Stack size unknown bytes, _printf_g.o(.ARM.Collect$$_printf_percent$$00000005))
<BR><BR>[Stack]<UL><LI>Max Depth = 324 + Unknown Stack Size
<LI>Call Chain = _printf_g &rArr; _printf_fp_dec &rArr; _printf_fp_dec_real &rArr; _fp_digits &rArr; _btod_etento &rArr; _btod_emul &rArr; _e2e
</UL>
<BR>[Calls]<UL><LI><a href="#[cb]">&gt;&gt;</a>&nbsp;&nbsp;&nbsp;_printf_fp_dec
</UL>

<P><STRONG><a name="[ce]"></a>_printf_a</STRONG> (Thumb, 0 bytes, Stack size unknown bytes, _printf_a.o(.ARM.Collect$$_printf_percent$$00000006))
<BR><BR>[Stack]<UL><LI>Max Depth = 112 + Unknown Stack Size
<LI>Call Chain = _printf_a &rArr; _printf_fp_hex &rArr; _printf_fp_hex_real &rArr; _printf_fp_infnan &rArr; _printf_post_padding
</UL>
<BR>[Calls]<UL><LI><a href="#[cf]">&gt;&gt;</a>&nbsp;&nbsp;&nbsp;_printf_fp_hex
</UL>

<P><STRONG><a name="[282]"></a>_printf_ll</STRONG> (Thumb, 0 bytes, Stack size unknown bytes, _printf_ll.o(.ARM.Collect$$_printf_percent$$00000007))

<P><STRONG><a name="[d0]"></a>_printf_i</STRONG> (Thumb, 0 bytes, Stack size unknown bytes, _printf_i.o(.ARM.Collect$$_printf_percent$$00000008))
<BR><BR>[Stack]<UL><LI>Max Depth = 72 + Unknown Stack Size
<LI>Call Chain = _printf_i &rArr; _printf_int_dec &rArr; _printf_int_common &rArr; _printf_post_padding
</UL>
<BR>[Calls]<UL><LI><a href="#[d1]">&gt;&gt;</a>&nbsp;&nbsp;&nbsp;_printf_int_dec
</UL>

<P><STRONG><a name="[d2]"></a>_printf_d</STRONG> (Thumb, 0 bytes, Stack size unknown bytes, _printf_d.o(.ARM.Collect$$_printf_percent$$00000009))
<BR><BR>[Stack]<UL><LI>Max Depth = 72 + Unknown Stack Size
<LI>Call Chain = _printf_d &rArr; _printf_int_dec &rArr; _printf_int_common &rArr; _printf_post_padding
</UL>
<BR>[Calls]<UL><LI><a href="#[d1]">&gt;&gt;</a>&nbsp;&nbsp;&nbsp;_printf_int_dec
</UL>

<P><STRONG><a name="[d3]"></a>_printf_u</STRONG> (Thumb, 0 bytes, Stack size unknown bytes, _printf_u.o(.ARM.Collect$$_printf_percent$$0000000A))
<BR><BR>[Stack]<UL><LI>Max Depth = 72 + Unknown Stack Size
<LI>Call Chain = _printf_u &rArr; _printf_int_dec &rArr; _printf_int_common &rArr; _printf_post_padding
</UL>
<BR>[Calls]<UL><LI><a href="#[d1]">&gt;&gt;</a>&nbsp;&nbsp;&nbsp;_printf_int_dec
</UL>

<P><STRONG><a name="[d4]"></a>_printf_o</STRONG> (Thumb, 0 bytes, Stack size unknown bytes, _printf_o.o(.ARM.Collect$$_printf_percent$$0000000B))
<BR><BR>[Stack]<UL><LI>Max Depth = 64 + Unknown Stack Size
<LI>Call Chain = _printf_o &rArr; _printf_int_oct &rArr; _printf_longlong_oct &rArr; _printf_int_common &rArr; _printf_post_padding
</UL>
<BR>[Calls]<UL><LI><a href="#[d5]">&gt;&gt;</a>&nbsp;&nbsp;&nbsp;_printf_int_oct
</UL>

<P><STRONG><a name="[d6]"></a>_printf_x</STRONG> (Thumb, 0 bytes, Stack size unknown bytes, _printf_x.o(.ARM.Collect$$_printf_percent$$0000000C))
<BR><BR>[Stack]<UL><LI>Max Depth = 80 + Unknown Stack Size
<LI>Call Chain = _printf_x &rArr; _printf_int_hex &rArr; _printf_longlong_hex &rArr; _printf_int_common &rArr; _printf_post_padding
</UL>
<BR>[Calls]<UL><LI><a href="#[d7]">&gt;&gt;</a>&nbsp;&nbsp;&nbsp;_printf_int_hex
</UL>

<P><STRONG><a name="[d8]"></a>_printf_lli</STRONG> (Thumb, 0 bytes, Stack size unknown bytes, _printf_lli.o(.ARM.Collect$$_printf_percent$$0000000D))
<BR><BR>[Stack]<UL><LI>Max Depth = 72 + Unknown Stack Size
<LI>Call Chain = _printf_lli &rArr; _printf_longlong_dec &rArr; _printf_int_common &rArr; _printf_post_padding
</UL>
<BR>[Calls]<UL><LI><a href="#[d9]">&gt;&gt;</a>&nbsp;&nbsp;&nbsp;_printf_longlong_dec
</UL>

<P><STRONG><a name="[da]"></a>_printf_lld</STRONG> (Thumb, 0 bytes, Stack size unknown bytes, _printf_lld.o(.ARM.Collect$$_printf_percent$$0000000E))
<BR><BR>[Stack]<UL><LI>Max Depth = 72 + Unknown Stack Size
<LI>Call Chain = _printf_lld &rArr; _printf_longlong_dec &rArr; _printf_int_common &rArr; _printf_post_padding
</UL>
<BR>[Calls]<UL><LI><a href="#[d9]">&gt;&gt;</a>&nbsp;&nbsp;&nbsp;_printf_longlong_dec
</UL>

<P><STRONG><a name="[db]"></a>_printf_llu</STRONG> (Thumb, 0 bytes, Stack size unknown bytes, _printf_llu.o(.ARM.Collect$$_printf_percent$$0000000F))
<BR><BR>[Stack]<UL><LI>Max Depth = 72 + Unknown Stack Size
<LI>Call Chain = _printf_llu &rArr; _printf_longlong_dec &rArr; _printf_int_common &rArr; _printf_post_padding
</UL>
<BR>[Calls]<UL><LI><a href="#[d9]">&gt;&gt;</a>&nbsp;&nbsp;&nbsp;_printf_longlong_dec
</UL>

<P><STRONG><a name="[dc]"></a>_printf_llo</STRONG> (Thumb, 0 bytes, Stack size unknown bytes, _printf_llo.o(.ARM.Collect$$_printf_percent$$00000010))
<BR><BR>[Stack]<UL><LI>Max Depth = 56 + Unknown Stack Size
<LI>Call Chain = _printf_llo &rArr; _printf_ll_oct &rArr; _printf_longlong_oct &rArr; _printf_int_common &rArr; _printf_post_padding
</UL>
<BR>[Calls]<UL><LI><a href="#[dd]">&gt;&gt;</a>&nbsp;&nbsp;&nbsp;_printf_ll_oct
</UL>

<P><STRONG><a name="[de]"></a>_printf_llx</STRONG> (Thumb, 0 bytes, Stack size unknown bytes, _printf_llx.o(.ARM.Collect$$_printf_percent$$00000011))
<BR><BR>[Stack]<UL><LI>Max Depth = 64 + Unknown Stack Size
<LI>Call Chain = _printf_llx &rArr; _printf_ll_hex &rArr; _printf_longlong_hex &rArr; _printf_int_common &rArr; _printf_post_padding
</UL>
<BR>[Calls]<UL><LI><a href="#[df]">&gt;&gt;</a>&nbsp;&nbsp;&nbsp;_printf_ll_hex
</UL>

<P><STRONG><a name="[283]"></a>_printf_l</STRONG> (Thumb, 0 bytes, Stack size unknown bytes, _printf_l.o(.ARM.Collect$$_printf_percent$$00000012))

<P><STRONG><a name="[e0]"></a>_printf_c</STRONG> (Thumb, 0 bytes, Stack size unknown bytes, _printf_c.o(.ARM.Collect$$_printf_percent$$00000013))
<BR><BR>[Stack]<UL><LI>Max Depth = 40 + Unknown Stack Size
<LI>Call Chain = _printf_c &rArr; _printf_char &rArr; _printf_cs_common &rArr; _printf_str &rArr; _printf_post_padding
</UL>
<BR>[Calls]<UL><LI><a href="#[e1]">&gt;&gt;</a>&nbsp;&nbsp;&nbsp;_printf_char
</UL>

<P><STRONG><a name="[e2]"></a>_printf_s</STRONG> (Thumb, 0 bytes, Stack size unknown bytes, _printf_s.o(.ARM.Collect$$_printf_percent$$00000014))
<BR><BR>[Stack]<UL><LI>Max Depth = 40 + Unknown Stack Size
<LI>Call Chain = _printf_s &rArr; _printf_string &rArr; _printf_cs_common &rArr; _printf_str &rArr; _printf_post_padding
</UL>
<BR>[Calls]<UL><LI><a href="#[e3]">&gt;&gt;</a>&nbsp;&nbsp;&nbsp;_printf_string
</UL>

<P><STRONG><a name="[e4]"></a>_printf_lc</STRONG> (Thumb, 0 bytes, Stack size unknown bytes, _printf_lc.o(.ARM.Collect$$_printf_percent$$00000015))
<BR><BR>[Stack]<UL><LI>Max Depth = 88 + Unknown Stack Size
<LI>Call Chain = _printf_lc &rArr; _printf_wchar &rArr; _printf_lcs_common &rArr; _printf_wctomb &rArr; _wcrtomb &rArr; __rt_ctype_table
</UL>
<BR>[Calls]<UL><LI><a href="#[e5]">&gt;&gt;</a>&nbsp;&nbsp;&nbsp;_printf_wchar
</UL>

<P><STRONG><a name="[e6]"></a>_printf_ls</STRONG> (Thumb, 0 bytes, Stack size unknown bytes, _printf_ls.o(.ARM.Collect$$_printf_percent$$00000016))
<BR><BR>[Stack]<UL><LI>Max Depth = 88 + Unknown Stack Size
<LI>Call Chain = _printf_ls &rArr; _printf_wstring &rArr; _printf_lcs_common &rArr; _printf_wctomb &rArr; _wcrtomb &rArr; __rt_ctype_table
</UL>
<BR>[Calls]<UL><LI><a href="#[e7]">&gt;&gt;</a>&nbsp;&nbsp;&nbsp;_printf_wstring
</UL>

<P><STRONG><a name="[284]"></a>_printf_percent_end</STRONG> (Thumb, 0 bytes, Stack size unknown bytes, _printf_percent_end.o(.ARM.Collect$$_printf_percent$$00000017))

<P><STRONG><a name="[f2]"></a>__rt_lib_init</STRONG> (Thumb, 0 bytes, Stack size unknown bytes, libinit.o(.ARM.Collect$$libinit$$00000000))
<BR><BR>[Called By]<UL><LI><a href="#[f1]">&gt;&gt;</a>&nbsp;&nbsp;&nbsp;__rt_entry_li
</UL>

<P><STRONG><a name="[e8]"></a>__rt_lib_init_fp_1</STRONG> (Thumb, 0 bytes, Stack size unknown bytes, libinit2.o(.ARM.Collect$$libinit$$00000001))
<BR><BR>[Calls]<UL><LI><a href="#[e9]">&gt;&gt;</a>&nbsp;&nbsp;&nbsp;_fp_init
</UL>

<P><STRONG><a name="[285]"></a>__rt_lib_init_heap_1</STRONG> (Thumb, 0 bytes, Stack size unknown bytes, libinit2.o(.ARM.Collect$$libinit$$0000000A))

<P><STRONG><a name="[ea]"></a>__rt_lib_init_lc_common</STRONG> (Thumb, 0 bytes, Stack size unknown bytes, libinit2.o(.ARM.Collect$$libinit$$0000000F))
<BR><BR>[Calls]<UL><LI><a href="#[eb]">&gt;&gt;</a>&nbsp;&nbsp;&nbsp;__rt_locale
</UL>

<P><STRONG><a name="[286]"></a>__rt_lib_init_preinit_1</STRONG> (Thumb, 0 bytes, Stack size unknown bytes, libinit2.o(.ARM.Collect$$libinit$$00000004))

<P><STRONG><a name="[287]"></a>__rt_lib_init_rand_1</STRONG> (Thumb, 0 bytes, Stack size unknown bytes, libinit2.o(.ARM.Collect$$libinit$$0000000E))

<P><STRONG><a name="[288]"></a>__rt_lib_init_user_alloc_1</STRONG> (Thumb, 0 bytes, Stack size unknown bytes, libinit2.o(.ARM.Collect$$libinit$$0000000C))

<P><STRONG><a name="[289]"></a>__rt_lib_init_lc_collate_1</STRONG> (Thumb, 0 bytes, Stack size unknown bytes, libinit2.o(.ARM.Collect$$libinit$$00000011))

<P><STRONG><a name="[ec]"></a>__rt_lib_init_lc_ctype_2</STRONG> (Thumb, 0 bytes, Stack size unknown bytes, libinit2.o(.ARM.Collect$$libinit$$00000012))
<BR><BR>[Stack]<UL><LI>Max Depth = 8 + Unknown Stack Size
<LI>Call Chain = __rt_lib_init_lc_ctype_2 &rArr; _get_lc_ctype
</UL>
<BR>[Calls]<UL><LI><a href="#[78]">&gt;&gt;</a>&nbsp;&nbsp;&nbsp;_get_lc_ctype
</UL>

<P><STRONG><a name="[28a]"></a>__rt_lib_init_lc_ctype_1</STRONG> (Thumb, 0 bytes, Stack size unknown bytes, libinit2.o(.ARM.Collect$$libinit$$00000013))

<P><STRONG><a name="[28b]"></a>__rt_lib_init_lc_monetary_1</STRONG> (Thumb, 0 bytes, Stack size unknown bytes, libinit2.o(.ARM.Collect$$libinit$$00000015))

<P><STRONG><a name="[ed]"></a>__rt_lib_init_lc_numeric_2</STRONG> (Thumb, 0 bytes, Stack size unknown bytes, libinit2.o(.ARM.Collect$$libinit$$00000016))
<BR><BR>[Stack]<UL><LI>Max Depth = 8 + Unknown Stack Size
<LI>Call Chain = __rt_lib_init_lc_numeric_2 &rArr; _get_lc_numeric
</UL>
<BR>[Calls]<UL><LI><a href="#[ee]">&gt;&gt;</a>&nbsp;&nbsp;&nbsp;_get_lc_numeric
</UL>

<P><STRONG><a name="[28c]"></a>__rt_lib_init_alloca_1</STRONG> (Thumb, 0 bytes, Stack size unknown bytes, libinit2.o(.ARM.Collect$$libinit$$0000002E))

<P><STRONG><a name="[28d]"></a>__rt_lib_init_argv_1</STRONG> (Thumb, 0 bytes, Stack size unknown bytes, libinit2.o(.ARM.Collect$$libinit$$0000002C))

<P><STRONG><a name="[28e]"></a>__rt_lib_init_atexit_1</STRONG> (Thumb, 0 bytes, Stack size unknown bytes, libinit2.o(.ARM.Collect$$libinit$$0000001B))

<P><STRONG><a name="[28f]"></a>__rt_lib_init_clock_1</STRONG> (Thumb, 0 bytes, Stack size unknown bytes, libinit2.o(.ARM.Collect$$libinit$$00000021))

<P><STRONG><a name="[290]"></a>__rt_lib_init_cpp_1</STRONG> (Thumb, 0 bytes, Stack size unknown bytes, libinit2.o(.ARM.Collect$$libinit$$00000032))

<P><STRONG><a name="[291]"></a>__rt_lib_init_exceptions_1</STRONG> (Thumb, 0 bytes, Stack size unknown bytes, libinit2.o(.ARM.Collect$$libinit$$00000030))

<P><STRONG><a name="[292]"></a>__rt_lib_init_fp_trap_1</STRONG> (Thumb, 0 bytes, Stack size unknown bytes, libinit2.o(.ARM.Collect$$libinit$$0000001F))

<P><STRONG><a name="[293]"></a>__rt_lib_init_getenv_1</STRONG> (Thumb, 0 bytes, Stack size unknown bytes, libinit2.o(.ARM.Collect$$libinit$$00000023))

<P><STRONG><a name="[294]"></a>__rt_lib_init_lc_numeric_1</STRONG> (Thumb, 0 bytes, Stack size unknown bytes, libinit2.o(.ARM.Collect$$libinit$$00000017))

<P><STRONG><a name="[295]"></a>__rt_lib_init_lc_time_1</STRONG> (Thumb, 0 bytes, Stack size unknown bytes, libinit2.o(.ARM.Collect$$libinit$$00000019))

<P><STRONG><a name="[296]"></a>__rt_lib_init_return</STRONG> (Thumb, 0 bytes, Stack size unknown bytes, libinit2.o(.ARM.Collect$$libinit$$00000033))

<P><STRONG><a name="[297]"></a>__rt_lib_init_signal_1</STRONG> (Thumb, 0 bytes, Stack size unknown bytes, libinit2.o(.ARM.Collect$$libinit$$0000001D))

<P><STRONG><a name="[298]"></a>__rt_lib_init_stdio_1</STRONG> (Thumb, 0 bytes, Stack size unknown bytes, libinit2.o(.ARM.Collect$$libinit$$00000025))

<P><STRONG><a name="[f7]"></a>__rt_lib_shutdown</STRONG> (Thumb, 0 bytes, Stack size unknown bytes, libshutdown.o(.ARM.Collect$$libshutdown$$00000000))
<BR><BR>[Called By]<UL><LI><a href="#[f6]">&gt;&gt;</a>&nbsp;&nbsp;&nbsp;__rt_exit_ls
</UL>

<P><STRONG><a name="[299]"></a>__rt_lib_shutdown_cpp_1</STRONG> (Thumb, 0 bytes, Stack size unknown bytes, libshutdown2.o(.ARM.Collect$$libshutdown$$00000002))

<P><STRONG><a name="[29a]"></a>__rt_lib_shutdown_fp_trap_1</STRONG> (Thumb, 0 bytes, Stack size unknown bytes, libshutdown2.o(.ARM.Collect$$libshutdown$$00000007))

<P><STRONG><a name="[29b]"></a>__rt_lib_shutdown_heap_1</STRONG> (Thumb, 0 bytes, Stack size unknown bytes, libshutdown2.o(.ARM.Collect$$libshutdown$$0000000F))

<P><STRONG><a name="[29c]"></a>__rt_lib_shutdown_return</STRONG> (Thumb, 0 bytes, Stack size unknown bytes, libshutdown2.o(.ARM.Collect$$libshutdown$$00000010))

<P><STRONG><a name="[29d]"></a>__rt_lib_shutdown_signal_1</STRONG> (Thumb, 0 bytes, Stack size unknown bytes, libshutdown2.o(.ARM.Collect$$libshutdown$$0000000A))

<P><STRONG><a name="[29e]"></a>__rt_lib_shutdown_stdio_1</STRONG> (Thumb, 0 bytes, Stack size unknown bytes, libshutdown2.o(.ARM.Collect$$libshutdown$$00000004))

<P><STRONG><a name="[29f]"></a>__rt_lib_shutdown_user_alloc_1</STRONG> (Thumb, 0 bytes, Stack size unknown bytes, libshutdown2.o(.ARM.Collect$$libshutdown$$0000000C))

<P><STRONG><a name="[c4]"></a>__rt_entry</STRONG> (Thumb, 0 bytes, Stack size unknown bytes, __rtentry.o(.ARM.Collect$$rtentry$$00000000))
<BR><BR>[Called By]<UL><LI><a href="#[c5]">&gt;&gt;</a>&nbsp;&nbsp;&nbsp;__scatterload_rt2
<LI><a href="#[c2]">&gt;&gt;</a>&nbsp;&nbsp;&nbsp;__main
</UL>

<P><STRONG><a name="[2a0]"></a>__rt_entry_presh_1</STRONG> (Thumb, 0 bytes, Stack size unknown bytes, __rtentry2.o(.ARM.Collect$$rtentry$$00000002))

<P><STRONG><a name="[ef]"></a>__rt_entry_sh</STRONG> (Thumb, 0 bytes, Stack size unknown bytes, __rtentry4.o(.ARM.Collect$$rtentry$$00000004))
<BR><BR>[Stack]<UL><LI>Max Depth = 8 + Unknown Stack Size
<LI>Call Chain = __rt_entry_sh &rArr; __user_setup_stackheap
</UL>
<BR>[Calls]<UL><LI><a href="#[f0]">&gt;&gt;</a>&nbsp;&nbsp;&nbsp;__user_setup_stackheap
</UL>

<P><STRONG><a name="[f1]"></a>__rt_entry_li</STRONG> (Thumb, 0 bytes, Stack size unknown bytes, __rtentry2.o(.ARM.Collect$$rtentry$$0000000A))
<BR><BR>[Calls]<UL><LI><a href="#[f2]">&gt;&gt;</a>&nbsp;&nbsp;&nbsp;__rt_lib_init
</UL>

<P><STRONG><a name="[2a1]"></a>__rt_entry_postsh_1</STRONG> (Thumb, 0 bytes, Stack size unknown bytes, __rtentry2.o(.ARM.Collect$$rtentry$$00000009))

<P><STRONG><a name="[f3]"></a>__rt_entry_main</STRONG> (Thumb, 0 bytes, Stack size unknown bytes, __rtentry2.o(.ARM.Collect$$rtentry$$0000000D))
<BR><BR>[Stack]<UL><LI>Max Depth = 272 + Unknown Stack Size
<LI>Call Chain = __rt_entry_main &rArr; main &rArr; MX_USART6_UART_Init &rArr; HAL_UART_Init &rArr; HAL_UART_MspInit &rArr; HAL_RCCEx_PeriphCLKConfig
</UL>
<BR>[Calls]<UL><LI><a href="#[f4]">&gt;&gt;</a>&nbsp;&nbsp;&nbsp;main
<LI><a href="#[f5]">&gt;&gt;</a>&nbsp;&nbsp;&nbsp;exit
</UL>

<P><STRONG><a name="[2a2]"></a>__rt_entry_postli_1</STRONG> (Thumb, 0 bytes, Stack size unknown bytes, __rtentry2.o(.ARM.Collect$$rtentry$$0000000C))

<P><STRONG><a name="[123]"></a>__rt_exit</STRONG> (Thumb, 0 bytes, Stack size unknown bytes, rtexit.o(.ARM.Collect$$rtexit$$00000000))
<BR><BR>[Called By]<UL><LI><a href="#[f5]">&gt;&gt;</a>&nbsp;&nbsp;&nbsp;exit
</UL>

<P><STRONG><a name="[f6]"></a>__rt_exit_ls</STRONG> (Thumb, 0 bytes, Stack size unknown bytes, rtexit2.o(.ARM.Collect$$rtexit$$00000003))
<BR><BR>[Calls]<UL><LI><a href="#[f7]">&gt;&gt;</a>&nbsp;&nbsp;&nbsp;__rt_lib_shutdown
</UL>

<P><STRONG><a name="[2a3]"></a>__rt_exit_prels_1</STRONG> (Thumb, 0 bytes, Stack size unknown bytes, rtexit2.o(.ARM.Collect$$rtexit$$00000002))

<P><STRONG><a name="[f8]"></a>__rt_exit_exit</STRONG> (Thumb, 0 bytes, Stack size unknown bytes, rtexit2.o(.ARM.Collect$$rtexit$$00000004))
<BR><BR>[Calls]<UL><LI><a href="#[f9]">&gt;&gt;</a>&nbsp;&nbsp;&nbsp;_sys_exit
</UL>

<P><STRONG><a name="[e]"></a>SVC_Handler</STRONG> (Thumb, 28 bytes, Stack size 0 bytes, port.o(.emb_text))
<BR>[Address Reference Count : 1]<UL><LI> startup_stm32f750xx.o(RESET)
</UL>
<P><STRONG><a name="[26c]"></a>__asm___6_port_c_39a90d8d__prvStartFirstTask</STRONG> (Thumb, 36 bytes, Stack size 0 bytes, port.o(.emb_text))
<BR><BR>[Called By]<UL><LI><a href="#[264]">&gt;&gt;</a>&nbsp;&nbsp;&nbsp;xPortStartScheduler
</UL>

<P><STRONG><a name="[26b]"></a>__asm___6_port_c_39a90d8d__prvEnableVFP</STRONG> (Thumb, 16 bytes, Stack size 0 bytes, port.o(.emb_text))
<BR><BR>[Called By]<UL><LI><a href="#[264]">&gt;&gt;</a>&nbsp;&nbsp;&nbsp;xPortStartScheduler
</UL>

<P><STRONG><a name="[10]"></a>PendSV_Handler</STRONG> (Thumb, 92 bytes, Stack size 0 bytes, port.o(.emb_text))
<BR><BR>[Calls]<UL><LI><a href="#[fa]">&gt;&gt;</a>&nbsp;&nbsp;&nbsp;vTaskSwitchContext
</UL>
<BR>[Address Reference Count : 1]<UL><LI> startup_stm32f750xx.o(RESET)
</UL>
<P><STRONG><a name="[25c]"></a>vPortGetIPSR</STRONG> (Thumb, 6 bytes, Stack size 0 bytes, port.o(.emb_text))
<BR><BR>[Called By]<UL><LI><a href="#[25b]">&gt;&gt;</a>&nbsp;&nbsp;&nbsp;vPortValidateInterruptPriority
</UL>

<P><STRONG><a name="[8]"></a>Reset_Handler</STRONG> (Thumb, 8 bytes, Stack size 0 bytes, startup_stm32f750xx.o(.text))
<BR>[Address Reference Count : 1]<UL><LI> startup_stm32f750xx.o(RESET)
</UL>
<P><STRONG><a name="[24]"></a>ADC_IRQHandler</STRONG> (Thumb, 0 bytes, Stack size 0 bytes, startup_stm32f750xx.o(.text))
<BR><BR>[Calls]<UL><LI><a href="#[24]">&gt;&gt;</a>&nbsp;&nbsp;&nbsp;ADC_IRQHandler
</UL>
<BR>[Called By]<UL><LI><a href="#[24]">&gt;&gt;</a>&nbsp;&nbsp;&nbsp;ADC_IRQHandler
</UL>
<BR>[Address Reference Count : 1]<UL><LI> startup_stm32f750xx.o(RESET)
</UL>
<P><STRONG><a name="[26]"></a>CAN1_RX0_IRQHandler</STRONG> (Thumb, 0 bytes, Stack size 0 bytes, startup_stm32f750xx.o(.text))
<BR>[Address Reference Count : 1]<UL><LI> startup_stm32f750xx.o(RESET)
</UL>
<P><STRONG><a name="[27]"></a>CAN1_RX1_IRQHandler</STRONG> (Thumb, 0 bytes, Stack size 0 bytes, startup_stm32f750xx.o(.text))
<BR>[Address Reference Count : 1]<UL><LI> startup_stm32f750xx.o(RESET)
</UL>
<P><STRONG><a name="[28]"></a>CAN1_SCE_IRQHandler</STRONG> (Thumb, 0 bytes, Stack size 0 bytes, startup_stm32f750xx.o(.text))
<BR>[Address Reference Count : 1]<UL><LI> startup_stm32f750xx.o(RESET)
</UL>
<P><STRONG><a name="[25]"></a>CAN1_TX_IRQHandler</STRONG> (Thumb, 0 bytes, Stack size 0 bytes, startup_stm32f750xx.o(.text))
<BR>[Address Reference Count : 1]<UL><LI> startup_stm32f750xx.o(RESET)
</UL>
<P><STRONG><a name="[52]"></a>CAN2_RX0_IRQHandler</STRONG> (Thumb, 0 bytes, Stack size 0 bytes, startup_stm32f750xx.o(.text))
<BR>[Address Reference Count : 1]<UL><LI> startup_stm32f750xx.o(RESET)
</UL>
<P><STRONG><a name="[53]"></a>CAN2_RX1_IRQHandler</STRONG> (Thumb, 0 bytes, Stack size 0 bytes, startup_stm32f750xx.o(.text))
<BR>[Address Reference Count : 1]<UL><LI> startup_stm32f750xx.o(RESET)
</UL>
<P><STRONG><a name="[54]"></a>CAN2_SCE_IRQHandler</STRONG> (Thumb, 0 bytes, Stack size 0 bytes, startup_stm32f750xx.o(.text))
<BR>[Address Reference Count : 1]<UL><LI> startup_stm32f750xx.o(RESET)
</UL>
<P><STRONG><a name="[51]"></a>CAN2_TX_IRQHandler</STRONG> (Thumb, 0 bytes, Stack size 0 bytes, startup_stm32f750xx.o(.text))
<BR>[Address Reference Count : 1]<UL><LI> startup_stm32f750xx.o(RESET)
</UL>
<P><STRONG><a name="[70]"></a>CEC_IRQHandler</STRONG> (Thumb, 0 bytes, Stack size 0 bytes, startup_stm32f750xx.o(.text))
<BR>[Address Reference Count : 1]<UL><LI> startup_stm32f750xx.o(RESET)
</UL>
<P><STRONG><a name="[61]"></a>CRYP_IRQHandler</STRONG> (Thumb, 0 bytes, Stack size 0 bytes, startup_stm32f750xx.o(.text))
<BR>[Address Reference Count : 1]<UL><LI> startup_stm32f750xx.o(RESET)
</UL>
<P><STRONG><a name="[60]"></a>DCMI_IRQHandler</STRONG> (Thumb, 0 bytes, Stack size 0 bytes, startup_stm32f750xx.o(.text))
<BR>[Address Reference Count : 1]<UL><LI> startup_stm32f750xx.o(RESET)
</UL>
<P><STRONG><a name="[1f]"></a>DMA1_Stream2_IRQHandler</STRONG> (Thumb, 0 bytes, Stack size 0 bytes, startup_stm32f750xx.o(.text))
<BR>[Address Reference Count : 1]<UL><LI> startup_stm32f750xx.o(RESET)
</UL>
<P><STRONG><a name="[21]"></a>DMA1_Stream4_IRQHandler</STRONG> (Thumb, 0 bytes, Stack size 0 bytes, startup_stm32f750xx.o(.text))
<BR>[Address Reference Count : 1]<UL><LI> startup_stm32f750xx.o(RESET)
</UL>
<P><STRONG><a name="[6c]"></a>DMA2D_IRQHandler</STRONG> (Thumb, 0 bytes, Stack size 0 bytes, startup_stm32f750xx.o(.text))
<BR>[Address Reference Count : 1]<UL><LI> startup_stm32f750xx.o(RESET)
</UL>
<P><STRONG><a name="[4a]"></a>DMA2_Stream0_IRQHandler</STRONG> (Thumb, 0 bytes, Stack size 0 bytes, startup_stm32f750xx.o(.text))
<BR>[Address Reference Count : 1]<UL><LI> startup_stm32f750xx.o(RESET)
</UL>
<P><STRONG><a name="[4b]"></a>DMA2_Stream1_IRQHandler</STRONG> (Thumb, 0 bytes, Stack size 0 bytes, startup_stm32f750xx.o(.text))
<BR>[Address Reference Count : 1]<UL><LI> startup_stm32f750xx.o(RESET)
</UL>
<P><STRONG><a name="[4c]"></a>DMA2_Stream2_IRQHandler</STRONG> (Thumb, 0 bytes, Stack size 0 bytes, startup_stm32f750xx.o(.text))
<BR>[Address Reference Count : 1]<UL><LI> startup_stm32f750xx.o(RESET)
</UL>
<P><STRONG><a name="[4d]"></a>DMA2_Stream3_IRQHandler</STRONG> (Thumb, 0 bytes, Stack size 0 bytes, startup_stm32f750xx.o(.text))
<BR>[Address Reference Count : 1]<UL><LI> startup_stm32f750xx.o(RESET)
</UL>
<P><STRONG><a name="[4e]"></a>DMA2_Stream4_IRQHandler</STRONG> (Thumb, 0 bytes, Stack size 0 bytes, startup_stm32f750xx.o(.text))
<BR>[Address Reference Count : 1]<UL><LI> startup_stm32f750xx.o(RESET)
</UL>
<P><STRONG><a name="[56]"></a>DMA2_Stream5_IRQHandler</STRONG> (Thumb, 0 bytes, Stack size 0 bytes, startup_stm32f750xx.o(.text))
<BR>[Address Reference Count : 1]<UL><LI> startup_stm32f750xx.o(RESET)
</UL>
<P><STRONG><a name="[57]"></a>DMA2_Stream6_IRQHandler</STRONG> (Thumb, 0 bytes, Stack size 0 bytes, startup_stm32f750xx.o(.text))
<BR>[Address Reference Count : 1]<UL><LI> startup_stm32f750xx.o(RESET)
</UL>
<P><STRONG><a name="[58]"></a>DMA2_Stream7_IRQHandler</STRONG> (Thumb, 0 bytes, Stack size 0 bytes, startup_stm32f750xx.o(.text))
<BR>[Address Reference Count : 1]<UL><LI> startup_stm32f750xx.o(RESET)
</UL>
<P><STRONG><a name="[4f]"></a>ETH_IRQHandler</STRONG> (Thumb, 0 bytes, Stack size 0 bytes, startup_stm32f750xx.o(.text))
<BR>[Address Reference Count : 1]<UL><LI> startup_stm32f750xx.o(RESET)
</UL>
<P><STRONG><a name="[50]"></a>ETH_WKUP_IRQHandler</STRONG> (Thumb, 0 bytes, Stack size 0 bytes, startup_stm32f750xx.o(.text))
<BR>[Address Reference Count : 1]<UL><LI> startup_stm32f750xx.o(RESET)
</UL>
<P><STRONG><a name="[18]"></a>EXTI0_IRQHandler</STRONG> (Thumb, 0 bytes, Stack size 0 bytes, startup_stm32f750xx.o(.text))
<BR>[Address Reference Count : 1]<UL><LI> startup_stm32f750xx.o(RESET)
</UL>
<P><STRONG><a name="[3a]"></a>EXTI15_10_IRQHandler</STRONG> (Thumb, 0 bytes, Stack size 0 bytes, startup_stm32f750xx.o(.text))
<BR>[Address Reference Count : 1]<UL><LI> startup_stm32f750xx.o(RESET)
</UL>
<P><STRONG><a name="[19]"></a>EXTI1_IRQHandler</STRONG> (Thumb, 0 bytes, Stack size 0 bytes, startup_stm32f750xx.o(.text))
<BR>[Address Reference Count : 1]<UL><LI> startup_stm32f750xx.o(RESET)
</UL>
<P><STRONG><a name="[1a]"></a>EXTI2_IRQHandler</STRONG> (Thumb, 0 bytes, Stack size 0 bytes, startup_stm32f750xx.o(.text))
<BR>[Address Reference Count : 1]<UL><LI> startup_stm32f750xx.o(RESET)
</UL>
<P><STRONG><a name="[1b]"></a>EXTI3_IRQHandler</STRONG> (Thumb, 0 bytes, Stack size 0 bytes, startup_stm32f750xx.o(.text))
<BR>[Address Reference Count : 1]<UL><LI> startup_stm32f750xx.o(RESET)
</UL>
<P><STRONG><a name="[1c]"></a>EXTI4_IRQHandler</STRONG> (Thumb, 0 bytes, Stack size 0 bytes, startup_stm32f750xx.o(.text))
<BR>[Address Reference Count : 1]<UL><LI> startup_stm32f750xx.o(RESET)
</UL>
<P><STRONG><a name="[29]"></a>EXTI9_5_IRQHandler</STRONG> (Thumb, 0 bytes, Stack size 0 bytes, startup_stm32f750xx.o(.text))
<BR>[Address Reference Count : 1]<UL><LI> startup_stm32f750xx.o(RESET)
</UL>
<P><STRONG><a name="[16]"></a>FLASH_IRQHandler</STRONG> (Thumb, 0 bytes, Stack size 0 bytes, startup_stm32f750xx.o(.text))
<BR>[Address Reference Count : 1]<UL><LI> startup_stm32f750xx.o(RESET)
</UL>
<P><STRONG><a name="[42]"></a>FMC_IRQHandler</STRONG> (Thumb, 0 bytes, Stack size 0 bytes, startup_stm32f750xx.o(.text))
<BR>[Address Reference Count : 1]<UL><LI> startup_stm32f750xx.o(RESET)
</UL>
<P><STRONG><a name="[63]"></a>FPU_IRQHandler</STRONG> (Thumb, 0 bytes, Stack size 0 bytes, startup_stm32f750xx.o(.text))
<BR>[Address Reference Count : 1]<UL><LI> startup_stm32f750xx.o(RESET)
</UL>
<P><STRONG><a name="[62]"></a>HASH_RNG_IRQHandler</STRONG> (Thumb, 0 bytes, Stack size 0 bytes, startup_stm32f750xx.o(.text))
<BR>[Address Reference Count : 1]<UL><LI> startup_stm32f750xx.o(RESET)
</UL>
<P><STRONG><a name="[32]"></a>I2C1_ER_IRQHandler</STRONG> (Thumb, 0 bytes, Stack size 0 bytes, startup_stm32f750xx.o(.text))
<BR>[Address Reference Count : 1]<UL><LI> startup_stm32f750xx.o(RESET)
</UL>
<P><STRONG><a name="[31]"></a>I2C1_EV_IRQHandler</STRONG> (Thumb, 0 bytes, Stack size 0 bytes, startup_stm32f750xx.o(.text))
<BR>[Address Reference Count : 1]<UL><LI> startup_stm32f750xx.o(RESET)
</UL>
<P><STRONG><a name="[34]"></a>I2C2_ER_IRQHandler</STRONG> (Thumb, 0 bytes, Stack size 0 bytes, startup_stm32f750xx.o(.text))
<BR>[Address Reference Count : 1]<UL><LI> startup_stm32f750xx.o(RESET)
</UL>
<P><STRONG><a name="[33]"></a>I2C2_EV_IRQHandler</STRONG> (Thumb, 0 bytes, Stack size 0 bytes, startup_stm32f750xx.o(.text))
<BR>[Address Reference Count : 1]<UL><LI> startup_stm32f750xx.o(RESET)
</UL>
<P><STRONG><a name="[5b]"></a>I2C3_ER_IRQHandler</STRONG> (Thumb, 0 bytes, Stack size 0 bytes, startup_stm32f750xx.o(.text))
<BR>[Address Reference Count : 1]<UL><LI> startup_stm32f750xx.o(RESET)
</UL>
<P><STRONG><a name="[5a]"></a>I2C3_EV_IRQHandler</STRONG> (Thumb, 0 bytes, Stack size 0 bytes, startup_stm32f750xx.o(.text))
<BR>[Address Reference Count : 1]<UL><LI> startup_stm32f750xx.o(RESET)
</UL>
<P><STRONG><a name="[72]"></a>I2C4_ER_IRQHandler</STRONG> (Thumb, 0 bytes, Stack size 0 bytes, startup_stm32f750xx.o(.text))
<BR>[Address Reference Count : 1]<UL><LI> startup_stm32f750xx.o(RESET)
</UL>
<P><STRONG><a name="[71]"></a>I2C4_EV_IRQHandler</STRONG> (Thumb, 0 bytes, Stack size 0 bytes, startup_stm32f750xx.o(.text))
<BR>[Address Reference Count : 1]<UL><LI> startup_stm32f750xx.o(RESET)
</UL>
<P><STRONG><a name="[6f]"></a>LPTIM1_IRQHandler</STRONG> (Thumb, 0 bytes, Stack size 0 bytes, startup_stm32f750xx.o(.text))
<BR>[Address Reference Count : 1]<UL><LI> startup_stm32f750xx.o(RESET)
</UL>
<P><STRONG><a name="[6b]"></a>LTDC_ER_IRQHandler</STRONG> (Thumb, 0 bytes, Stack size 0 bytes, startup_stm32f750xx.o(.text))
<BR>[Address Reference Count : 1]<UL><LI> startup_stm32f750xx.o(RESET)
</UL>
<P><STRONG><a name="[6a]"></a>LTDC_IRQHandler</STRONG> (Thumb, 0 bytes, Stack size 0 bytes, startup_stm32f750xx.o(.text))
<BR>[Address Reference Count : 1]<UL><LI> startup_stm32f750xx.o(RESET)
</UL>
<P><STRONG><a name="[55]"></a>OTG_FS_IRQHandler</STRONG> (Thumb, 0 bytes, Stack size 0 bytes, startup_stm32f750xx.o(.text))
<BR>[Address Reference Count : 1]<UL><LI> startup_stm32f750xx.o(RESET)
</UL>
<P><STRONG><a name="[3c]"></a>OTG_FS_WKUP_IRQHandler</STRONG> (Thumb, 0 bytes, Stack size 0 bytes, startup_stm32f750xx.o(.text))
<BR>[Address Reference Count : 1]<UL><LI> startup_stm32f750xx.o(RESET)
</UL>
<P><STRONG><a name="[5d]"></a>OTG_HS_EP1_IN_IRQHandler</STRONG> (Thumb, 0 bytes, Stack size 0 bytes, startup_stm32f750xx.o(.text))
<BR>[Address Reference Count : 1]<UL><LI> startup_stm32f750xx.o(RESET)
</UL>
<P><STRONG><a name="[5c]"></a>OTG_HS_EP1_OUT_IRQHandler</STRONG> (Thumb, 0 bytes, Stack size 0 bytes, startup_stm32f750xx.o(.text))
<BR>[Address Reference Count : 1]<UL><LI> startup_stm32f750xx.o(RESET)
</UL>
<P><STRONG><a name="[5f]"></a>OTG_HS_IRQHandler</STRONG> (Thumb, 0 bytes, Stack size 0 bytes, startup_stm32f750xx.o(.text))
<BR>[Address Reference Count : 1]<UL><LI> startup_stm32f750xx.o(RESET)
</UL>
<P><STRONG><a name="[5e]"></a>OTG_HS_WKUP_IRQHandler</STRONG> (Thumb, 0 bytes, Stack size 0 bytes, startup_stm32f750xx.o(.text))
<BR>[Address Reference Count : 1]<UL><LI> startup_stm32f750xx.o(RESET)
</UL>
<P><STRONG><a name="[13]"></a>PVD_IRQHandler</STRONG> (Thumb, 0 bytes, Stack size 0 bytes, startup_stm32f750xx.o(.text))
<BR>[Address Reference Count : 1]<UL><LI> startup_stm32f750xx.o(RESET)
</UL>
<P><STRONG><a name="[6e]"></a>QUADSPI_IRQHandler</STRONG> (Thumb, 0 bytes, Stack size 0 bytes, startup_stm32f750xx.o(.text))
<BR>[Address Reference Count : 1]<UL><LI> startup_stm32f750xx.o(RESET)
</UL>
<P><STRONG><a name="[17]"></a>RCC_IRQHandler</STRONG> (Thumb, 0 bytes, Stack size 0 bytes, startup_stm32f750xx.o(.text))
<BR>[Address Reference Count : 1]<UL><LI> startup_stm32f750xx.o(RESET)
</UL>
<P><STRONG><a name="[3b]"></a>RTC_Alarm_IRQHandler</STRONG> (Thumb, 0 bytes, Stack size 0 bytes, startup_stm32f750xx.o(.text))
<BR>[Address Reference Count : 1]<UL><LI> startup_stm32f750xx.o(RESET)
</UL>
<P><STRONG><a name="[15]"></a>RTC_WKUP_IRQHandler</STRONG> (Thumb, 0 bytes, Stack size 0 bytes, startup_stm32f750xx.o(.text))
<BR>[Address Reference Count : 1]<UL><LI> startup_stm32f750xx.o(RESET)
</UL>
<P><STRONG><a name="[69]"></a>SAI1_IRQHandler</STRONG> (Thumb, 0 bytes, Stack size 0 bytes, startup_stm32f750xx.o(.text))
<BR>[Address Reference Count : 1]<UL><LI> startup_stm32f750xx.o(RESET)
</UL>
<P><STRONG><a name="[6d]"></a>SAI2_IRQHandler</STRONG> (Thumb, 0 bytes, Stack size 0 bytes, startup_stm32f750xx.o(.text))
<BR>[Address Reference Count : 1]<UL><LI> startup_stm32f750xx.o(RESET)
</UL>
<P><STRONG><a name="[43]"></a>SDMMC1_IRQHandler</STRONG> (Thumb, 0 bytes, Stack size 0 bytes, startup_stm32f750xx.o(.text))
<BR>[Address Reference Count : 1]<UL><LI> startup_stm32f750xx.o(RESET)
</UL>
<P><STRONG><a name="[73]"></a>SPDIF_RX_IRQHandler</STRONG> (Thumb, 0 bytes, Stack size 0 bytes, startup_stm32f750xx.o(.text))
<BR>[Address Reference Count : 1]<UL><LI> startup_stm32f750xx.o(RESET)
</UL>
<P><STRONG><a name="[35]"></a>SPI1_IRQHandler</STRONG> (Thumb, 0 bytes, Stack size 0 bytes, startup_stm32f750xx.o(.text))
<BR>[Address Reference Count : 1]<UL><LI> startup_stm32f750xx.o(RESET)
</UL>
<P><STRONG><a name="[36]"></a>SPI2_IRQHandler</STRONG> (Thumb, 0 bytes, Stack size 0 bytes, startup_stm32f750xx.o(.text))
<BR>[Address Reference Count : 1]<UL><LI> startup_stm32f750xx.o(RESET)
</UL>
<P><STRONG><a name="[45]"></a>SPI3_IRQHandler</STRONG> (Thumb, 0 bytes, Stack size 0 bytes, startup_stm32f750xx.o(.text))
<BR>[Address Reference Count : 1]<UL><LI> startup_stm32f750xx.o(RESET)
</UL>
<P><STRONG><a name="[66]"></a>SPI4_IRQHandler</STRONG> (Thumb, 0 bytes, Stack size 0 bytes, startup_stm32f750xx.o(.text))
<BR>[Address Reference Count : 1]<UL><LI> startup_stm32f750xx.o(RESET)
</UL>
<P><STRONG><a name="[67]"></a>SPI5_IRQHandler</STRONG> (Thumb, 0 bytes, Stack size 0 bytes, startup_stm32f750xx.o(.text))
<BR>[Address Reference Count : 1]<UL><LI> startup_stm32f750xx.o(RESET)
</UL>
<P><STRONG><a name="[68]"></a>SPI6_IRQHandler</STRONG> (Thumb, 0 bytes, Stack size 0 bytes, startup_stm32f750xx.o(.text))
<BR>[Address Reference Count : 1]<UL><LI> startup_stm32f750xx.o(RESET)
</UL>
<P><STRONG><a name="[14]"></a>TAMP_STAMP_IRQHandler</STRONG> (Thumb, 0 bytes, Stack size 0 bytes, startup_stm32f750xx.o(.text))
<BR>[Address Reference Count : 1]<UL><LI> startup_stm32f750xx.o(RESET)
</UL>
<P><STRONG><a name="[2a]"></a>TIM1_BRK_TIM9_IRQHandler</STRONG> (Thumb, 0 bytes, Stack size 0 bytes, startup_stm32f750xx.o(.text))
<BR>[Address Reference Count : 1]<UL><LI> startup_stm32f750xx.o(RESET)
</UL>
<P><STRONG><a name="[2d]"></a>TIM1_CC_IRQHandler</STRONG> (Thumb, 0 bytes, Stack size 0 bytes, startup_stm32f750xx.o(.text))
<BR>[Address Reference Count : 1]<UL><LI> startup_stm32f750xx.o(RESET)
</UL>
<P><STRONG><a name="[2c]"></a>TIM1_TRG_COM_TIM11_IRQHandler</STRONG> (Thumb, 0 bytes, Stack size 0 bytes, startup_stm32f750xx.o(.text))
<BR>[Address Reference Count : 1]<UL><LI> startup_stm32f750xx.o(RESET)
</UL>
<P><STRONG><a name="[2e]"></a>TIM2_IRQHandler</STRONG> (Thumb, 0 bytes, Stack size 0 bytes, startup_stm32f750xx.o(.text))
<BR>[Address Reference Count : 1]<UL><LI> startup_stm32f750xx.o(RESET)
</UL>
<P><STRONG><a name="[2f]"></a>TIM3_IRQHandler</STRONG> (Thumb, 0 bytes, Stack size 0 bytes, startup_stm32f750xx.o(.text))
<BR>[Address Reference Count : 1]<UL><LI> startup_stm32f750xx.o(RESET)
</UL>
<P><STRONG><a name="[30]"></a>TIM4_IRQHandler</STRONG> (Thumb, 0 bytes, Stack size 0 bytes, startup_stm32f750xx.o(.text))
<BR>[Address Reference Count : 1]<UL><LI> startup_stm32f750xx.o(RESET)
</UL>
<P><STRONG><a name="[44]"></a>TIM5_IRQHandler</STRONG> (Thumb, 0 bytes, Stack size 0 bytes, startup_stm32f750xx.o(.text))
<BR>[Address Reference Count : 1]<UL><LI> startup_stm32f750xx.o(RESET)
</UL>
<P><STRONG><a name="[48]"></a>TIM6_DAC_IRQHandler</STRONG> (Thumb, 0 bytes, Stack size 0 bytes, startup_stm32f750xx.o(.text))
<BR>[Address Reference Count : 1]<UL><LI> startup_stm32f750xx.o(RESET)
</UL>
<P><STRONG><a name="[49]"></a>TIM7_IRQHandler</STRONG> (Thumb, 0 bytes, Stack size 0 bytes, startup_stm32f750xx.o(.text))
<BR>[Address Reference Count : 1]<UL><LI> startup_stm32f750xx.o(RESET)
</UL>
<P><STRONG><a name="[3d]"></a>TIM8_BRK_TIM12_IRQHandler</STRONG> (Thumb, 0 bytes, Stack size 0 bytes, startup_stm32f750xx.o(.text))
<BR>[Address Reference Count : 1]<UL><LI> startup_stm32f750xx.o(RESET)
</UL>
<P><STRONG><a name="[40]"></a>TIM8_CC_IRQHandler</STRONG> (Thumb, 0 bytes, Stack size 0 bytes, startup_stm32f750xx.o(.text))
<BR>[Address Reference Count : 1]<UL><LI> startup_stm32f750xx.o(RESET)
</UL>
<P><STRONG><a name="[3f]"></a>TIM8_TRG_COM_TIM14_IRQHandler</STRONG> (Thumb, 0 bytes, Stack size 0 bytes, startup_stm32f750xx.o(.text))
<BR>[Address Reference Count : 1]<UL><LI> startup_stm32f750xx.o(RESET)
</UL>
<P><STRONG><a name="[3e]"></a>TIM8_UP_TIM13_IRQHandler</STRONG> (Thumb, 0 bytes, Stack size 0 bytes, startup_stm32f750xx.o(.text))
<BR>[Address Reference Count : 1]<UL><LI> startup_stm32f750xx.o(RESET)
</UL>
<P><STRONG><a name="[39]"></a>USART3_IRQHandler</STRONG> (Thumb, 0 bytes, Stack size 0 bytes, startup_stm32f750xx.o(.text))
<BR>[Address Reference Count : 1]<UL><LI> startup_stm32f750xx.o(RESET)
</UL>
<P><STRONG><a name="[59]"></a>USART6_IRQHandler</STRONG> (Thumb, 0 bytes, Stack size 0 bytes, startup_stm32f750xx.o(.text))
<BR>[Address Reference Count : 1]<UL><LI> startup_stm32f750xx.o(RESET)
</UL>
<P><STRONG><a name="[12]"></a>WWDG_IRQHandler</STRONG> (Thumb, 0 bytes, Stack size 0 bytes, startup_stm32f750xx.o(.text))
<BR>[Address Reference Count : 1]<UL><LI> startup_stm32f750xx.o(RESET)
</UL>
<P><STRONG><a name="[122]"></a>__user_initial_stackheap</STRONG> (Thumb, 0 bytes, Stack size unknown bytes, startup_stm32f750xx.o(.text))
<BR><BR>[Called By]<UL><LI><a href="#[f0]">&gt;&gt;</a>&nbsp;&nbsp;&nbsp;__user_setup_stackheap
</UL>

<P><STRONG><a name="[16f]"></a>__aeabi_uldivmod</STRONG> (Thumb, 0 bytes, Stack size 48 bytes, lludivv7m.o(.text))
<BR><BR>[Stack]<UL><LI>Max Depth = 48<LI>Call Chain = __aeabi_uldivmod
</UL>
<BR>[Called By]<UL><LI><a href="#[16e]">&gt;&gt;</a>&nbsp;&nbsp;&nbsp;HAL_RCC_GetSysClockFreq
</UL>

<P><STRONG><a name="[2a4]"></a>_ll_udiv</STRONG> (Thumb, 238 bytes, Stack size 48 bytes, lludivv7m.o(.text), UNUSED)

<P><STRONG><a name="[fb]"></a>vsnprintf</STRONG> (Thumb, 48 bytes, Stack size 24 bytes, vsnprintf.o(.text))
<BR><BR>[Stack]<UL><LI>Max Depth = 128 + Unknown Stack Size
<LI>Call Chain = vsnprintf &rArr; _printf_char_common &rArr; __printf
</UL>
<BR>[Calls]<UL><LI><a href="#[fd]">&gt;&gt;</a>&nbsp;&nbsp;&nbsp;_sputc
<LI><a href="#[fc]">&gt;&gt;</a>&nbsp;&nbsp;&nbsp;_printf_char_common
</UL>
<BR>[Called By]<UL><LI><a href="#[149]">&gt;&gt;</a>&nbsp;&nbsp;&nbsp;xxx_print_log_f
</UL>

<P><STRONG><a name="[276]"></a>strlen</STRONG> (Thumb, 62 bytes, Stack size 8 bytes, strlen.o(.text))
<BR><BR>[Stack]<UL><LI>Max Depth = 8<LI>Call Chain = strlen
</UL>
<BR>[Called By]<UL><LI><a href="#[144]">&gt;&gt;</a>&nbsp;&nbsp;&nbsp;xxx_print_log
</UL>

<P><STRONG><a name="[23a]"></a>__aeabi_memcpy</STRONG> (Thumb, 0 bytes, Stack size 0 bytes, rt_memcpy_v6.o(.text))
<BR><BR>[Called By]<UL><LI><a href="#[23b]">&gt;&gt;</a>&nbsp;&nbsp;&nbsp;prvCopyDataToQueue
<LI><a href="#[239]">&gt;&gt;</a>&nbsp;&nbsp;&nbsp;prvCopyDataFromQueue
</UL>

<P><STRONG><a name="[fe]"></a>__rt_memcpy</STRONG> (Thumb, 138 bytes, Stack size 0 bytes, rt_memcpy_v6.o(.text), UNUSED)
<BR><BR>[Calls]<UL><LI><a href="#[ff]">&gt;&gt;</a>&nbsp;&nbsp;&nbsp;__aeabi_memcpy4
</UL>

<P><STRONG><a name="[2a5]"></a>_memcpy_lastbytes</STRONG> (Thumb, 0 bytes, Stack size unknown bytes, rt_memcpy_v6.o(.text), UNUSED)

<P><STRONG><a name="[ff]"></a>__aeabi_memcpy4</STRONG> (Thumb, 0 bytes, Stack size 8 bytes, rt_memcpy_w.o(.text))
<BR><BR>[Stack]<UL><LI>Max Depth = 8<LI>Call Chain = __aeabi_memcpy4
</UL>
<BR>[Called By]<UL><LI><a href="#[1bd]">&gt;&gt;</a>&nbsp;&nbsp;&nbsp;MX_FREERTOS_Init
<LI><a href="#[1ce]">&gt;&gt;</a>&nbsp;&nbsp;&nbsp;MyCan_Transmit
<LI><a href="#[fe]">&gt;&gt;</a>&nbsp;&nbsp;&nbsp;__rt_memcpy
</UL>

<P><STRONG><a name="[2a6]"></a>__aeabi_memcpy8</STRONG> (Thumb, 0 bytes, Stack size 8 bytes, rt_memcpy_w.o(.text), UNUSED)

<P><STRONG><a name="[2a7]"></a>__rt_memcpy_w</STRONG> (Thumb, 100 bytes, Stack size 8 bytes, rt_memcpy_w.o(.text), UNUSED)

<P><STRONG><a name="[2a8]"></a>_memcpy_lastbytes_aligned</STRONG> (Thumb, 0 bytes, Stack size unknown bytes, rt_memcpy_w.o(.text), UNUSED)

<P><STRONG><a name="[100]"></a>__aeabi_memset</STRONG> (Thumb, 16 bytes, Stack size 0 bytes, aeabi_memset.o(.text))
<BR><BR>[Calls]<UL><LI><a href="#[101]">&gt;&gt;</a>&nbsp;&nbsp;&nbsp;_memset
</UL>
<BR>[Called By]<UL><LI><a href="#[23d]">&gt;&gt;</a>&nbsp;&nbsp;&nbsp;prvInitialiseNewTask
</UL>

<P><STRONG><a name="[156]"></a>__aeabi_memclr4</STRONG> (Thumb, 0 bytes, Stack size 4 bytes, rt_memclr_w.o(.text))
<BR><BR>[Stack]<UL><LI>Max Depth = 4<LI>Call Chain = __aeabi_memclr4
</UL>
<BR>[Called By]<UL><LI><a href="#[191]">&gt;&gt;</a>&nbsp;&nbsp;&nbsp;HAL_UART_MspInit
<LI><a href="#[154]">&gt;&gt;</a>&nbsp;&nbsp;&nbsp;HAL_CAN_MspInit
<LI><a href="#[1bf]">&gt;&gt;</a>&nbsp;&nbsp;&nbsp;MX_GPIO_Init
<LI><a href="#[1ea]">&gt;&gt;</a>&nbsp;&nbsp;&nbsp;SystemClock_Config
</UL>

<P><STRONG><a name="[2a9]"></a>__aeabi_memclr8</STRONG> (Thumb, 0 bytes, Stack size 4 bytes, rt_memclr_w.o(.text), UNUSED)

<P><STRONG><a name="[2aa]"></a>__rt_memclr_w</STRONG> (Thumb, 78 bytes, Stack size 4 bytes, rt_memclr_w.o(.text), UNUSED)

<P><STRONG><a name="[114]"></a>_memset_w</STRONG> (Thumb, 0 bytes, Stack size unknown bytes, rt_memclr_w.o(.text), UNUSED)
<BR><BR>[Called By]<UL><LI><a href="#[113]">&gt;&gt;</a>&nbsp;&nbsp;&nbsp;__rt_memclr
</UL>

<P><STRONG><a name="[2ab]"></a>__use_two_region_memory</STRONG> (Thumb, 2 bytes, Stack size 0 bytes, heapauxi.o(.text), UNUSED)

<P><STRONG><a name="[2ac]"></a>__rt_heap_escrow$2region</STRONG> (Thumb, 2 bytes, Stack size 0 bytes, heapauxi.o(.text), UNUSED)

<P><STRONG><a name="[2ad]"></a>__rt_heap_expand$2region</STRONG> (Thumb, 2 bytes, Stack size 0 bytes, heapauxi.o(.text), UNUSED)

<P><STRONG><a name="[102]"></a>__read_errno</STRONG> (Thumb, 10 bytes, Stack size 8 bytes, _rserrno.o(.text), UNUSED)
<BR><BR>[Calls]<UL><LI><a href="#[103]">&gt;&gt;</a>&nbsp;&nbsp;&nbsp;__aeabi_errno_addr
</UL>

<P><STRONG><a name="[104]"></a>__set_errno</STRONG> (Thumb, 12 bytes, Stack size 8 bytes, _rserrno.o(.text))
<BR><BR>[Stack]<UL><LI>Max Depth = 8<LI>Call Chain = __set_errno
</UL>
<BR>[Calls]<UL><LI><a href="#[103]">&gt;&gt;</a>&nbsp;&nbsp;&nbsp;__aeabi_errno_addr
</UL>
<BR>[Called By]<UL><LI><a href="#[1ae]">&gt;&gt;</a>&nbsp;&nbsp;&nbsp;__hardfp_sqrtf
<LI><a href="#[1fd]">&gt;&gt;</a>&nbsp;&nbsp;&nbsp;__hardfp_sqrt
</UL>

<P><STRONG><a name="[106]"></a>_printf_pre_padding</STRONG> (Thumb, 44 bytes, Stack size 16 bytes, _printf_pad.o(.text))
<BR><BR>[Stack]<UL><LI>Max Depth = 16<LI>Call Chain = _printf_pre_padding
</UL>
<BR>[Called By]<UL><LI><a href="#[11c]">&gt;&gt;</a>&nbsp;&nbsp;&nbsp;_printf_fp_infnan
<LI><a href="#[11d]">&gt;&gt;</a>&nbsp;&nbsp;&nbsp;_printf_fp_hex_real
<LI><a href="#[11a]">&gt;&gt;</a>&nbsp;&nbsp;&nbsp;_printf_fp_dec_real
<LI><a href="#[10a]">&gt;&gt;</a>&nbsp;&nbsp;&nbsp;_printf_int_common
<LI><a href="#[10c]">&gt;&gt;</a>&nbsp;&nbsp;&nbsp;_printf_wctomb
<LI><a href="#[105]">&gt;&gt;</a>&nbsp;&nbsp;&nbsp;_printf_str
</UL>

<P><STRONG><a name="[107]"></a>_printf_post_padding</STRONG> (Thumb, 34 bytes, Stack size 16 bytes, _printf_pad.o(.text))
<BR><BR>[Stack]<UL><LI>Max Depth = 16<LI>Call Chain = _printf_post_padding
</UL>
<BR>[Called By]<UL><LI><a href="#[11c]">&gt;&gt;</a>&nbsp;&nbsp;&nbsp;_printf_fp_infnan
<LI><a href="#[11d]">&gt;&gt;</a>&nbsp;&nbsp;&nbsp;_printf_fp_hex_real
<LI><a href="#[11a]">&gt;&gt;</a>&nbsp;&nbsp;&nbsp;_printf_fp_dec_real
<LI><a href="#[10a]">&gt;&gt;</a>&nbsp;&nbsp;&nbsp;_printf_int_common
<LI><a href="#[10c]">&gt;&gt;</a>&nbsp;&nbsp;&nbsp;_printf_wctomb
<LI><a href="#[105]">&gt;&gt;</a>&nbsp;&nbsp;&nbsp;_printf_str
</UL>

<P><STRONG><a name="[108]"></a>_printf_truncate_signed</STRONG> (Thumb, 18 bytes, Stack size 0 bytes, _printf_truncate.o(.text))
<BR><BR>[Called By]<UL><LI><a href="#[d1]">&gt;&gt;</a>&nbsp;&nbsp;&nbsp;_printf_int_dec
</UL>

<P><STRONG><a name="[109]"></a>_printf_truncate_unsigned</STRONG> (Thumb, 18 bytes, Stack size 0 bytes, _printf_truncate.o(.text))
<BR><BR>[Called By]<UL><LI><a href="#[d7]">&gt;&gt;</a>&nbsp;&nbsp;&nbsp;_printf_int_hex
<LI><a href="#[d5]">&gt;&gt;</a>&nbsp;&nbsp;&nbsp;_printf_int_oct
<LI><a href="#[d1]">&gt;&gt;</a>&nbsp;&nbsp;&nbsp;_printf_int_dec
</UL>

<P><STRONG><a name="[105]"></a>_printf_str</STRONG> (Thumb, 82 bytes, Stack size 16 bytes, _printf_str.o(.text))
<BR><BR>[Stack]<UL><LI>Max Depth = 32<LI>Call Chain = _printf_str &rArr; _printf_post_padding
</UL>
<BR>[Calls]<UL><LI><a href="#[107]">&gt;&gt;</a>&nbsp;&nbsp;&nbsp;_printf_post_padding
<LI><a href="#[106]">&gt;&gt;</a>&nbsp;&nbsp;&nbsp;_printf_pre_padding
</UL>
<BR>[Called By]<UL><LI><a href="#[11e]">&gt;&gt;</a>&nbsp;&nbsp;&nbsp;_printf_cs_common
</UL>

<P><STRONG><a name="[d1]"></a>_printf_int_dec</STRONG> (Thumb, 104 bytes, Stack size 24 bytes, _printf_dec.o(.text))
<BR><BR>[Stack]<UL><LI>Max Depth = 72<LI>Call Chain = _printf_int_dec &rArr; _printf_int_common &rArr; _printf_post_padding
</UL>
<BR>[Calls]<UL><LI><a href="#[10a]">&gt;&gt;</a>&nbsp;&nbsp;&nbsp;_printf_int_common
<LI><a href="#[109]">&gt;&gt;</a>&nbsp;&nbsp;&nbsp;_printf_truncate_unsigned
<LI><a href="#[108]">&gt;&gt;</a>&nbsp;&nbsp;&nbsp;_printf_truncate_signed
</UL>
<BR>[Called By]<UL><LI><a href="#[d3]">&gt;&gt;</a>&nbsp;&nbsp;&nbsp;_printf_u
<LI><a href="#[d2]">&gt;&gt;</a>&nbsp;&nbsp;&nbsp;_printf_d
<LI><a href="#[d0]">&gt;&gt;</a>&nbsp;&nbsp;&nbsp;_printf_i
</UL>

<P><STRONG><a name="[c7]"></a>_printf_charcount</STRONG> (Thumb, 40 bytes, Stack size 0 bytes, _printf_charcount.o(.text))
<BR><BR>[Called By]<UL><LI><a href="#[c6]">&gt;&gt;</a>&nbsp;&nbsp;&nbsp;_printf_n
</UL>

<P><STRONG><a name="[fc]"></a>_printf_char_common</STRONG> (Thumb, 32 bytes, Stack size 64 bytes, _printf_char_common.o(.text))
<BR><BR>[Stack]<UL><LI>Max Depth = 104 + Unknown Stack Size
<LI>Call Chain = _printf_char_common &rArr; __printf
</UL>
<BR>[Calls]<UL><LI><a href="#[10b]">&gt;&gt;</a>&nbsp;&nbsp;&nbsp;__printf
</UL>
<BR>[Called By]<UL><LI><a href="#[fb]">&gt;&gt;</a>&nbsp;&nbsp;&nbsp;vsnprintf
</UL>

<P><STRONG><a name="[fd]"></a>_sputc</STRONG> (Thumb, 10 bytes, Stack size 0 bytes, _sputc.o(.text))
<BR><BR>[Called By]<UL><LI><a href="#[fb]">&gt;&gt;</a>&nbsp;&nbsp;&nbsp;vsnprintf
</UL>

<P><STRONG><a name="[76]"></a>_snputc</STRONG> (Thumb, 16 bytes, Stack size 0 bytes, _snputc.o(.text))
<BR>[Address Reference Count : 1]<UL><LI> vsnprintf.o(.text)
</UL>
<P><STRONG><a name="[10c]"></a>_printf_wctomb</STRONG> (Thumb, 182 bytes, Stack size 56 bytes, _printf_wctomb.o(.text))
<BR><BR>[Stack]<UL><LI>Max Depth = 80<LI>Call Chain = _printf_wctomb &rArr; _wcrtomb &rArr; __rt_ctype_table
</UL>
<BR>[Calls]<UL><LI><a href="#[10d]">&gt;&gt;</a>&nbsp;&nbsp;&nbsp;_wcrtomb
<LI><a href="#[107]">&gt;&gt;</a>&nbsp;&nbsp;&nbsp;_printf_post_padding
<LI><a href="#[106]">&gt;&gt;</a>&nbsp;&nbsp;&nbsp;_printf_pre_padding
</UL>
<BR>[Called By]<UL><LI><a href="#[11f]">&gt;&gt;</a>&nbsp;&nbsp;&nbsp;_printf_lcs_common
</UL>

<P><STRONG><a name="[d9]"></a>_printf_longlong_dec</STRONG> (Thumb, 108 bytes, Stack size 24 bytes, _printf_longlong_dec.o(.text))
<BR><BR>[Stack]<UL><LI>Max Depth = 72<LI>Call Chain = _printf_longlong_dec &rArr; _printf_int_common &rArr; _printf_post_padding
</UL>
<BR>[Calls]<UL><LI><a href="#[10a]">&gt;&gt;</a>&nbsp;&nbsp;&nbsp;_printf_int_common
<LI><a href="#[10e]">&gt;&gt;</a>&nbsp;&nbsp;&nbsp;_ll_udiv10
</UL>
<BR>[Called By]<UL><LI><a href="#[db]">&gt;&gt;</a>&nbsp;&nbsp;&nbsp;_printf_llu
<LI><a href="#[da]">&gt;&gt;</a>&nbsp;&nbsp;&nbsp;_printf_lld
<LI><a href="#[d8]">&gt;&gt;</a>&nbsp;&nbsp;&nbsp;_printf_lli
</UL>

<P><STRONG><a name="[10f]"></a>_printf_longlong_oct</STRONG> (Thumb, 66 bytes, Stack size 8 bytes, _printf_oct_int_ll.o(.text))
<BR><BR>[Stack]<UL><LI>Max Depth = 56<LI>Call Chain = _printf_longlong_oct &rArr; _printf_int_common &rArr; _printf_post_padding
</UL>
<BR>[Calls]<UL><LI><a href="#[10a]">&gt;&gt;</a>&nbsp;&nbsp;&nbsp;_printf_int_common
</UL>
<BR>[Called By]<UL><LI><a href="#[dd]">&gt;&gt;</a>&nbsp;&nbsp;&nbsp;_printf_ll_oct
<LI><a href="#[d5]">&gt;&gt;</a>&nbsp;&nbsp;&nbsp;_printf_int_oct
</UL>

<P><STRONG><a name="[d5]"></a>_printf_int_oct</STRONG> (Thumb, 24 bytes, Stack size 8 bytes, _printf_oct_int_ll.o(.text))
<BR><BR>[Stack]<UL><LI>Max Depth = 64<LI>Call Chain = _printf_int_oct &rArr; _printf_longlong_oct &rArr; _printf_int_common &rArr; _printf_post_padding
</UL>
<BR>[Calls]<UL><LI><a href="#[10f]">&gt;&gt;</a>&nbsp;&nbsp;&nbsp;_printf_longlong_oct
<LI><a href="#[109]">&gt;&gt;</a>&nbsp;&nbsp;&nbsp;_printf_truncate_unsigned
</UL>
<BR>[Called By]<UL><LI><a href="#[d4]">&gt;&gt;</a>&nbsp;&nbsp;&nbsp;_printf_o
</UL>

<P><STRONG><a name="[dd]"></a>_printf_ll_oct</STRONG> (Thumb, 12 bytes, Stack size 0 bytes, _printf_oct_int_ll.o(.text))
<BR><BR>[Stack]<UL><LI>Max Depth = 56<LI>Call Chain = _printf_ll_oct &rArr; _printf_longlong_oct &rArr; _printf_int_common &rArr; _printf_post_padding
</UL>
<BR>[Calls]<UL><LI><a href="#[10f]">&gt;&gt;</a>&nbsp;&nbsp;&nbsp;_printf_longlong_oct
</UL>
<BR>[Called By]<UL><LI><a href="#[dc]">&gt;&gt;</a>&nbsp;&nbsp;&nbsp;_printf_llo
</UL>

<P><STRONG><a name="[110]"></a>_printf_longlong_hex</STRONG> (Thumb, 86 bytes, Stack size 16 bytes, _printf_hex_int_ll_ptr.o(.text))
<BR><BR>[Stack]<UL><LI>Max Depth = 64<LI>Call Chain = _printf_longlong_hex &rArr; _printf_int_common &rArr; _printf_post_padding
</UL>
<BR>[Calls]<UL><LI><a href="#[10a]">&gt;&gt;</a>&nbsp;&nbsp;&nbsp;_printf_int_common
</UL>
<BR>[Called By]<UL><LI><a href="#[c9]">&gt;&gt;</a>&nbsp;&nbsp;&nbsp;_printf_hex_ptr
<LI><a href="#[df]">&gt;&gt;</a>&nbsp;&nbsp;&nbsp;_printf_ll_hex
<LI><a href="#[d7]">&gt;&gt;</a>&nbsp;&nbsp;&nbsp;_printf_int_hex
</UL>

<P><STRONG><a name="[d7]"></a>_printf_int_hex</STRONG> (Thumb, 28 bytes, Stack size 16 bytes, _printf_hex_int_ll_ptr.o(.text))
<BR><BR>[Stack]<UL><LI>Max Depth = 80<LI>Call Chain = _printf_int_hex &rArr; _printf_longlong_hex &rArr; _printf_int_common &rArr; _printf_post_padding
</UL>
<BR>[Calls]<UL><LI><a href="#[110]">&gt;&gt;</a>&nbsp;&nbsp;&nbsp;_printf_longlong_hex
<LI><a href="#[109]">&gt;&gt;</a>&nbsp;&nbsp;&nbsp;_printf_truncate_unsigned
</UL>
<BR>[Called By]<UL><LI><a href="#[d6]">&gt;&gt;</a>&nbsp;&nbsp;&nbsp;_printf_x
</UL>

<P><STRONG><a name="[df]"></a>_printf_ll_hex</STRONG> (Thumb, 12 bytes, Stack size 0 bytes, _printf_hex_int_ll_ptr.o(.text))
<BR><BR>[Stack]<UL><LI>Max Depth = 64<LI>Call Chain = _printf_ll_hex &rArr; _printf_longlong_hex &rArr; _printf_int_common &rArr; _printf_post_padding
</UL>
<BR>[Calls]<UL><LI><a href="#[110]">&gt;&gt;</a>&nbsp;&nbsp;&nbsp;_printf_longlong_hex
</UL>
<BR>[Called By]<UL><LI><a href="#[de]">&gt;&gt;</a>&nbsp;&nbsp;&nbsp;_printf_llx
</UL>

<P><STRONG><a name="[c9]"></a>_printf_hex_ptr</STRONG> (Thumb, 18 bytes, Stack size 0 bytes, _printf_hex_int_ll_ptr.o(.text))
<BR><BR>[Stack]<UL><LI>Max Depth = 64<LI>Call Chain = _printf_hex_ptr &rArr; _printf_longlong_hex &rArr; _printf_int_common &rArr; _printf_post_padding
</UL>
<BR>[Calls]<UL><LI><a href="#[110]">&gt;&gt;</a>&nbsp;&nbsp;&nbsp;_printf_longlong_hex
</UL>
<BR>[Called By]<UL><LI><a href="#[c8]">&gt;&gt;</a>&nbsp;&nbsp;&nbsp;_printf_p
</UL>

<P><STRONG><a name="[10b]"></a>__printf</STRONG> (Thumb, 388 bytes, Stack size 40 bytes, __printf_flags_ss_wp.o(.text))
<BR><BR>[Stack]<UL><LI>Max Depth = 40 + Unknown Stack Size
<LI>Call Chain = __printf
</UL>
<BR>[Calls]<UL><LI><a href="#[112]">&gt;&gt;</a>&nbsp;&nbsp;&nbsp;_printf_percent
<LI><a href="#[111]">&gt;&gt;</a>&nbsp;&nbsp;&nbsp;_is_digit
</UL>
[...]
<LI><a href="#[1a5]">&gt;&gt;</a>&nbsp;&nbsp;&nbsp;JT_run
<LI><a href="#[19b]">&gt;&gt;</a>&nbsp;&nbsp;&nbsp;HOME_run
<LI><a href="#[13d]">&gt;&gt;</a>&nbsp;&nbsp;&nbsp;CK_run
</UL>
<BR>[Called By]<UL><LI><a href="#[251]">&gt;&gt;</a>&nbsp;&nbsp;&nbsp;run_red
<LI><a href="#[24e]">&gt;&gt;</a>&nbsp;&nbsp;&nbsp;run_blue
</UL>

<P><STRONG><a name="[ac]"></a>x___run_blue_miniCMD_agentFun</STRONG> (Thumb, 8 bytes, Stack size 0 bytes, application.o(i.x___run_blue_miniCMD_agentFun))
<BR><BR>[Stack]<UL><LI>Max Depth = 376 + Unknown Stack Size
<LI>Call Chain = x___run_blue_miniCMD_agentFun &rArr; run_blue &rArr; run_com &rArr; from_HOME_to_YPJ &rArr; move_XY_w_v_end &rArr; move_Ve &rArr; move_3para &rArr; xxx_print_log_f &rArr; vsnprintf &rArr; _printf_char_common &rArr; __printf
</UL>
<BR>[Calls]<UL><LI><a href="#[24e]">&gt;&gt;</a>&nbsp;&nbsp;&nbsp;run_blue
</UL>
<BR>[Address Reference Count : 1]<UL><LI> application.o(miniCMDcommands)
</UL>
<P><STRONG><a name="[ab]"></a>x___run_red_miniCMD_agentFun</STRONG> (Thumb, 8 bytes, Stack size 0 bytes, application.o(i.x___run_red_miniCMD_agentFun))
<BR><BR>[Stack]<UL><LI>Max Depth = 376 + Unknown Stack Size
<LI>Call Chain = x___run_red_miniCMD_agentFun &rArr; run_red &rArr; run_com &rArr; from_HOME_to_YPJ &rArr; move_XY_w_v_end &rArr; move_Ve &rArr; move_3para &rArr; xxx_print_log_f &rArr; vsnprintf &rArr; _printf_char_common &rArr; __printf
</UL>
<BR>[Calls]<UL><LI><a href="#[251]">&gt;&gt;</a>&nbsp;&nbsp;&nbsp;run_red
</UL>
<BR>[Address Reference Count : 1]<UL><LI> application.o(miniCMDcommands)
</UL>
<P><STRONG><a name="[ad]"></a>x___CK_ready_miniCMD_agentFun</STRONG> (Thumb, 8 bytes, Stack size 0 bytes, application_ck.o(i.x___CK_ready_miniCMD_agentFun))
<BR><BR>[Stack]<UL><LI>Max Depth = 248<LI>Call Chain = x___CK_ready_miniCMD_agentFun &rArr; CK_ready &rArr; find_line &rArr; keep_line &rArr; set_Angle_enable &rArr; xxx_print_log &rArr; xQueueGenericSend &rArr; xTaskResumeAll &rArr; xTaskIncrementTick
</UL>
<BR>[Calls]<UL><LI><a href="#[13b]">&gt;&gt;</a>&nbsp;&nbsp;&nbsp;CK_ready
</UL>
<BR>[Address Reference Count : 1]<UL><LI> application_ck.o(miniCMDcommands)
</UL>
<P><STRONG><a name="[ae]"></a>x___CK_run_miniCMD_agentFun</STRONG> (Thumb, 82 bytes, Stack size 0 bytes, application_ck.o(i.x___CK_run_miniCMD_agentFun))
<BR><BR>[Stack]<UL><LI>Max Depth = 360 + Unknown Stack Size
<LI>Call Chain = x___CK_run_miniCMD_agentFun &rArr; CK_run &rArr; CK_dump &rArr; move_w &rArr; move &rArr; move_Ve &rArr; move_3para &rArr; xxx_print_log_f &rArr; vsnprintf &rArr; _printf_char_common &rArr; __printf
</UL>
<BR>[Calls]<UL><LI><a href="#[13d]">&gt;&gt;</a>&nbsp;&nbsp;&nbsp;CK_run
</UL>
<BR>[Address Reference Count : 1]<UL><LI> application_ck.o(miniCMDcommands)
</UL>
<P><STRONG><a name="[b0]"></a>x___CalibrateAngle_super_miniCMD_agentFun</STRONG> (Thumb, 8 bytes, Stack size 0 bytes, application_common.o(i.x___CalibrateAngle_super_miniCMD_agentFun))
<BR><BR>[Stack]<UL><LI>Max Depth = 208<LI>Call Chain = x___CalibrateAngle_super_miniCMD_agentFun &rArr; CalibrateAngle_super &rArr; set_speed_xyZ &rArr; set_Angle_enable &rArr; xxx_print_log &rArr; xQueueGenericSend &rArr; xTaskResumeAll &rArr; xTaskIncrementTick
</UL>
<BR>[Calls]<UL><LI><a href="#[13e]">&gt;&gt;</a>&nbsp;&nbsp;&nbsp;CalibrateAngle_super
</UL>
<BR>[Address Reference Count : 1]<UL><LI> application_common.o(miniCMDcommands)
</UL>
<P><STRONG><a name="[af]"></a>x___find_line_miniCMD_agentFun</STRONG> (Thumb, 78 bytes, Stack size 0 bytes, application_common.o(i.x___find_line_miniCMD_agentFun))
<BR><BR>[Stack]<UL><LI>Max Depth = 248<LI>Call Chain = x___find_line_miniCMD_agentFun &rArr; find_line &rArr; keep_line &rArr; set_Angle_enable &rArr; xxx_print_log &rArr; xQueueGenericSend &rArr; xTaskResumeAll &rArr; xTaskIncrementTick
</UL>
<BR>[Calls]<UL><LI><a href="#[13c]">&gt;&gt;</a>&nbsp;&nbsp;&nbsp;find_line
</UL>
<BR>[Address Reference Count : 1]<UL><LI> application_common.o(miniCMDcommands)
</UL>
<P><STRONG><a name="[b1]"></a>x___keep_line_allTime_miniCMD_agentFun</STRONG> (Thumb, 58 bytes, Stack size 0 bytes, application_common.o(i.x___keep_line_allTime_miniCMD_agentFun))
<BR><BR>[Stack]<UL><LI>Max Depth = 216<LI>Call Chain = x___keep_line_allTime_miniCMD_agentFun &rArr; keep_line_allTime &rArr; keep_line &rArr; set_Angle_enable &rArr; xxx_print_log &rArr; xQueueGenericSend &rArr; xTaskResumeAll &rArr; xTaskIncrementTick
</UL>
<BR>[Calls]<UL><LI><a href="#[21a]">&gt;&gt;</a>&nbsp;&nbsp;&nbsp;keep_line_allTime
</UL>
<BR>[Address Reference Count : 1]<UL><LI> application_common.o(miniCMDcommands)
</UL>
<P><STRONG><a name="[b2]"></a>x___HOME_run_miniCMD_agentFun</STRONG> (Thumb, 8 bytes, Stack size 0 bytes, application_home.o(i.x___HOME_run_miniCMD_agentFun))
<BR><BR>[Stack]<UL><LI>Max Depth = 344 + Unknown Stack Size
<LI>Call Chain = x___HOME_run_miniCMD_agentFun &rArr; HOME_run &rArr; move_w &rArr; move &rArr; move_Ve &rArr; move_3para &rArr; xxx_print_log_f &rArr; vsnprintf &rArr; _printf_char_common &rArr; __printf
</UL>
<BR>[Calls]<UL><LI><a href="#[19b]">&gt;&gt;</a>&nbsp;&nbsp;&nbsp;HOME_run
</UL>
<BR>[Address Reference Count : 1]<UL><LI> application_home.o(miniCMDcommands)
</UL>
<P><STRONG><a name="[14d]"></a>GET_it</STRONG> (Thumb, 110 bytes, Stack size 16 bytes, application_jt.o(i.GET_it))
<BR><BR>[Stack]<UL><LI>Max Depth = 320 + Unknown Stack Size
<LI>Call Chain = GET_it &rArr; move &rArr; move_Ve &rArr; move_3para &rArr; xxx_print_log_f &rArr; vsnprintf &rArr; _printf_char_common &rArr; __printf
</UL>
<BR>[Calls]<UL><LI><a href="#[138]">&gt;&gt;</a>&nbsp;&nbsp;&nbsp;servo_action_w
<LI><a href="#[144]">&gt;&gt;</a>&nbsp;&nbsp;&nbsp;xxx_print_log
<LI><a href="#[14e]">&gt;&gt;</a>&nbsp;&nbsp;&nbsp;wait_online
<LI><a href="#[151]">&gt;&gt;</a>&nbsp;&nbsp;&nbsp;auto_arm_scan
<LI><a href="#[14f]">&gt;&gt;</a>&nbsp;&nbsp;&nbsp;JT_Track_stop
<LI><a href="#[152]">&gt;&gt;</a>&nbsp;&nbsp;&nbsp;JT_Track_start
<LI><a href="#[135]">&gt;&gt;</a>&nbsp;&nbsp;&nbsp;set_speed_xy
<LI><a href="#[150]">&gt;&gt;</a>&nbsp;&nbsp;&nbsp;move
</UL>
<BR>[Called By]<UL><LI><a href="#[1a6]">&gt;&gt;</a>&nbsp;&nbsp;&nbsp;JT_scan
</UL>

<P><STRONG><a name="[151]"></a>auto_arm_scan</STRONG> (Thumb, 28 bytes, Stack size 8 bytes, application_jt.o(i.auto_arm_scan))
<BR><BR>[Stack]<UL><LI>Max Depth = 224 + Unknown Stack Size
<LI>Call Chain = auto_arm_scan &rArr; servo_action_w &rArr; servo_action &rArr; uart_send_action &rArr; xxx_print_log_f &rArr; vsnprintf &rArr; _printf_char_common &rArr; __printf
</UL>
<BR>[Calls]<UL><LI><a href="#[138]">&gt;&gt;</a>&nbsp;&nbsp;&nbsp;servo_action_w
<LI><a href="#[135]">&gt;&gt;</a>&nbsp;&nbsp;&nbsp;set_speed_xy
</UL>
<BR>[Called By]<UL><LI><a href="#[1a6]">&gt;&gt;</a>&nbsp;&nbsp;&nbsp;JT_scan
<LI><a href="#[1a3]">&gt;&gt;</a>&nbsp;&nbsp;&nbsp;height_switch_processer
<LI><a href="#[14d]">&gt;&gt;</a>&nbsp;&nbsp;&nbsp;GET_it
</UL>

<P><STRONG><a name="[1a3]"></a>height_switch_processer</STRONG> (Thumb, 110 bytes, Stack size 8 bytes, application_jt.o(i.height_switch_processer))
<BR><BR>[Stack]<UL><LI>Max Depth = 232 + Unknown Stack Size
<LI>Call Chain = height_switch_processer &rArr; auto_arm_scan &rArr; servo_action_w &rArr; servo_action &rArr; uart_send_action &rArr; xxx_print_log_f &rArr; vsnprintf &rArr; _printf_char_common &rArr; __printf
</UL>
<BR>[Calls]<UL><LI><a href="#[1a8]">&gt;&gt;</a>&nbsp;&nbsp;&nbsp;openMV_clear_data
<LI><a href="#[149]">&gt;&gt;</a>&nbsp;&nbsp;&nbsp;xxx_print_log_f
<LI><a href="#[151]">&gt;&gt;</a>&nbsp;&nbsp;&nbsp;auto_arm_scan
<LI><a href="#[130]">&gt;&gt;</a>&nbsp;&nbsp;&nbsp;set_speed_x
<LI><a href="#[134]">&gt;&gt;</a>&nbsp;&nbsp;&nbsp;get_odom_X_abs
</UL>
<BR>[Called By]<UL><LI><a href="#[1a6]">&gt;&gt;</a>&nbsp;&nbsp;&nbsp;JT_scan
<LI><a href="#[1a2]">&gt;&gt;</a>&nbsp;&nbsp;&nbsp;JT_positioning
</UL>

<P><STRONG><a name="[14e]"></a>wait_online</STRONG> (Thumb, 48 bytes, Stack size 16 bytes, application_jt.o(i.wait_online))
<BR><BR>[Stack]<UL><LI>Max Depth = 160<LI>Call Chain = wait_online &rArr; set_speed_x &rArr; xQueueGiveMutexRecursive &rArr; xQueueGenericSend &rArr; xTaskResumeAll &rArr; xTaskIncrementTick
</UL>
<BR>[Calls]<UL><LI><a href="#[12e]">&gt;&gt;</a>&nbsp;&nbsp;&nbsp;osDelay
<LI><a href="#[140]">&gt;&gt;</a>&nbsp;&nbsp;&nbsp;xTaskGetTickCount
<LI><a href="#[152]">&gt;&gt;</a>&nbsp;&nbsp;&nbsp;JT_Track_start
<LI><a href="#[130]">&gt;&gt;</a>&nbsp;&nbsp;&nbsp;set_speed_x
</UL>
<BR>[Called By]<UL><LI><a href="#[14d]">&gt;&gt;</a>&nbsp;&nbsp;&nbsp;GET_it
</UL>

<P><STRONG><a name="[b3]"></a>x___JT_positioning_miniCMD_agentFun</STRONG> (Thumb, 16 bytes, Stack size 8 bytes, application_jt.o(i.x___JT_positioning_miniCMD_agentFun))
<BR><BR>[Stack]<UL><LI>Max Depth = 280 + Unknown Stack Size
<LI>Call Chain = x___JT_positioning_miniCMD_agentFun &rArr; JT_positioning &rArr; height_switch_processer &rArr; auto_arm_scan &rArr; servo_action_w &rArr; servo_action &rArr; uart_send_action &rArr; xxx_print_log_f &rArr; vsnprintf &rArr; _printf_char_common &rArr; __printf
</UL>
<BR>[Calls]<UL><LI><a href="#[1a2]">&gt;&gt;</a>&nbsp;&nbsp;&nbsp;JT_positioning
</UL>
<BR>[Address Reference Count : 1]<UL><LI> application_jt.o(miniCMDcommands)
</UL>
<P><STRONG><a name="[b5]"></a>x___JT_ready_miniCMD_agentFun</STRONG> (Thumb, 8 bytes, Stack size 0 bytes, application_jt.o(i.x___JT_ready_miniCMD_agentFun))
<BR><BR>[Stack]<UL><LI>Max Depth = 264<LI>Call Chain = x___JT_ready_miniCMD_agentFun &rArr; JT_ready &rArr; find_line &rArr; keep_line &rArr; set_Angle_enable &rArr; xxx_print_log &rArr; xQueueGenericSend &rArr; xTaskResumeAll &rArr; xTaskIncrementTick
</UL>
<BR>[Calls]<UL><LI><a href="#[1a4]">&gt;&gt;</a>&nbsp;&nbsp;&nbsp;JT_ready
</UL>
<BR>[Address Reference Count : 1]<UL><LI> application_jt.o(miniCMDcommands)
</UL>
<P><STRONG><a name="[b6]"></a>x___JT_run_miniCMD_agentFun</STRONG> (Thumb, 8 bytes, Stack size 0 bytes, application_jt.o(i.x___JT_run_miniCMD_agentFun))
<BR><BR>[Stack]<UL><LI>Max Depth = 352 + Unknown Stack Size
<LI>Call Chain = x___JT_run_miniCMD_agentFun &rArr; JT_run &rArr; JT_scan &rArr; GET_it &rArr; move &rArr; move_Ve &rArr; move_3para &rArr; xxx_print_log_f &rArr; vsnprintf &rArr; _printf_char_common &rArr; __printf
</UL>
<BR>[Calls]<UL><LI><a href="#[1a5]">&gt;&gt;</a>&nbsp;&nbsp;&nbsp;JT_run
</UL>
<BR>[Address Reference Count : 1]<UL><LI> application_jt.o(miniCMDcommands)
</UL>
<P><STRONG><a name="[b4]"></a>x___JT_scan_miniCMD_agentFun</STRONG> (Thumb, 8 bytes, Stack size 0 bytes, application_jt.o(i.x___JT_scan_miniCMD_agentFun))
<BR><BR>[Stack]<UL><LI>Max Depth = 344 + Unknown Stack Size
<LI>Call Chain = x___JT_scan_miniCMD_agentFun &rArr; JT_scan &rArr; GET_it &rArr; move &rArr; move_Ve &rArr; move_3para &rArr; xxx_print_log_f &rArr; vsnprintf &rArr; _printf_char_common &rArr; __printf
</UL>
<BR>[Calls]<UL><LI><a href="#[1a6]">&gt;&gt;</a>&nbsp;&nbsp;&nbsp;JT_scan
</UL>
<BR>[Address Reference Count : 1]<UL><LI> application_jt.o(miniCMDcommands)
</UL>
<P><STRONG><a name="[b7]"></a>x___LZ_run_miniCMD_agentFun</STRONG> (Thumb, 8 bytes, Stack size 0 bytes, application_lz.o(i.x___LZ_run_miniCMD_agentFun))
<BR><BR>[Stack]<UL><LI>Max Depth = 312 + Unknown Stack Size
<LI>Call Chain = x___LZ_run_miniCMD_agentFun &rArr; LZ_run &rArr; LZ_scan &rArr; LZ_positioning &rArr; set_speed_xyZ &rArr; set_Angle_enable &rArr; xxx_print_log &rArr; xQueueGenericSend &rArr; xTaskResumeAll &rArr; xTaskIncrementTick
</UL>
<BR>[Calls]<UL><LI><a href="#[1b1]">&gt;&gt;</a>&nbsp;&nbsp;&nbsp;LZ_run
</UL>
<BR>[Address Reference Count : 1]<UL><LI> application_lz.o(miniCMDcommands)
</UL>
<P><STRONG><a name="[bb]"></a>x___from_BZ_to_JT_miniCMD_agentFun</STRONG> (Thumb, 8 bytes, Stack size 0 bytes, application_route.o(i.x___from_BZ_to_JT_miniCMD_agentFun))
<BR><BR>[Stack]<UL><LI>Max Depth = 360 + Unknown Stack Size
<LI>Call Chain = x___from_BZ_to_JT_miniCMD_agentFun &rArr; from_BZ_to_JT &rArr; move_XY_w &rArr; move &rArr; move_Ve &rArr; move_3para &rArr; xxx_print_log_f &rArr; vsnprintf &rArr; _printf_char_common &rArr; __printf
</UL>
<BR>[Calls]<UL><LI><a href="#[20e]">&gt;&gt;</a>&nbsp;&nbsp;&nbsp;from_BZ_to_JT
</UL>
<BR>[Address Reference Count : 1]<UL><LI> application_route.o(miniCMDcommands)
</UL>
<P><STRONG><a name="[b9]"></a>x___from_CK_to_HOME_miniCMD_agentFun</STRONG> (Thumb, 8 bytes, Stack size 0 bytes, application_route.o(i.x___from_CK_to_HOME_miniCMD_agentFun))
<BR><BR>[Stack]<UL><LI>Max Depth = 352 + Unknown Stack Size
<LI>Call Chain = x___from_CK_to_HOME_miniCMD_agentFun &rArr; from_CK_to_HOME &rArr; move_XY_w &rArr; move &rArr; move_Ve &rArr; move_3para &rArr; xxx_print_log_f &rArr; vsnprintf &rArr; _printf_char_common &rArr; __printf
</UL>
<BR>[Calls]<UL><LI><a href="#[211]">&gt;&gt;</a>&nbsp;&nbsp;&nbsp;from_CK_to_HOME
</UL>
<BR>[Address Reference Count : 1]<UL><LI> application_route.o(miniCMDcommands)
</UL>
<P><STRONG><a name="[b8]"></a>x___from_HOME_to_YPJ_miniCMD_agentFun</STRONG> (Thumb, 8 bytes, Stack size 0 bytes, application_route.o(i.x___from_HOME_to_YPJ_miniCMD_agentFun))
<BR><BR>[Stack]<UL><LI>Max Depth = 360 + Unknown Stack Size
<LI>Call Chain = x___from_HOME_to_YPJ_miniCMD_agentFun &rArr; from_HOME_to_YPJ &rArr; move_XY_w_v_end &rArr; move_Ve &rArr; move_3para &rArr; xxx_print_log_f &rArr; vsnprintf &rArr; _printf_char_common &rArr; __printf
</UL>
<BR>[Calls]<UL><LI><a href="#[212]">&gt;&gt;</a>&nbsp;&nbsp;&nbsp;from_HOME_to_YPJ
</UL>
<BR>[Address Reference Count : 1]<UL><LI> application_route.o(miniCMDcommands)
</UL>
<P><STRONG><a name="[bd]"></a>x___from_JT_to_LZ_miniCMD_agentFun</STRONG> (Thumb, 8 bytes, Stack size 0 bytes, application_route.o(i.x___from_JT_to_LZ_miniCMD_agentFun))
<BR><BR>[Stack]<UL><LI>Max Depth = 352 + Unknown Stack Size
<LI>Call Chain = x___from_JT_to_LZ_miniCMD_agentFun &rArr; from_JT_to_LZ &rArr; move_XY_w &rArr; move &rArr; move_Ve &rArr; move_3para &rArr; xxx_print_log_f &rArr; vsnprintf &rArr; _printf_char_common &rArr; __printf
</UL>
<BR>[Calls]<UL><LI><a href="#[215]">&gt;&gt;</a>&nbsp;&nbsp;&nbsp;from_JT_to_LZ
</UL>
<BR>[Address Reference Count : 1]<UL><LI> application_route.o(miniCMDcommands)
</UL>
<P><STRONG><a name="[bc]"></a>x___from_LZ_to_CK_miniCMD_agentFun</STRONG> (Thumb, 8 bytes, Stack size 0 bytes, application_route.o(i.x___from_LZ_to_CK_miniCMD_agentFun))
<BR><BR>[Stack]<UL><LI>Max Depth = 352 + Unknown Stack Size
<LI>Call Chain = x___from_LZ_to_CK_miniCMD_agentFun &rArr; from_LZ_to_CK &rArr; move_XY_w &rArr; move &rArr; move_Ve &rArr; move_3para &rArr; xxx_print_log_f &rArr; vsnprintf &rArr; _printf_char_common &rArr; __printf
</UL>
<BR>[Calls]<UL><LI><a href="#[216]">&gt;&gt;</a>&nbsp;&nbsp;&nbsp;from_LZ_to_CK
</UL>
<BR>[Address Reference Count : 1]<UL><LI> application_route.o(miniCMDcommands)
</UL>
<P><STRONG><a name="[ba]"></a>x___from_YPJ_to_BZ_miniCMD_agentFun</STRONG> (Thumb, 8 bytes, Stack size 0 bytes, application_route.o(i.x___from_YPJ_to_BZ_miniCMD_agentFun))
<BR><BR>[Stack]<UL><LI>Max Depth = 352 + Unknown Stack Size
<LI>Call Chain = x___from_YPJ_to_BZ_miniCMD_agentFun &rArr; from_YPJ_to_BZ &rArr; move_XY_w &rArr; move &rArr; move_Ve &rArr; move_3para &rArr; xxx_print_log_f &rArr; vsnprintf &rArr; _printf_char_common &rArr; __printf
</UL>
<BR>[Calls]<UL><LI><a href="#[217]">&gt;&gt;</a>&nbsp;&nbsp;&nbsp;from_YPJ_to_BZ
</UL>
<BR>[Address Reference Count : 1]<UL><LI> application_route.o(miniCMDcommands)
</UL>
<P><STRONG><a name="[1f4]"></a>find_ender</STRONG> (Thumb, 100 bytes, Stack size 32 bytes, application_ypj.o(i.find_ender))
<BR><BR>[Stack]<UL><LI>Max Depth = 248<LI>Call Chain = find_ender &rArr; keep_line &rArr; set_Angle_enable &rArr; xxx_print_log &rArr; xQueueGenericSend &rArr; xTaskResumeAll &rArr; xTaskIncrementTick
</UL>
<BR>[Calls]<UL><LI><a href="#[140]">&gt;&gt;</a>&nbsp;&nbsp;&nbsp;xTaskGetTickCount
<LI><a href="#[13a]">&gt;&gt;</a>&nbsp;&nbsp;&nbsp;is_site
<LI><a href="#[131]">&gt;&gt;</a>&nbsp;&nbsp;&nbsp;keep_line
<LI><a href="#[135]">&gt;&gt;</a>&nbsp;&nbsp;&nbsp;set_speed_xy
<LI><a href="#[130]">&gt;&gt;</a>&nbsp;&nbsp;&nbsp;set_speed_x
</UL>
<BR>[Called By]<UL><LI><a href="#[1f3]">&gt;&gt;</a>&nbsp;&nbsp;&nbsp;YPJ_ready
</UL>

<P><STRONG><a name="[be]"></a>x___YPJ_ready_miniCMD_agentFun</STRONG> (Thumb, 8 bytes, Stack size 0 bytes, application_ypj.o(i.x___YPJ_ready_miniCMD_agentFun))
<BR><BR>[Stack]<UL><LI>Max Depth = 280 + Unknown Stack Size
<LI>Call Chain = x___YPJ_ready_miniCMD_agentFun &rArr; YPJ_ready &rArr; find_ender &rArr; keep_line &rArr; set_Angle_enable &rArr; xxx_print_log &rArr; xQueueGenericSend &rArr; xTaskResumeAll &rArr; xTaskIncrementTick
</UL>
<BR>[Calls]<UL><LI><a href="#[1f3]">&gt;&gt;</a>&nbsp;&nbsp;&nbsp;YPJ_ready
</UL>
<BR>[Address Reference Count : 1]<UL><LI> application_ypj.o(miniCMDcommands)
</UL>
<P><STRONG><a name="[c0]"></a>x___YPJ_run_miniCMD_agentFun</STRONG> (Thumb, 8 bytes, Stack size 0 bytes, application_ypj.o(i.x___YPJ_run_miniCMD_agentFun))
<BR><BR>[Stack]<UL><LI>Max Depth = 288 + Unknown Stack Size
<LI>Call Chain = x___YPJ_run_miniCMD_agentFun &rArr; YPJ_run &rArr; YPJ_ready &rArr; find_ender &rArr; keep_line &rArr; set_Angle_enable &rArr; xxx_print_log &rArr; xQueueGenericSend &rArr; xTaskResumeAll &rArr; xTaskIncrementTick
</UL>
<BR>[Calls]<UL><LI><a href="#[1f7]">&gt;&gt;</a>&nbsp;&nbsp;&nbsp;YPJ_run
</UL>
<BR>[Address Reference Count : 1]<UL><LI> application_ypj.o(miniCMDcommands)
</UL>
<P><STRONG><a name="[bf]"></a>x___YPJ_scan_miniCMD_agentFun</STRONG> (Thumb, 8 bytes, Stack size 0 bytes, application_ypj.o(i.x___YPJ_scan_miniCMD_agentFun))
<BR><BR>[Stack]<UL><LI>Max Depth = 256 + Unknown Stack Size
<LI>Call Chain = x___YPJ_scan_miniCMD_agentFun &rArr; YPJ_scan &rArr; servo_action_w &rArr; servo_action &rArr; uart_send_action &rArr; xxx_print_log_f &rArr; vsnprintf &rArr; _printf_char_common &rArr; __printf
</UL>
<BR>[Calls]<UL><LI><a href="#[1f8]">&gt;&gt;</a>&nbsp;&nbsp;&nbsp;YPJ_scan
</UL>
<BR>[Address Reference Count : 1]<UL><LI> application_ypj.o(miniCMDcommands)
</UL>
<P><STRONG><a name="[20c]"></a>decodeCMD</STRONG> (Thumb, 444 bytes, Stack size 32 bytes, minicmd.o(i.decodeCMD))
<BR><BR>[Stack]<UL><LI>Max Depth = 52<LI>Call Chain = decodeCMD &rArr; decode_one_para
</UL>
<BR>[Calls]<UL><LI><a href="#[20d]">&gt;&gt;</a>&nbsp;&nbsp;&nbsp;decode_one_para
</UL>
<BR>[Called By]<UL><LI><a href="#[1cb]">&gt;&gt;</a>&nbsp;&nbsp;&nbsp;miniCMD_run
</UL>

<P><STRONG><a name="[20d]"></a>decode_one_para</STRONG> (Thumb, 194 bytes, Stack size 20 bytes, minicmd.o(i.decode_one_para))
<BR><BR>[Stack]<UL><LI>Max Depth = 20<LI>Call Chain = decode_one_para
</UL>
<BR>[Called By]<UL><LI><a href="#[20c]">&gt;&gt;</a>&nbsp;&nbsp;&nbsp;decodeCMD
</UL>

<P><STRONG><a name="[c1]"></a>x___help_miniCMD_agentFun</STRONG> (Thumb, 54 bytes, Stack size 24 bytes, minicmd.o(i.x___help_miniCMD_agentFun))
<BR><BR>[Stack]<UL><LI>Max Depth = 184 + Unknown Stack Size
<LI>Call Chain = x___help_miniCMD_agentFun &rArr; xxx_print_log_f &rArr; vsnprintf &rArr; _printf_char_common &rArr; __printf
</UL>
<BR>[Calls]<UL><LI><a href="#[149]">&gt;&gt;</a>&nbsp;&nbsp;&nbsp;xxx_print_log_f
</UL>
<BR>[Address Reference Count : 1]<UL><LI> minicmd.o(miniCMDcommands)
</UL>
<P><STRONG><a name="[77]"></a>_printf_input_char</STRONG> (Thumb, 10 bytes, Stack size 0 bytes, _printf_char_common.o(.text))
<BR>[Address Reference Count : 1]<UL><LI> _printf_char_common.o(.text)
</UL>
<P><STRONG><a name="[115]"></a>_fp_digits</STRONG> (Thumb, 432 bytes, Stack size 96 bytes, _printf_fp_dec.o(.text))
<BR><BR>[Stack]<UL><LI>Max Depth = 220<LI>Call Chain = _fp_digits &rArr; _btod_etento &rArr; _btod_emul &rArr; _e2e
</UL>
<BR>[Calls]<UL><LI><a href="#[119]">&gt;&gt;</a>&nbsp;&nbsp;&nbsp;_btod_emul
<LI><a href="#[118]">&gt;&gt;</a>&nbsp;&nbsp;&nbsp;_btod_ediv
<LI><a href="#[117]">&gt;&gt;</a>&nbsp;&nbsp;&nbsp;_btod_d2e
<LI><a href="#[116]">&gt;&gt;</a>&nbsp;&nbsp;&nbsp;_btod_etento
<LI><a href="#[10e]">&gt;&gt;</a>&nbsp;&nbsp;&nbsp;_ll_udiv10
</UL>
<BR>[Called By]<UL><LI><a href="#[11a]">&gt;&gt;</a>&nbsp;&nbsp;&nbsp;_printf_fp_dec_real
</UL>
<P>
<H3>
Undefined Global Symbols
</H3><HR></body></html>
